[16:46:06] [WARN] Expected conda env 'vlm_ftune', current env is 'base'.
[16:46:06] Starting robust FGSM OCR recovery run
[16:46:06] Image dir: dataset/val2017
[16:46:06] Images requested: 10
[16:46:06] Device: cpu, dtype: torch.float32
[16:46:06] Model: microsoft/Florence-2-base @ refs/pr/26
[16:46:06] FGSM eps: 0.03
[16:46:32] Starting robust FGSM OCR recovery run
[16:46:32] Image dir: dataset/val2017
[16:46:32] Images requested: 10
[16:46:32] Device: cpu, dtype: torch.float32
[16:46:32] Model: microsoft/Florence-2-base @ refs/pr/26
[16:46:32] FGSM eps: 0.03
[16:47:01] Starting robust FGSM OCR recovery run
[16:47:01] Image dir: dataset/val2017
[16:47:01] Images requested: 10
[16:47:01] Device: cuda:0, dtype: torch.float16
[16:47:01] Model: microsoft/Florence-2-base @ refs/pr/26
[16:47:01] FGSM eps: 0.03
[16:47:53] Pending images this run: 10
[16:48:06] Progress 10/10 this run | total_done=10 | attacked_avg=0.5429 | elapsed=0.2 min
[16:48:06] Saved summary: results_fgsm_florence2_ocr_robust/summary.json
[16:48:06] Saved state: results_fgsm_florence2_ocr_robust/state.json
[16:48:06] Saved failed-image log: results_fgsm_florence2_ocr_robust/failed_images.json
[16:48:33] Starting robust FGSM OCR recovery run
[16:48:33] Image dir: dataset/val2017
[16:48:33] Images requested: 1000
[16:48:33] Device: cuda:0, dtype: torch.float16
[16:48:33] Model: microsoft/Florence-2-base @ refs/pr/26
[16:48:33] FGSM eps: 0.03
[16:49:27] Resuming with 10 already processed images.
[16:49:27] Pending images this run: 990
[16:49:44] Progress 10/990 this run | total_done=20 | attacked_avg=0.4312 | elapsed=0.3 min
[16:49:59] Progress 20/990 this run | total_done=30 | attacked_avg=0.3909 | elapsed=0.5 min
[16:50:16] Progress 30/990 this run | total_done=40 | attacked_avg=0.4288 | elapsed=0.8 min
[16:50:37] Progress 40/990 this run | total_done=50 | attacked_avg=0.4203 | elapsed=1.2 min
[16:51:01] Progress 50/990 this run | total_done=60 | attacked_avg=0.3981 | elapsed=1.6 min
[16:51:26] Progress 60/990 this run | total_done=70 | attacked_avg=0.4163 | elapsed=2.0 min
[16:51:48] Progress 70/990 this run | total_done=80 | attacked_avg=0.3995 | elapsed=2.4 min
[16:52:22] Progress 80/990 this run | total_done=90 | attacked_avg=0.3960 | elapsed=2.9 min
[16:52:45] Progress 90/990 this run | total_done=100 | attacked_avg=0.3805 | elapsed=3.3 min
[16:53:09] Progress 100/990 this run | total_done=110 | attacked_avg=0.3558 | elapsed=3.7 min
[16:53:38] Progress 110/990 this run | total_done=120 | attacked_avg=0.3518 | elapsed=4.2 min
[16:54:05] Progress 120/990 this run | total_done=130 | attacked_avg=0.3535 | elapsed=4.6 min
[16:54:28] Progress 130/990 this run | total_done=140 | attacked_avg=0.3489 | elapsed=5.0 min
[16:54:51] Progress 140/990 this run | total_done=150 | attacked_avg=0.3375 | elapsed=5.4 min
[16:55:17] Progress 150/990 this run | total_done=160 | attacked_avg=0.3348 | elapsed=5.8 min
[16:55:43] Progress 160/990 this run | total_done=170 | attacked_avg=0.3351 | elapsed=6.3 min
[16:56:16] Progress 170/990 this run | total_done=180 | attacked_avg=0.3434 | elapsed=6.8 min
[16:56:40] Progress 180/990 this run | total_done=190 | attacked_avg=0.3376 | elapsed=7.2 min
[16:57:04] Progress 190/990 this run | total_done=200 | attacked_avg=0.3307 | elapsed=7.6 min
[16:57:29] Progress 200/990 this run | total_done=210 | attacked_avg=0.3248 | elapsed=8.0 min
[16:57:53] Progress 210/990 this run | total_done=220 | attacked_avg=0.3234 | elapsed=8.4 min
[16:58:19] Progress 220/990 this run | total_done=230 | attacked_avg=0.3175 | elapsed=8.9 min
[16:58:45] Progress 230/990 this run | total_done=240 | attacked_avg=0.3179 | elapsed=9.3 min
[16:59:10] Progress 240/990 this run | total_done=250 | attacked_avg=0.3164 | elapsed=9.7 min
[16:59:35] Progress 250/990 this run | total_done=260 | attacked_avg=0.3123 | elapsed=10.1 min
[16:59:59] Progress 260/990 this run | total_done=270 | attacked_avg=0.3143 | elapsed=10.5 min
[17:00:27] Progress 270/990 this run | total_done=280 | attacked_avg=0.3131 | elapsed=11.0 min
[17:00:53] Progress 280/990 this run | total_done=290 | attacked_avg=0.3208 | elapsed=11.4 min
[17:01:16] Progress 290/990 this run | total_done=300 | attacked_avg=0.3185 | elapsed=11.8 min
[17:01:40] Progress 300/990 this run | total_done=310 | attacked_avg=0.3257 | elapsed=12.2 min
[17:02:04] Progress 310/990 this run | total_done=320 | attacked_avg=0.3306 | elapsed=12.6 min
[17:02:32] Progress 320/990 this run | total_done=330 | attacked_avg=0.3322 | elapsed=13.1 min
[17:02:59] Progress 330/990 this run | total_done=340 | attacked_avg=0.3334 | elapsed=13.5 min
[17:03:23] Progress 340/990 this run | total_done=350 | attacked_avg=0.3316 | elapsed=13.9 min
[17:03:50] Progress 350/990 this run | total_done=360 | attacked_avg=0.3317 | elapsed=14.4 min
[17:04:21] Progress 360/990 this run | total_done=370 | attacked_avg=0.3271 | elapsed=14.9 min
[17:04:47] Progress 370/990 this run | total_done=380 | attacked_avg=0.3316 | elapsed=15.3 min
[17:05:11] Progress 380/990 this run | total_done=390 | attacked_avg=0.3349 | elapsed=15.7 min
[17:05:34] Progress 390/990 this run | total_done=400 | attacked_avg=0.3314 | elapsed=16.1 min
[17:05:56] Progress 400/990 this run | total_done=410 | attacked_avg=0.3333 | elapsed=16.5 min
[17:06:22] Progress 410/990 this run | total_done=420 | attacked_avg=0.3288 | elapsed=16.9 min
[17:06:44] Progress 420/990 this run | total_done=430 | attacked_avg=0.3241 | elapsed=17.3 min
[17:07:29] Progress 430/990 this run | total_done=440 | attacked_avg=0.3229 | elapsed=18.0 min
[17:07:55] Progress 440/990 this run | total_done=450 | attacked_avg=0.3206 | elapsed=18.5 min
[17:08:20] Progress 450/990 this run | total_done=460 | attacked_avg=0.3202 | elapsed=18.9 min
[17:08:44] Progress 460/990 this run | total_done=470 | attacked_avg=0.3215 | elapsed=19.3 min
[17:09:10] Progress 470/990 this run | total_done=480 | attacked_avg=0.3241 | elapsed=19.7 min
[17:09:33] Progress 480/990 this run | total_done=490 | attacked_avg=0.3213 | elapsed=20.1 min
[17:09:55] Progress 490/990 this run | total_done=500 | attacked_avg=0.3192 | elapsed=20.5 min
[17:10:17] Progress 500/990 this run | total_done=510 | attacked_avg=0.3200 | elapsed=20.8 min
[17:10:41] Progress 510/990 this run | total_done=520 | attacked_avg=0.3205 | elapsed=21.2 min
[17:11:09] Progress 520/990 this run | total_done=530 | attacked_avg=0.3218 | elapsed=21.7 min
[17:11:33] Progress 530/990 this run | total_done=540 | attacked_avg=0.3227 | elapsed=22.1 min
[17:11:56] Progress 540/990 this run | total_done=550 | attacked_avg=0.3224 | elapsed=22.5 min
[17:12:21] Progress 550/990 this run | total_done=560 | attacked_avg=0.3209 | elapsed=22.9 min
[17:12:43] Progress 560/990 this run | total_done=570 | attacked_avg=0.3234 | elapsed=23.3 min
[17:13:04] Progress 570/990 this run | total_done=580 | attacked_avg=0.3237 | elapsed=23.6 min
[17:13:28] Progress 580/990 this run | total_done=590 | attacked_avg=0.3263 | elapsed=24.0 min
[17:13:51] Progress 590/990 this run | total_done=600 | attacked_avg=0.3293 | elapsed=24.4 min
[17:14:18] Progress 600/990 this run | total_done=610 | attacked_avg=0.3281 | elapsed=24.9 min
[17:14:40] Progress 610/990 this run | total_done=620 | attacked_avg=0.3296 | elapsed=25.2 min
[17:15:09] Progress 620/990 this run | total_done=630 | attacked_avg=0.3303 | elapsed=25.7 min
[17:15:36] Progress 630/990 this run | total_done=640 | attacked_avg=0.3323 | elapsed=26.2 min
[17:16:04] Progress 640/990 this run | total_done=650 | attacked_avg=0.3360 | elapsed=26.6 min
[17:16:31] Progress 650/990 this run | total_done=660 | attacked_avg=0.3362 | elapsed=27.1 min
[17:16:56] Progress 660/990 this run | total_done=670 | attacked_avg=0.3366 | elapsed=27.5 min
[17:17:25] Progress 670/990 this run | total_done=680 | attacked_avg=0.3363 | elapsed=28.0 min
[17:17:51] Progress 680/990 this run | total_done=690 | attacked_avg=0.3364 | elapsed=28.4 min
[17:18:18] Progress 690/990 this run | total_done=700 | attacked_avg=0.3354 | elapsed=28.8 min
[17:18:44] Progress 700/990 this run | total_done=710 | attacked_avg=0.3356 | elapsed=29.3 min
[17:19:14] Progress 710/990 this run | total_done=720 | attacked_avg=0.3342 | elapsed=29.8 min
[17:19:42] Progress 720/990 this run | total_done=730 | attacked_avg=0.3338 | elapsed=30.3 min
[17:20:07] Progress 730/990 this run | total_done=740 | attacked_avg=0.3323 | elapsed=30.7 min
[17:20:29] Progress 740/990 this run | total_done=750 | attacked_avg=0.3338 | elapsed=31.0 min
[17:20:57] Progress 750/990 this run | total_done=760 | attacked_avg=0.3361 | elapsed=31.5 min
[17:21:21] Progress 760/990 this run | total_done=770 | attacked_avg=0.3360 | elapsed=31.9 min
[17:21:50] Progress 770/990 this run | total_done=780 | attacked_avg=0.3370 | elapsed=32.4 min
[17:22:15] Progress 780/990 this run | total_done=790 | attacked_avg=0.3375 | elapsed=32.8 min
[17:22:43] Progress 790/990 this run | total_done=800 | attacked_avg=0.3387 | elapsed=33.3 min
[17:23:13] Progress 800/990 this run | total_done=810 | attacked_avg=0.3369 | elapsed=33.8 min
[17:23:38] Progress 810/990 this run | total_done=820 | attacked_avg=0.3370 | elapsed=34.2 min
[17:24:02] Progress 820/990 this run | total_done=830 | attacked_avg=0.3378 | elapsed=34.6 min
[17:24:27] Progress 830/990 this run | total_done=840 | attacked_avg=0.3394 | elapsed=35.0 min
[17:24:49] Progress 840/990 this run | total_done=850 | attacked_avg=0.3382 | elapsed=35.4 min
[17:25:19] Progress 850/990 this run | total_done=860 | attacked_avg=0.3401 | elapsed=35.9 min
[17:25:44] Progress 860/990 this run | total_done=870 | attacked_avg=0.3406 | elapsed=36.3 min
[17:26:07] Progress 870/990 this run | total_done=880 | attacked_avg=0.3385 | elapsed=36.7 min
[17:26:32] Progress 880/990 this run | total_done=890 | attacked_avg=0.3404 | elapsed=37.1 min
[17:26:55] Progress 890/990 this run | total_done=900 | attacked_avg=0.3400 | elapsed=37.5 min
[17:27:21] Progress 900/990 this run | total_done=910 | attacked_avg=0.3415 | elapsed=37.9 min
[17:27:44] Progress 910/990 this run | total_done=920 | attacked_avg=0.3393 | elapsed=38.3 min
[17:28:07] Progress 920/990 this run | total_done=930 | attacked_avg=0.3378 | elapsed=38.7 min
[17:28:38] Progress 930/990 this run | total_done=940 | attacked_avg=0.3383 | elapsed=39.2 min
[17:29:01] Progress 940/990 this run | total_done=950 | attacked_avg=0.3377 | elapsed=39.6 min
[17:29:24] Progress 950/990 this run | total_done=960 | attacked_avg=0.3347 | elapsed=40.0 min
[17:29:47] Progress 960/990 this run | total_done=970 | attacked_avg=0.3337 | elapsed=40.3 min
[17:30:08] Progress 970/990 this run | total_done=980 | attacked_avg=0.3316 | elapsed=40.7 min
[17:30:32] Progress 980/990 this run | total_done=990 | attacked_avg=0.3292 | elapsed=41.1 min
[17:30:57] Progress 990/990 this run | total_done=1000 | attacked_avg=0.3287 | elapsed=41.5 min
[17:30:57] Saved summary: results_fgsm_florence2_ocr_robust/summary.json
[17:30:57] Saved state: results_fgsm_florence2_ocr_robust/state.json
[17:30:57] Saved failed-image log: results_fgsm_florence2_ocr_robust/failed_images.json
