[16:45:27] Starting robust PGD OCR recovery run
[16:45:27] Image dir: dataset/val2017
[16:45:27] Images requested: 10
[16:45:27] Device: cuda:0, dtype: torch.float16
[16:45:27] Model: microsoft/Florence-2-base @ refs/pr/26
[16:45:27] PGD params: eps=0.03, alpha=0.003, steps=10, random_start=True
[16:46:15] Pending images this run: 10
[16:46:39] Progress 10/10 this run | total_done=10 | attacked_avg=0.4301 | elapsed=0.4 min
[16:46:39] Saved summary: results_pgd_florence2_ocr_robust/summary.json
[16:46:39] Saved state: results_pgd_florence2_ocr_robust/state.json
[16:46:39] Saved failed-image log: results_pgd_florence2_ocr_robust/failed_images.json
[16:48:27] Starting robust PGD OCR recovery run
[16:48:27] Image dir: dataset/val2017
[16:48:27] Images requested: 1000
[16:48:27] Device: cuda:0, dtype: torch.float16
[16:48:27] Model: microsoft/Florence-2-base @ refs/pr/26
[16:48:27] PGD params: eps=0.03, alpha=0.003, steps=10, random_start=True
[16:49:20] Resuming with 10 already processed images.
[16:49:20] Pending images this run: 990
[16:49:44] Progress 10/990 this run | total_done=20 | attacked_avg=0.4328 | elapsed=0.4 min
[16:50:05] Progress 20/990 this run | total_done=30 | attacked_avg=0.3896 | elapsed=0.7 min
[16:50:31] Progress 30/990 this run | total_done=40 | attacked_avg=0.3720 | elapsed=1.2 min
[16:51:06] Progress 40/990 this run | total_done=50 | attacked_avg=0.3458 | elapsed=1.8 min
[16:51:39] Progress 50/990 this run | total_done=60 | attacked_avg=0.3426 | elapsed=2.3 min
[16:52:09] Progress 60/990 this run | total_done=70 | attacked_avg=0.3834 | elapsed=2.8 min
[16:52:42] Progress 70/990 this run | total_done=80 | attacked_avg=0.3949 | elapsed=3.4 min
[16:53:23] Progress 80/990 this run | total_done=90 | attacked_avg=0.3818 | elapsed=4.1 min
[16:53:55] Progress 90/990 this run | total_done=100 | attacked_avg=0.3512 | elapsed=4.6 min
[16:54:28] Progress 100/990 this run | total_done=110 | attacked_avg=0.3292 | elapsed=5.1 min
[16:55:06] Progress 110/990 this run | total_done=120 | attacked_avg=0.3318 | elapsed=5.8 min
[16:55:39] Progress 120/990 this run | total_done=130 | attacked_avg=0.3324 | elapsed=6.3 min
[16:56:11] Progress 130/990 this run | total_done=140 | attacked_avg=0.3201 | elapsed=6.8 min
[16:56:44] Progress 140/990 this run | total_done=150 | attacked_avg=0.3104 | elapsed=7.4 min
[16:57:19] Progress 150/990 this run | total_done=160 | attacked_avg=0.3044 | elapsed=8.0 min
[16:57:53] Progress 160/990 this run | total_done=170 | attacked_avg=0.3002 | elapsed=8.5 min
[16:58:32] Progress 170/990 this run | total_done=180 | attacked_avg=0.2946 | elapsed=9.2 min
[16:59:05] Progress 180/990 this run | total_done=190 | attacked_avg=0.2925 | elapsed=9.7 min
[16:59:40] Progress 190/990 this run | total_done=200 | attacked_avg=0.2929 | elapsed=10.3 min
[17:00:12] Progress 200/990 this run | total_done=210 | attacked_avg=0.2896 | elapsed=10.9 min
[17:00:46] Progress 210/990 this run | total_done=220 | attacked_avg=0.2916 | elapsed=11.4 min
[17:01:21] Progress 220/990 this run | total_done=230 | attacked_avg=0.2895 | elapsed=12.0 min
[17:01:54] Progress 230/990 this run | total_done=240 | attacked_avg=0.2839 | elapsed=12.6 min
[17:02:27] Progress 240/990 this run | total_done=250 | attacked_avg=0.2824 | elapsed=13.1 min
[17:03:01] Progress 250/990 this run | total_done=260 | attacked_avg=0.2818 | elapsed=13.7 min
[17:03:34] Progress 260/990 this run | total_done=270 | attacked_avg=0.2810 | elapsed=14.2 min
[17:04:10] Progress 270/990 this run | total_done=280 | attacked_avg=0.2785 | elapsed=14.8 min
[17:04:42] Progress 280/990 this run | total_done=290 | attacked_avg=0.2843 | elapsed=15.4 min
[17:05:13] Progress 290/990 this run | total_done=300 | attacked_avg=0.2844 | elapsed=15.9 min
[17:05:47] Progress 300/990 this run | total_done=310 | attacked_avg=0.2846 | elapsed=16.4 min
[17:06:20] Progress 310/990 this run | total_done=320 | attacked_avg=0.2865 | elapsed=17.0 min
[17:06:56] Progress 320/990 this run | total_done=330 | attacked_avg=0.2907 | elapsed=17.6 min
[17:07:30] Progress 330/990 this run | total_done=340 | attacked_avg=0.2943 | elapsed=18.2 min
[17:08:03] Progress 340/990 this run | total_done=350 | attacked_avg=0.2978 | elapsed=18.7 min
[17:08:36] Progress 350/990 this run | total_done=360 | attacked_avg=0.2987 | elapsed=19.3 min
[17:09:16] Progress 360/990 this run | total_done=370 | attacked_avg=0.2951 | elapsed=19.9 min
[17:09:51] Progress 370/990 this run | total_done=380 | attacked_avg=0.3019 | elapsed=20.5 min
[17:10:24] Progress 380/990 this run | total_done=390 | attacked_avg=0.3079 | elapsed=21.1 min
[17:10:55] Progress 390/990 this run | total_done=400 | attacked_avg=0.3041 | elapsed=21.6 min
[17:11:28] Progress 400/990 this run | total_done=410 | attacked_avg=0.3063 | elapsed=22.1 min
[17:12:02] Progress 410/990 this run | total_done=420 | attacked_avg=0.3060 | elapsed=22.7 min
[17:12:34] Progress 420/990 this run | total_done=430 | attacked_avg=0.3019 | elapsed=23.2 min
[17:13:28] Progress 430/990 this run | total_done=440 | attacked_avg=0.3000 | elapsed=24.1 min
[17:14:03] Progress 440/990 this run | total_done=450 | attacked_avg=0.2968 | elapsed=24.7 min
[17:14:36] Progress 450/990 this run | total_done=460 | attacked_avg=0.2957 | elapsed=25.3 min
[17:15:12] Progress 460/990 this run | total_done=470 | attacked_avg=0.2983 | elapsed=25.9 min
[17:15:49] Progress 470/990 this run | total_done=480 | attacked_avg=0.3010 | elapsed=26.5 min
[17:16:21] Progress 480/990 this run | total_done=490 | attacked_avg=0.3000 | elapsed=27.0 min
[17:16:54] Progress 490/990 this run | total_done=500 | attacked_avg=0.2988 | elapsed=27.6 min
[17:17:26] Progress 500/990 this run | total_done=510 | attacked_avg=0.3005 | elapsed=28.1 min
[17:17:59] Progress 510/990 this run | total_done=520 | attacked_avg=0.3001 | elapsed=28.6 min
[17:18:35] Progress 520/990 this run | total_done=530 | attacked_avg=0.3013 | elapsed=29.2 min
[17:19:08] Progress 530/990 this run | total_done=540 | attacked_avg=0.3019 | elapsed=29.8 min
[17:19:41] Progress 540/990 this run | total_done=550 | attacked_avg=0.2993 | elapsed=30.4 min
[17:20:14] Progress 550/990 this run | total_done=560 | attacked_avg=0.2988 | elapsed=30.9 min
[17:20:46] Progress 560/990 this run | total_done=570 | attacked_avg=0.3024 | elapsed=31.4 min
[17:21:18] Progress 570/990 this run | total_done=580 | attacked_avg=0.3040 | elapsed=32.0 min
[17:21:49] Progress 580/990 this run | total_done=590 | attacked_avg=0.3055 | elapsed=32.5 min
[17:22:22] Progress 590/990 this run | total_done=600 | attacked_avg=0.3048 | elapsed=33.0 min
[17:22:57] Progress 600/990 this run | total_done=610 | attacked_avg=0.3039 | elapsed=33.6 min
[17:23:29] Progress 610/990 this run | total_done=620 | attacked_avg=0.3045 | elapsed=34.1 min
[17:24:07] Progress 620/990 this run | total_done=630 | attacked_avg=0.3054 | elapsed=34.8 min
[17:24:42] Progress 630/990 this run | total_done=640 | attacked_avg=0.3069 | elapsed=35.4 min
[17:25:21] Progress 640/990 this run | total_done=650 | attacked_avg=0.3097 | elapsed=36.0 min
[17:25:59] Progress 650/990 this run | total_done=660 | attacked_avg=0.3118 | elapsed=36.6 min
[17:26:32] Progress 660/990 this run | total_done=670 | attacked_avg=0.3104 | elapsed=37.2 min
[17:27:09] Progress 670/990 this run | total_done=680 | attacked_avg=0.3083 | elapsed=37.8 min
[17:27:43] Progress 680/990 this run | total_done=690 | attacked_avg=0.3088 | elapsed=38.4 min
[17:28:17] Progress 690/990 this run | total_done=700 | attacked_avg=0.3086 | elapsed=38.9 min
[17:28:53] Progress 700/990 this run | total_done=710 | attacked_avg=0.3101 | elapsed=39.5 min
[17:29:32] Progress 710/990 this run | total_done=720 | attacked_avg=0.3116 | elapsed=40.2 min
[17:30:09] Progress 720/990 this run | total_done=730 | attacked_avg=0.3112 | elapsed=40.8 min
[17:30:42] Progress 730/990 this run | total_done=740 | attacked_avg=0.3104 | elapsed=41.4 min
[17:31:13] Progress 740/990 this run | total_done=750 | attacked_avg=0.3108 | elapsed=41.9 min
[17:31:44] Progress 750/990 this run | total_done=760 | attacked_avg=0.3132 | elapsed=42.4 min
[17:32:12] Progress 760/990 this run | total_done=770 | attacked_avg=0.3123 | elapsed=42.9 min
[17:32:44] Progress 770/990 this run | total_done=780 | attacked_avg=0.3136 | elapsed=43.4 min
[17:33:12] Progress 780/990 this run | total_done=790 | attacked_avg=0.3138 | elapsed=43.9 min
[17:33:41] Progress 790/990 this run | total_done=800 | attacked_avg=0.3134 | elapsed=44.4 min
[17:34:14] Progress 800/990 this run | total_done=810 | attacked_avg=0.3121 | elapsed=44.9 min
[17:34:43] Progress 810/990 this run | total_done=820 | attacked_avg=0.3122 | elapsed=45.4 min
[17:35:11] Progress 820/990 this run | total_done=830 | attacked_avg=0.3136 | elapsed=45.8 min
[17:35:41] Progress 830/990 this run | total_done=840 | attacked_avg=0.3169 | elapsed=46.3 min
[17:36:08] Progress 840/990 this run | total_done=850 | attacked_avg=0.3167 | elapsed=46.8 min
[17:36:41] Progress 850/990 this run | total_done=860 | attacked_avg=0.3177 | elapsed=47.3 min
[17:37:09] Progress 860/990 this run | total_done=870 | attacked_avg=0.3193 | elapsed=47.8 min
[17:37:37] Progress 870/990 this run | total_done=880 | attacked_avg=0.3170 | elapsed=48.3 min
[17:38:07] Progress 880/990 this run | total_done=890 | attacked_avg=0.3200 | elapsed=48.8 min
[17:38:35] Progress 890/990 this run | total_done=900 | attacked_avg=0.3198 | elapsed=49.3 min
[17:39:05] Progress 900/990 this run | total_done=910 | attacked_avg=0.3196 | elapsed=49.7 min
[17:39:32] Progress 910/990 this run | total_done=920 | attacked_avg=0.3190 | elapsed=50.2 min
[17:40:00] Progress 920/990 this run | total_done=930 | attacked_avg=0.3186 | elapsed=50.7 min
[17:40:32] Progress 930/990 this run | total_done=940 | attacked_avg=0.3192 | elapsed=51.2 min
[17:41:01] Progress 940/990 this run | total_done=950 | attacked_avg=0.3198 | elapsed=51.7 min
[17:41:29] Progress 950/990 this run | total_done=960 | attacked_avg=0.3185 | elapsed=52.2 min
[17:41:57] Progress 960/990 this run | total_done=970 | attacked_avg=0.3180 | elapsed=52.6 min
[17:42:24] Progress 970/990 this run | total_done=980 | attacked_avg=0.3164 | elapsed=53.1 min
[17:42:52] Progress 980/990 this run | total_done=990 | attacked_avg=0.3141 | elapsed=53.5 min
[17:43:22] Progress 990/990 this run | total_done=1000 | attacked_avg=0.3139 | elapsed=54.0 min
[17:43:22] Saved summary: results_pgd_florence2_ocr_robust/summary.json
[17:43:22] Saved state: results_pgd_florence2_ocr_robust/state.json
[17:43:22] Saved failed-image log: results_pgd_florence2_ocr_robust/failed_images.json
