[GPU] CUDA_VISIBLE_DEVICES=6 (requested)
======================================================================
                Florence-2 Detection Robustness Survey                
======================================================================
Attacks: ['fgsm'] | tier: survey | images: 5000 | novel: False
Device: cuda:0 | dtype: torch.float16 | output: /u/student/2024/cs24mtech11024/Adversarial_Attack_Defence_Paper/results_survey_florence_detection_fgsm
Could not locate the configuration_florence2.py inside microsoft/Florence-2-base.
loading annotations into memory...
Done (t=0.64s)
creating index...
index created!
COCO: 80 categories | 5000 images selected.
======================================================================
                  Survey attack: fgsm (fgsm_eps0.03)                  
======================================================================
[survey] bm3d not installed (`pip install bm3d`) — dropping the 'bm3d' defense row.
[fgsm] defenses (12): ['jpeg', 'tvm', 'blur_tvm', 'median', 'gaussian', 'svd', 'bilateral', 'nlm', 'bit_depth', 'random_resize', 'dithering', 'anisotropic']
[fgsm] ensembles (7): ['ens_blur_tvm_combo', 'ens_jpeg_median_gaussian', 'ens_jpeg_median_tvm', 'ens_4way', 'ens_jpeg_tvm_svd', 'ens_jpeg_bilateral_tvm', 'ens_bilateral_median']
[survey-ckpt] Config changed (cache sig 1d46c7b09d3dbf31 != 1f7372207b5dcedf); ignoring stale cache, starting fresh.
[survey-ckpt] Flushed 100 images -> /u/student/2024/cs24mtech11024/Adversarial_Attack_Defence_Paper/results_survey_florence_detection_fgsm/checkpoint_fgsm.pkl
[fgsm_eps0.03] 100/5000 | attacked=6.1700 | best=53.0000 | 19.8m
[survey-ckpt] Flushed 200 images -> /u/student/2024/cs24mtech11024/Adversarial_Attack_Defence_Paper/results_survey_florence_detection_fgsm/checkpoint_fgsm.pkl
[fgsm_eps0.03] 200/5000 | attacked=5.8150 | best=53.0000 | 38.2m
[survey-ckpt] Flushed 300 images -> /u/student/2024/cs24mtech11024/Adversarial_Attack_Defence_Paper/results_survey_florence_detection_fgsm/checkpoint_fgsm.pkl
[fgsm_eps0.03] 300/5000 | attacked=5.9467 | best=53.0000 | 56.4m
[survey-ckpt] Flushed 400 images -> /u/student/2024/cs24mtech11024/Adversarial_Attack_Defence_Paper/results_survey_florence_detection_fgsm/checkpoint_fgsm.pkl
[fgsm_eps0.03] 400/5000 | attacked=5.7725 | best=53.0000 | 74.8m
[survey-ckpt] Flushed 500 images -> /u/student/2024/cs24mtech11024/Adversarial_Attack_Defence_Paper/results_survey_florence_detection_fgsm/checkpoint_fgsm.pkl
[fgsm_eps0.03] 500/5000 | attacked=5.5820 | best=62.0000 | 91.2m
[survey-ckpt] Flushed 600 images -> /u/student/2024/cs24mtech11024/Adversarial_Attack_Defence_Paper/results_survey_florence_detection_fgsm/checkpoint_fgsm.pkl
[fgsm_eps0.03] 600/5000 | attacked=5.7450 | best=62.0000 | 110.3m
[survey-ckpt] Flushed 700 images -> /u/student/2024/cs24mtech11024/Adversarial_Attack_Defence_Paper/results_survey_florence_detection_fgsm/checkpoint_fgsm.pkl
[fgsm_eps0.03] 700/5000 | attacked=5.8157 | best=62.0000 | 128.0m
[survey-ckpt] Flushed 800 images -> /u/student/2024/cs24mtech11024/Adversarial_Attack_Defence_Paper/results_survey_florence_detection_fgsm/checkpoint_fgsm.pkl
[fgsm_eps0.03] 800/5000 | attacked=5.8662 | best=62.0000 | 146.4m
[survey-ckpt] Flushed 900 images -> /u/student/2024/cs24mtech11024/Adversarial_Attack_Defence_Paper/results_survey_florence_detection_fgsm/checkpoint_fgsm.pkl
[fgsm_eps0.03] 900/5000 | attacked=5.8389 | best=62.0000 | 164.4m
[survey-ckpt] Flushed 1000 images -> /u/student/2024/cs24mtech11024/Adversarial_Attack_Defence_Paper/results_survey_florence_detection_fgsm/checkpoint_fgsm.pkl
[fgsm_eps0.03] 1000/5000 | attacked=5.7590 | best=62.0000 | 180.9m
[survey-ckpt] Flushed 1100 images -> /u/student/2024/cs24mtech11024/Adversarial_Attack_Defence_Paper/results_survey_florence_detection_fgsm/checkpoint_fgsm.pkl
[fgsm_eps0.03] 1100/5000 | attacked=5.8109 | best=62.0000 | 199.7m
[survey-ckpt] Flushed 1200 images -> /u/student/2024/cs24mtech11024/Adversarial_Attack_Defence_Paper/results_survey_florence_detection_fgsm/checkpoint_fgsm.pkl
[fgsm_eps0.03] 1200/5000 | attacked=5.8167 | best=62.0000 | 217.3m
[survey-ckpt] Flushed 1300 images -> /u/student/2024/cs24mtech11024/Adversarial_Attack_Defence_Paper/results_survey_florence_detection_fgsm/checkpoint_fgsm.pkl
[fgsm_eps0.03] 1300/5000 | attacked=5.8285 | best=62.0000 | 235.4m
[survey-ckpt] Flushed 1400 images -> /u/student/2024/cs24mtech11024/Adversarial_Attack_Defence_Paper/results_survey_florence_detection_fgsm/checkpoint_fgsm.pkl
[fgsm_eps0.03] 1400/5000 | attacked=5.8214 | best=74.0000 | 254.7m
[survey-ckpt] Flushed 1500 images -> /u/student/2024/cs24mtech11024/Adversarial_Attack_Defence_Paper/results_survey_florence_detection_fgsm/checkpoint_fgsm.pkl
[fgsm_eps0.03] 1500/5000 | attacked=5.7840 | best=74.0000 | 272.9m
[survey-ckpt] Flushed 1600 images -> /u/student/2024/cs24mtech11024/Adversarial_Attack_Defence_Paper/results_survey_florence_detection_fgsm/checkpoint_fgsm.pkl
[fgsm_eps0.03] 1600/5000 | attacked=5.8294 | best=74.0000 | 293.4m
[survey-ckpt] Flushed 1700 images -> /u/student/2024/cs24mtech11024/Adversarial_Attack_Defence_Paper/results_survey_florence_detection_fgsm/checkpoint_fgsm.pkl
[fgsm_eps0.03] 1700/5000 | attacked=5.8076 | best=74.0000 | 310.9m
[survey-ckpt] Flushed 1800 images -> /u/student/2024/cs24mtech11024/Adversarial_Attack_Defence_Paper/results_survey_florence_detection_fgsm/checkpoint_fgsm.pkl
[fgsm_eps0.03] 1800/5000 | attacked=5.7922 | best=74.0000 | 327.8m
[survey-ckpt] Flushed 1900 images -> /u/student/2024/cs24mtech11024/Adversarial_Attack_Defence_Paper/results_survey_florence_detection_fgsm/checkpoint_fgsm.pkl
[fgsm_eps0.03] 1900/5000 | attacked=5.8774 | best=77.0000 | 347.9m
[survey-ckpt] Flushed 2000 images -> /u/student/2024/cs24mtech11024/Adversarial_Attack_Defence_Paper/results_survey_florence_detection_fgsm/checkpoint_fgsm.pkl
[fgsm_eps0.03] 2000/5000 | attacked=5.8175 | best=77.0000 | 365.3m
[survey-ckpt] Flushed 2100 images -> /u/student/2024/cs24mtech11024/Adversarial_Attack_Defence_Paper/results_survey_florence_detection_fgsm/checkpoint_fgsm.pkl
[fgsm_eps0.03] 2100/5000 | attacked=5.8114 | best=77.0000 | 383.2m
[survey-ckpt] Flushed 2200 images -> /u/student/2024/cs24mtech11024/Adversarial_Attack_Defence_Paper/results_survey_florence_detection_fgsm/checkpoint_fgsm.pkl
[fgsm_eps0.03] 2200/5000 | attacked=5.7791 | best=77.0000 | 401.7m
[survey-ckpt] Flushed 2300 images -> /u/student/2024/cs24mtech11024/Adversarial_Attack_Defence_Paper/results_survey_florence_detection_fgsm/checkpoint_fgsm.pkl
[fgsm_eps0.03] 2300/5000 | attacked=5.7317 | best=77.0000 | 419.8m
[survey-ckpt] Flushed 2400 images -> /u/student/2024/cs24mtech11024/Adversarial_Attack_Defence_Paper/results_survey_florence_detection_fgsm/checkpoint_fgsm.pkl
[fgsm_eps0.03] 2400/5000 | attacked=5.7221 | best=77.0000 | 437.3m
[survey-ckpt] Flushed 2500 images -> /u/student/2024/cs24mtech11024/Adversarial_Attack_Defence_Paper/results_survey_florence_detection_fgsm/checkpoint_fgsm.pkl
[fgsm_eps0.03] 2500/5000 | attacked=5.7196 | best=77.0000 | 455.6m
[survey-ckpt] Flushed 2600 images -> /u/student/2024/cs24mtech11024/Adversarial_Attack_Defence_Paper/results_survey_florence_detection_fgsm/checkpoint_fgsm.pkl
[fgsm_eps0.03] 2600/5000 | attacked=5.7227 | best=82.0000 | 474.3m
[survey-ckpt] Flushed 2700 images -> /u/student/2024/cs24mtech11024/Adversarial_Attack_Defence_Paper/results_survey_florence_detection_fgsm/checkpoint_fgsm.pkl
[fgsm_eps0.03] 2700/5000 | attacked=5.7659 | best=126.0000 | 492.9m
[survey-ckpt] Flushed 2800 images -> /u/student/2024/cs24mtech11024/Adversarial_Attack_Defence_Paper/results_survey_florence_detection_fgsm/checkpoint_fgsm.pkl
[fgsm_eps0.03] 2800/5000 | attacked=5.7400 | best=126.0000 | 511.3m
[survey-ckpt] Flushed 2900 images -> /u/student/2024/cs24mtech11024/Adversarial_Attack_Defence_Paper/results_survey_florence_detection_fgsm/checkpoint_fgsm.pkl
[fgsm_eps0.03] 2900/5000 | attacked=5.7376 | best=126.0000 | 528.2m
[survey-ckpt] Flushed 3000 images -> /u/student/2024/cs24mtech11024/Adversarial_Attack_Defence_Paper/results_survey_florence_detection_fgsm/checkpoint_fgsm.pkl
[fgsm_eps0.03] 3000/5000 | attacked=5.7387 | best=126.0000 | 548.1m
[survey-ckpt] Flushed 3100 images -> /u/student/2024/cs24mtech11024/Adversarial_Attack_Defence_Paper/results_survey_florence_detection_fgsm/checkpoint_fgsm.pkl
[fgsm_eps0.03] 3100/5000 | attacked=5.7013 | best=126.0000 | 564.4m
[survey-ckpt] Flushed 3200 images -> /u/student/2024/cs24mtech11024/Adversarial_Attack_Defence_Paper/results_survey_florence_detection_fgsm/checkpoint_fgsm.pkl
[fgsm_eps0.03] 3200/5000 | attacked=5.7072 | best=126.0000 | 582.9m
[survey-ckpt] Flushed 3300 images -> /u/student/2024/cs24mtech11024/Adversarial_Attack_Defence_Paper/results_survey_florence_detection_fgsm/checkpoint_fgsm.pkl
[fgsm_eps0.03] 3300/5000 | attacked=5.7376 | best=126.0000 | 603.7m
[survey-ckpt] Flushed 3400 images -> /u/student/2024/cs24mtech11024/Adversarial_Attack_Defence_Paper/results_survey_florence_detection_fgsm/checkpoint_fgsm.pkl
[fgsm_eps0.03] 3400/5000 | attacked=5.7394 | best=126.0000 | 623.0m
[survey-ckpt] Flushed 3500 images -> /u/student/2024/cs24mtech11024/Adversarial_Attack_Defence_Paper/results_survey_florence_detection_fgsm/checkpoint_fgsm.pkl
[fgsm_eps0.03] 3500/5000 | attacked=5.7511 | best=126.0000 | 641.4m
[survey-ckpt] Flushed 3600 images -> /u/student/2024/cs24mtech11024/Adversarial_Attack_Defence_Paper/results_survey_florence_detection_fgsm/checkpoint_fgsm.pkl
[fgsm_eps0.03] 3600/5000 | attacked=5.8047 | best=126.0000 | 662.0m
[survey-ckpt] Flushed 3700 images -> /u/student/2024/cs24mtech11024/Adversarial_Attack_Defence_Paper/results_survey_florence_detection_fgsm/checkpoint_fgsm.pkl
[fgsm_eps0.03] 3700/5000 | attacked=5.7722 | best=126.0000 | 678.4m
[survey-ckpt] Flushed 3800 images -> /u/student/2024/cs24mtech11024/Adversarial_Attack_Defence_Paper/results_survey_florence_detection_fgsm/checkpoint_fgsm.pkl
[fgsm_eps0.03] 3800/5000 | attacked=5.7911 | best=126.0000 | 698.6m
[survey-ckpt] Flushed 3900 images -> /u/student/2024/cs24mtech11024/Adversarial_Attack_Defence_Paper/results_survey_florence_detection_fgsm/checkpoint_fgsm.pkl
[fgsm_eps0.03] 3900/5000 | attacked=5.7749 | best=126.0000 | 716.1m
[survey-ckpt] Flushed 4000 images -> /u/student/2024/cs24mtech11024/Adversarial_Attack_Defence_Paper/results_survey_florence_detection_fgsm/checkpoint_fgsm.pkl
[fgsm_eps0.03] 4000/5000 | attacked=5.7780 | best=126.0000 | 733.6m
[survey-ckpt] Flushed 4100 images -> /u/student/2024/cs24mtech11024/Adversarial_Attack_Defence_Paper/results_survey_florence_detection_fgsm/checkpoint_fgsm.pkl
[fgsm_eps0.03] 4100/5000 | attacked=5.8405 | best=126.0000 | 754.2m
[survey-ckpt] Flushed 4200 images -> /u/student/2024/cs24mtech11024/Adversarial_Attack_Defence_Paper/results_survey_florence_detection_fgsm/checkpoint_fgsm.pkl
[fgsm_eps0.03] 4200/5000 | attacked=5.8360 | best=126.0000 | 773.4m
[survey-ckpt] Flushed 4300 images -> /u/student/2024/cs24mtech11024/Adversarial_Attack_Defence_Paper/results_survey_florence_detection_fgsm/checkpoint_fgsm.pkl
[fgsm_eps0.03] 4300/5000 | attacked=5.8207 | best=126.0000 | 792.1m
[survey-ckpt] Flushed 4400 images -> /u/student/2024/cs24mtech11024/Adversarial_Attack_Defence_Paper/results_survey_florence_detection_fgsm/checkpoint_fgsm.pkl
[fgsm_eps0.03] 4400/5000 | attacked=5.7875 | best=126.0000 | 810.4m
[survey-ckpt] Flushed 4500 images -> /u/student/2024/cs24mtech11024/Adversarial_Attack_Defence_Paper/results_survey_florence_detection_fgsm/checkpoint_fgsm.pkl
[fgsm_eps0.03] 4500/5000 | attacked=5.7800 | best=126.0000 | 827.8m
[survey-ckpt] Flushed 4600 images -> /u/student/2024/cs24mtech11024/Adversarial_Attack_Defence_Paper/results_survey_florence_detection_fgsm/checkpoint_fgsm.pkl
[fgsm_eps0.03] 4600/5000 | attacked=5.7870 | best=126.0000 | 846.0m
[survey-ckpt] Flushed 4700 images -> /u/student/2024/cs24mtech11024/Adversarial_Attack_Defence_Paper/results_survey_florence_detection_fgsm/checkpoint_fgsm.pkl
[fgsm_eps0.03] 4700/5000 | attacked=5.7855 | best=126.0000 | 863.3m
[survey-ckpt] Flushed 4800 images -> /u/student/2024/cs24mtech11024/Adversarial_Attack_Defence_Paper/results_survey_florence_detection_fgsm/checkpoint_fgsm.pkl
[fgsm_eps0.03] 4800/5000 | attacked=5.7846 | best=126.0000 | 880.8m
[survey-ckpt] Flushed 4900 images -> /u/student/2024/cs24mtech11024/Adversarial_Attack_Defence_Paper/results_survey_florence_detection_fgsm/checkpoint_fgsm.pkl
[fgsm_eps0.03] 4900/5000 | attacked=5.7614 | best=126.0000 | 898.5m
[survey-ckpt] Flushed 5000 images -> /u/student/2024/cs24mtech11024/Adversarial_Attack_Defence_Paper/results_survey_florence_detection_fgsm/checkpoint_fgsm.pkl
[fgsm_eps0.03] 5000/5000 | attacked=5.7804 | best=126.0000 | 917.7m
[survey-ckpt] Flushed 5000 images -> /u/student/2024/cs24mtech11024/Adversarial_Attack_Defence_Paper/results_survey_florence_detection_fgsm/checkpoint_fgsm.pkl
[fgsm] all 5000 images carry all 26 expected condition tags.

======================================================================
[COCO] clean (32040 detections)
======================================================================
Loading and preparing results...
DONE (t=0.14s)
creating index...
index created!
Running per image evaluation...
Evaluate annotation type *bbox*
DONE (t=9.92s).
Accumulating evaluation results...
DONE (t=1.24s).
 Average Precision  (AP) @[ IoU=0.50:0.95 | area=   all | maxDets=100 ] = 0.330
 Average Precision  (AP) @[ IoU=0.50      | area=   all | maxDets=100 ] = 0.450
 Average Precision  (AP) @[ IoU=0.75      | area=   all | maxDets=100 ] = 0.349
 Average Precision  (AP) @[ IoU=0.50:0.95 | area= small | maxDets=100 ] = 0.157
 Average Precision  (AP) @[ IoU=0.50:0.95 | area=medium | maxDets=100 ] = 0.350
 Average Precision  (AP) @[ IoU=0.50:0.95 | area= large | maxDets=100 ] = 0.510
 Average Recall     (AR) @[ IoU=0.50:0.95 | area=   all | maxDets=  1 ] = 0.289
 Average Recall     (AR) @[ IoU=0.50:0.95 | area=   all | maxDets= 10 ] = 0.433
 Average Recall     (AR) @[ IoU=0.50:0.95 | area=   all | maxDets=100 ] = 0.448
 Average Recall     (AR) @[ IoU=0.50:0.95 | area= small | maxDets=100 ] = 0.220
 Average Recall     (AR) @[ IoU=0.50:0.95 | area=medium | maxDets=100 ] = 0.477
 Average Recall     (AR) @[ IoU=0.50:0.95 | area= large | maxDets=100 ] = 0.649

======================================================================
[COCO] clean+jpeg (30119 detections)
======================================================================
Loading and preparing results...
DONE (t=0.07s)
creating index...
index created!
Running per image evaluation...
Evaluate annotation type *bbox*
DONE (t=9.10s).
Accumulating evaluation results...
DONE (t=1.22s).
 Average Precision  (AP) @[ IoU=0.50:0.95 | area=   all | maxDets=100 ] = 0.319
 Average Precision  (AP) @[ IoU=0.50      | area=   all | maxDets=100 ] = 0.436
 Average Precision  (AP) @[ IoU=0.75      | area=   all | maxDets=100 ] = 0.338
 Average Precision  (AP) @[ IoU=0.50:0.95 | area= small | maxDets=100 ] = 0.136
 Average Precision  (AP) @[ IoU=0.50:0.95 | area=medium | maxDets=100 ] = 0.345
 Average Precision  (AP) @[ IoU=0.50:0.95 | area= large | maxDets=100 ] = 0.503
 Average Recall     (AR) @[ IoU=0.50:0.95 | area=   all | maxDets=  1 ] = 0.282
 Average Recall     (AR) @[ IoU=0.50:0.95 | area=   all | maxDets= 10 ] = 0.418
 Average Recall     (AR) @[ IoU=0.50:0.95 | area=   all | maxDets=100 ] = 0.431
 Average Recall     (AR) @[ IoU=0.50:0.95 | area= small | maxDets=100 ] = 0.188
 Average Recall     (AR) @[ IoU=0.50:0.95 | area=medium | maxDets=100 ] = 0.465
 Average Recall     (AR) @[ IoU=0.50:0.95 | area= large | maxDets=100 ] = 0.643

======================================================================
[COCO] clean+tvm (20774 detections)
======================================================================
Loading and preparing results...
DONE (t=0.05s)
creating index...
index created!
Running per image evaluation...
Evaluate annotation type *bbox*
DONE (t=7.86s).
Accumulating evaluation results...
DONE (t=1.11s).
 Average Precision  (AP) @[ IoU=0.50:0.95 | area=   all | maxDets=100 ] = 0.264
 Average Precision  (AP) @[ IoU=0.50      | area=   all | maxDets=100 ] = 0.357
 Average Precision  (AP) @[ IoU=0.75      | area=   all | maxDets=100 ] = 0.281
 Average Precision  (AP) @[ IoU=0.50:0.95 | area= small | maxDets=100 ] = 0.101
 Average Precision  (AP) @[ IoU=0.50:0.95 | area=medium | maxDets=100 ] = 0.277
 Average Precision  (AP) @[ IoU=0.50:0.95 | area= large | maxDets=100 ] = 0.444
 Average Recall     (AR) @[ IoU=0.50:0.95 | area=   all | maxDets=  1 ] = 0.223
 Average Recall     (AR) @[ IoU=0.50:0.95 | area=   all | maxDets= 10 ] = 0.325
 Average Recall     (AR) @[ IoU=0.50:0.95 | area=   all | maxDets=100 ] = 0.332
 Average Recall     (AR) @[ IoU=0.50:0.95 | area= small | maxDets=100 ] = 0.124
 Average Recall     (AR) @[ IoU=0.50:0.95 | area=medium | maxDets=100 ] = 0.341
 Average Recall     (AR) @[ IoU=0.50:0.95 | area= large | maxDets=100 ] = 0.545

======================================================================
[COCO] clean+blur_tvm (19217 detections)
======================================================================
Loading and preparing results...
DONE (t=0.04s)
creating index...
index created!
Running per image evaluation...
Evaluate annotation type *bbox*
DONE (t=7.50s).
Accumulating evaluation results...
DONE (t=1.09s).
 Average Precision  (AP) @[ IoU=0.50:0.95 | area=   all | maxDets=100 ] = 0.249
 Average Precision  (AP) @[ IoU=0.50      | area=   all | maxDets=100 ] = 0.338
 Average Precision  (AP) @[ IoU=0.75      | area=   all | maxDets=100 ] = 0.262
 Average Precision  (AP) @[ IoU=0.50:0.95 | area= small | maxDets=100 ] = 0.072
 Average Precision  (AP) @[ IoU=0.50:0.95 | area=medium | maxDets=100 ] = 0.261
 Average Precision  (AP) @[ IoU=0.50:0.95 | area= large | maxDets=100 ] = 0.448
 Average Recall     (AR) @[ IoU=0.50:0.95 | area=   all | maxDets=  1 ] = 0.217
 Average Recall     (AR) @[ IoU=0.50:0.95 | area=   all | maxDets= 10 ] = 0.310
 Average Recall     (AR) @[ IoU=0.50:0.95 | area=   all | maxDets=100 ] = 0.316
 Average Recall     (AR) @[ IoU=0.50:0.95 | area= small | maxDets=100 ] = 0.090
 Average Recall     (AR) @[ IoU=0.50:0.95 | area=medium | maxDets=100 ] = 0.326
 Average Recall     (AR) @[ IoU=0.50:0.95 | area= large | maxDets=100 ] = 0.559

======================================================================
[COCO] clean+median (29987 detections)
======================================================================
Loading and preparing results...
DONE (t=0.07s)
creating index...
index created!
Running per image evaluation...
Evaluate annotation type *bbox*
DONE (t=9.82s).
Accumulating evaluation results...
DONE (t=1.22s).
 Average Precision  (AP) @[ IoU=0.50:0.95 | area=   all | maxDets=100 ] = 0.321
 Average Precision  (AP) @[ IoU=0.50      | area=   all | maxDets=100 ] = 0.439
 Average Precision  (AP) @[ IoU=0.75      | area=   all | maxDets=100 ] = 0.337
 Average Precision  (AP) @[ IoU=0.50:0.95 | area= small | maxDets=100 ] = 0.140
 Average Precision  (AP) @[ IoU=0.50:0.95 | area=medium | maxDets=100 ] = 0.343
 Average Precision  (AP) @[ IoU=0.50:0.95 | area= large | maxDets=100 ] = 0.504
 Average Recall     (AR) @[ IoU=0.50:0.95 | area=   all | maxDets=  1 ] = 0.279
 Average Recall     (AR) @[ IoU=0.50:0.95 | area=   all | maxDets= 10 ] = 0.417
 Average Recall     (AR) @[ IoU=0.50:0.95 | area=   all | maxDets=100 ] = 0.431
 Average Recall     (AR) @[ IoU=0.50:0.95 | area= small | maxDets=100 ] = 0.198
 Average Recall     (AR) @[ IoU=0.50:0.95 | area=medium | maxDets=100 ] = 0.465
 Average Recall     (AR) @[ IoU=0.50:0.95 | area= large | maxDets=100 ] = 0.639

======================================================================
[COCO] clean+gaussian (21349 detections)
======================================================================
Loading and preparing results...
DONE (t=0.05s)
creating index...
index created!
Running per image evaluation...
Evaluate annotation type *bbox*
DONE (t=7.94s).
Accumulating evaluation results...
DONE (t=1.12s).
 Average Precision  (AP) @[ IoU=0.50:0.95 | area=   all | maxDets=100 ] = 0.274
 Average Precision  (AP) @[ IoU=0.50      | area=   all | maxDets=100 ] = 0.369
 Average Precision  (AP) @[ IoU=0.75      | area=   all | maxDets=100 ] = 0.289
 Average Precision  (AP) @[ IoU=0.50:0.95 | area= small | maxDets=100 ] = 0.103
 Average Precision  (AP) @[ IoU=0.50:0.95 | area=medium | maxDets=100 ] = 0.295
 Average Precision  (AP) @[ IoU=0.50:0.95 | area= large | maxDets=100 ] = 0.464
 Average Recall     (AR) @[ IoU=0.50:0.95 | area=   all | maxDets=  1 ] = 0.238
 Average Recall     (AR) @[ IoU=0.50:0.95 | area=   all | maxDets= 10 ] = 0.342
 Average Recall     (AR) @[ IoU=0.50:0.95 | area=   all | maxDets=100 ] = 0.350
 Average Recall     (AR) @[ IoU=0.50:0.95 | area= small | maxDets=100 ] = 0.125
 Average Recall     (AR) @[ IoU=0.50:0.95 | area=medium | maxDets=100 ] = 0.365
 Average Recall     (AR) @[ IoU=0.50:0.95 | area= large | maxDets=100 ] = 0.586

======================================================================
[COCO] clean+svd (32089 detections)
======================================================================
Loading and preparing results...
DONE (t=0.07s)
creating index...
index created!
Running per image evaluation...
Evaluate annotation type *bbox*
DONE (t=9.45s).
Accumulating evaluation results...
DONE (t=1.25s).
 Average Precision  (AP) @[ IoU=0.50:0.95 | area=   all | maxDets=100 ] = 0.329
 Average Precision  (AP) @[ IoU=0.50      | area=   all | maxDets=100 ] = 0.450
 Average Precision  (AP) @[ IoU=0.75      | area=   all | maxDets=100 ] = 0.348
 Average Precision  (AP) @[ IoU=0.50:0.95 | area= small | maxDets=100 ] = 0.154
 Average Precision  (AP) @[ IoU=0.50:0.95 | area=medium | maxDets=100 ] = 0.354
 Average Precision  (AP) @[ IoU=0.50:0.95 | area= large | maxDets=100 ] = 0.508
 Average Recall     (AR) @[ IoU=0.50:0.95 | area=   all | maxDets=  1 ] = 0.289
 Average Recall     (AR) @[ IoU=0.50:0.95 | area=   all | maxDets= 10 ] = 0.433
 Average Recall     (AR) @[ IoU=0.50:0.95 | area=   all | maxDets=100 ] = 0.448
 Average Recall     (AR) @[ IoU=0.50:0.95 | area= small | maxDets=100 ] = 0.220
 Average Recall     (AR) @[ IoU=0.50:0.95 | area=medium | maxDets=100 ] = 0.481
 Average Recall     (AR) @[ IoU=0.50:0.95 | area= large | maxDets=100 ] = 0.648

======================================================================
[COCO] clean+bilateral (32429 detections)
======================================================================
Loading and preparing results...
DONE (t=0.07s)
creating index...
index created!
Running per image evaluation...
Evaluate annotation type *bbox*
DONE (t=9.47s).
Accumulating evaluation results...
DONE (t=1.26s).
 Average Precision  (AP) @[ IoU=0.50:0.95 | area=   all | maxDets=100 ] = 0.331
 Average Precision  (AP) @[ IoU=0.50      | area=   all | maxDets=100 ] = 0.454
 Average Precision  (AP) @[ IoU=0.75      | area=   all | maxDets=100 ] = 0.351
 Average Precision  (AP) @[ IoU=0.50:0.95 | area= small | maxDets=100 ] = 0.164
 Average Precision  (AP) @[ IoU=0.50:0.95 | area=medium | maxDets=100 ] = 0.354
 Average Precision  (AP) @[ IoU=0.50:0.95 | area= large | maxDets=100 ] = 0.507
 Average Recall     (AR) @[ IoU=0.50:0.95 | area=   all | maxDets=  1 ] = 0.288
 Average Recall     (AR) @[ IoU=0.50:0.95 | area=   all | maxDets= 10 ] = 0.435
 Average Recall     (AR) @[ IoU=0.50:0.95 | area=   all | maxDets=100 ] = 0.452
 Average Recall     (AR) @[ IoU=0.50:0.95 | area= small | maxDets=100 ] = 0.231
 Average Recall     (AR) @[ IoU=0.50:0.95 | area=medium | maxDets=100 ] = 0.481
 Average Recall     (AR) @[ IoU=0.50:0.95 | area= large | maxDets=100 ] = 0.648

======================================================================
[COCO] clean+nlm (29216 detections)
======================================================================
Loading and preparing results...
DONE (t=0.07s)
creating index...
index created!
Running per image evaluation...
Evaluate annotation type *bbox*
DONE (t=8.99s).
Accumulating evaluation results...
DONE (t=1.21s).
 Average Precision  (AP) @[ IoU=0.50:0.95 | area=   all | maxDets=100 ] = 0.311
 Average Precision  (AP) @[ IoU=0.50      | area=   all | maxDets=100 ] = 0.421
 Average Precision  (AP) @[ IoU=0.75      | area=   all | maxDets=100 ] = 0.332
 Average Precision  (AP) @[ IoU=0.50:0.95 | area= small | maxDets=100 ] = 0.140
 Average Precision  (AP) @[ IoU=0.50:0.95 | area=medium | maxDets=100 ] = 0.334
 Average Precision  (AP) @[ IoU=0.50:0.95 | area= large | maxDets=100 ] = 0.483
 Average Recall     (AR) @[ IoU=0.50:0.95 | area=   all | maxDets=  1 ] = 0.273
 Average Recall     (AR) @[ IoU=0.50:0.95 | area=   all | maxDets= 10 ] = 0.403
 Average Recall     (AR) @[ IoU=0.50:0.95 | area=   all | maxDets=100 ] = 0.416
 Average Recall     (AR) @[ IoU=0.50:0.95 | area= small | maxDets=100 ] = 0.194
 Average Recall     (AR) @[ IoU=0.50:0.95 | area=medium | maxDets=100 ] = 0.444
 Average Recall     (AR) @[ IoU=0.50:0.95 | area= large | maxDets=100 ] = 0.614

======================================================================
[COCO] clean+bit_depth (23972 detections)
======================================================================
Loading and preparing results...
DONE (t=0.06s)
creating index...
index created!
Running per image evaluation...
Evaluate annotation type *bbox*
DONE (t=8.31s).
Accumulating evaluation results...
DONE (t=1.15s).
 Average Precision  (AP) @[ IoU=0.50:0.95 | area=   all | maxDets=100 ] = 0.281
 Average Precision  (AP) @[ IoU=0.50      | area=   all | maxDets=100 ] = 0.380
 Average Precision  (AP) @[ IoU=0.75      | area=   all | maxDets=100 ] = 0.298
 Average Precision  (AP) @[ IoU=0.50:0.95 | area= small | maxDets=100 ] = 0.112
 Average Precision  (AP) @[ IoU=0.50:0.95 | area=medium | maxDets=100 ] = 0.298
 Average Precision  (AP) @[ IoU=0.50:0.95 | area= large | maxDets=100 ] = 0.458
 Average Recall     (AR) @[ IoU=0.50:0.95 | area=   all | maxDets=  1 ] = 0.241
 Average Recall     (AR) @[ IoU=0.50:0.95 | area=   all | maxDets= 10 ] = 0.354
 Average Recall     (AR) @[ IoU=0.50:0.95 | area=   all | maxDets=100 ] = 0.363
 Average Recall     (AR) @[ IoU=0.50:0.95 | area= small | maxDets=100 ] = 0.147
 Average Recall     (AR) @[ IoU=0.50:0.95 | area=medium | maxDets=100 ] = 0.378
 Average Recall     (AR) @[ IoU=0.50:0.95 | area= large | maxDets=100 ] = 0.568

======================================================================
[COCO] clean+random_resize (24352 detections)
======================================================================
Loading and preparing results...
DONE (t=0.06s)
creating index...
index created!
Running per image evaluation...
Evaluate annotation type *bbox*
DONE (t=8.84s).
Accumulating evaluation results...
DONE (t=1.11s).
 Average Precision  (AP) @[ IoU=0.50:0.95 | area=   all | maxDets=100 ] = 0.158
 Average Precision  (AP) @[ IoU=0.50      | area=   all | maxDets=100 ] = 0.283
 Average Precision  (AP) @[ IoU=0.75      | area=   all | maxDets=100 ] = 0.154
 Average Precision  (AP) @[ IoU=0.50:0.95 | area= small | maxDets=100 ] = 0.022
 Average Precision  (AP) @[ IoU=0.50:0.95 | area=medium | maxDets=100 ] = 0.118
 Average Precision  (AP) @[ IoU=0.50:0.95 | area= large | maxDets=100 ] = 0.339
 Average Recall     (AR) @[ IoU=0.50:0.95 | area=   all | maxDets=  1 ] = 0.162
 Average Recall     (AR) @[ IoU=0.50:0.95 | area=   all | maxDets= 10 ] = 0.220
 Average Recall     (AR) @[ IoU=0.50:0.95 | area=   all | maxDets=100 ] = 0.224
 Average Recall     (AR) @[ IoU=0.50:0.95 | area= small | maxDets=100 ] = 0.039
 Average Recall     (AR) @[ IoU=0.50:0.95 | area=medium | maxDets=100 ] = 0.196
 Average Recall     (AR) @[ IoU=0.50:0.95 | area= large | maxDets=100 ] = 0.441

======================================================================
[COCO] clean+dithering (26552 detections)
======================================================================
Loading and preparing results...
DONE (t=0.06s)
creating index...
index created!
Running per image evaluation...
Evaluate annotation type *bbox*
DONE (t=8.69s).
Accumulating evaluation results...
DONE (t=1.18s).
 Average Precision  (AP) @[ IoU=0.50:0.95 | area=   all | maxDets=100 ] = 0.303
 Average Precision  (AP) @[ IoU=0.50      | area=   all | maxDets=100 ] = 0.411
 Average Precision  (AP) @[ IoU=0.75      | area=   all | maxDets=100 ] = 0.322
 Average Precision  (AP) @[ IoU=0.50:0.95 | area= small | maxDets=100 ] = 0.128
 Average Precision  (AP) @[ IoU=0.50:0.95 | area=medium | maxDets=100 ] = 0.324
 Average Precision  (AP) @[ IoU=0.50:0.95 | area= large | maxDets=100 ] = 0.477
 Average Recall     (AR) @[ IoU=0.50:0.95 | area=   all | maxDets=  1 ] = 0.262
 Average Recall     (AR) @[ IoU=0.50:0.95 | area=   all | maxDets= 10 ] = 0.387
 Average Recall     (AR) @[ IoU=0.50:0.95 | area=   all | maxDets=100 ] = 0.398
 Average Recall     (AR) @[ IoU=0.50:0.95 | area= small | maxDets=100 ] = 0.172
 Average Recall     (AR) @[ IoU=0.50:0.95 | area=medium | maxDets=100 ] = 0.422
 Average Recall     (AR) @[ IoU=0.50:0.95 | area= large | maxDets=100 ] = 0.598

======================================================================
[COCO] clean+anisotropic (29835 detections)
======================================================================
Loading and preparing results...
DONE (t=0.07s)
creating index...
index created!
Running per image evaluation...
Evaluate annotation type *bbox*
DONE (t=9.20s).
Accumulating evaluation results...
DONE (t=1.22s).
 Average Precision  (AP) @[ IoU=0.50:0.95 | area=   all | maxDets=100 ] = 0.316
 Average Precision  (AP) @[ IoU=0.50      | area=   all | maxDets=100 ] = 0.431
 Average Precision  (AP) @[ IoU=0.75      | area=   all | maxDets=100 ] = 0.335
 Average Precision  (AP) @[ IoU=0.50:0.95 | area= small | maxDets=100 ] = 0.146
 Average Precision  (AP) @[ IoU=0.50:0.95 | area=medium | maxDets=100 ] = 0.336
 Average Precision  (AP) @[ IoU=0.50:0.95 | area= large | maxDets=100 ] = 0.485
 Average Recall     (AR) @[ IoU=0.50:0.95 | area=   all | maxDets=  1 ] = 0.277
 Average Recall     (AR) @[ IoU=0.50:0.95 | area=   all | maxDets= 10 ] = 0.412
 Average Recall     (AR) @[ IoU=0.50:0.95 | area=   all | maxDets=100 ] = 0.425
 Average Recall     (AR) @[ IoU=0.50:0.95 | area= small | maxDets=100 ] = 0.202
 Average Recall     (AR) @[ IoU=0.50:0.95 | area=medium | maxDets=100 ] = 0.451
 Average Recall     (AR) @[ IoU=0.50:0.95 | area= large | maxDets=100 ] = 0.619

======================================================================
[COCO] fgsm_eps0.03 (28902 detections)
======================================================================
Loading and preparing results...
DONE (t=0.07s)
creating index...
index created!
Running per image evaluation...
Evaluate annotation type *bbox*
DONE (t=8.97s).
Accumulating evaluation results...
DONE (t=1.19s).
 Average Precision  (AP) @[ IoU=0.50:0.95 | area=   all | maxDets=100 ] = 0.249
 Average Precision  (AP) @[ IoU=0.50      | area=   all | maxDets=100 ] = 0.360
 Average Precision  (AP) @[ IoU=0.75      | area=   all | maxDets=100 ] = 0.258
 Average Precision  (AP) @[ IoU=0.50:0.95 | area= small | maxDets=100 ] = 0.095
 Average Precision  (AP) @[ IoU=0.50:0.95 | area=medium | maxDets=100 ] = 0.246
 Average Precision  (AP) @[ IoU=0.50:0.95 | area= large | maxDets=100 ] = 0.428
 Average Recall     (AR) @[ IoU=0.50:0.95 | area=   all | maxDets=  1 ] = 0.229
 Average Recall     (AR) @[ IoU=0.50:0.95 | area=   all | maxDets= 10 ] = 0.338
 Average Recall     (AR) @[ IoU=0.50:0.95 | area=   all | maxDets=100 ] = 0.348
 Average Recall     (AR) @[ IoU=0.50:0.95 | area= small | maxDets=100 ] = 0.145
 Average Recall     (AR) @[ IoU=0.50:0.95 | area=medium | maxDets=100 ] = 0.351
 Average Recall     (AR) @[ IoU=0.50:0.95 | area= large | maxDets=100 ] = 0.559

======================================================================
[COCO] fgsm_eps0.03+jpeg (29999 detections)
======================================================================
Loading and preparing results...
DONE (t=0.07s)
creating index...
index created!
Running per image evaluation...
Evaluate annotation type *bbox*
DONE (t=9.08s).
Accumulating evaluation results...
DONE (t=1.22s).
 Average Precision  (AP) @[ IoU=0.50:0.95 | area=   all | maxDets=100 ] = 0.292
 Average Precision  (AP) @[ IoU=0.50      | area=   all | maxDets=100 ] = 0.408
 Average Precision  (AP) @[ IoU=0.75      | area=   all | maxDets=100 ] = 0.310
 Average Precision  (AP) @[ IoU=0.50:0.95 | area= small | maxDets=100 ] = 0.117
 Average Precision  (AP) @[ IoU=0.50:0.95 | area=medium | maxDets=100 ] = 0.311
 Average Precision  (AP) @[ IoU=0.50:0.95 | area= large | maxDets=100 ] = 0.479
 Average Recall     (AR) @[ IoU=0.50:0.95 | area=   all | maxDets=  1 ] = 0.264
 Average Recall     (AR) @[ IoU=0.50:0.95 | area=   all | maxDets= 10 ] = 0.391
 Average Recall     (AR) @[ IoU=0.50:0.95 | area=   all | maxDets=100 ] = 0.403
 Average Recall     (AR) @[ IoU=0.50:0.95 | area= small | maxDets=100 ] = 0.166
 Average Recall     (AR) @[ IoU=0.50:0.95 | area=medium | maxDets=100 ] = 0.434
 Average Recall     (AR) @[ IoU=0.50:0.95 | area= large | maxDets=100 ] = 0.617

======================================================================
[COCO] fgsm_eps0.03+tvm (19518 detections)
======================================================================
Loading and preparing results...
DONE (t=0.04s)
creating index...
index created!
Running per image evaluation...
Evaluate annotation type *bbox*
DONE (t=7.75s).
Accumulating evaluation results...
DONE (t=1.08s).
 Average Precision  (AP) @[ IoU=0.50:0.95 | area=   all | maxDets=100 ] = 0.244
 Average Precision  (AP) @[ IoU=0.50      | area=   all | maxDets=100 ] = 0.333
 Average Precision  (AP) @[ IoU=0.75      | area=   all | maxDets=100 ] = 0.260
 Average Precision  (AP) @[ IoU=0.50:0.95 | area= small | maxDets=100 ] = 0.081
 Average Precision  (AP) @[ IoU=0.50:0.95 | area=medium | maxDets=100 ] = 0.252
 Average Precision  (AP) @[ IoU=0.50:0.95 | area= large | maxDets=100 ] = 0.430
 Average Recall     (AR) @[ IoU=0.50:0.95 | area=   all | maxDets=  1 ] = 0.210
 Average Recall     (AR) @[ IoU=0.50:0.95 | area=   all | maxDets= 10 ] = 0.302
 Average Recall     (AR) @[ IoU=0.50:0.95 | area=   all | maxDets=100 ] = 0.308
 Average Recall     (AR) @[ IoU=0.50:0.95 | area= small | maxDets=100 ] = 0.102
 Average Recall     (AR) @[ IoU=0.50:0.95 | area=medium | maxDets=100 ] = 0.311
 Average Recall     (AR) @[ IoU=0.50:0.95 | area= large | maxDets=100 ] = 0.531

======================================================================
[COCO] fgsm_eps0.03+blur_tvm (19458 detections)
======================================================================
Loading and preparing results...
DONE (t=0.05s)
creating index...
index created!
Running per image evaluation...
Evaluate annotation type *bbox*
DONE (t=6.88s).
Accumulating evaluation results...
DONE (t=1.10s).
 Average Precision  (AP) @[ IoU=0.50:0.95 | area=   all | maxDets=100 ] = 0.247
 Average Precision  (AP) @[ IoU=0.50      | area=   all | maxDets=100 ] = 0.338
 Average Precision  (AP) @[ IoU=0.75      | area=   all | maxDets=100 ] = 0.258
 Average Precision  (AP) @[ IoU=0.50:0.95 | area= small | maxDets=100 ] = 0.065
 Average Precision  (AP) @[ IoU=0.50:0.95 | area=medium | maxDets=100 ] = 0.260
 Average Precision  (AP) @[ IoU=0.50:0.95 | area= large | maxDets=100 ] = 0.445
 Average Recall     (AR) @[ IoU=0.50:0.95 | area=   all | maxDets=  1 ] = 0.217
 Average Recall     (AR) @[ IoU=0.50:0.95 | area=   all | maxDets= 10 ] = 0.310
 Average Recall     (AR) @[ IoU=0.50:0.95 | area=   all | maxDets=100 ] = 0.316
 Average Recall     (AR) @[ IoU=0.50:0.95 | area= small | maxDets=100 ] = 0.084
 Average Recall     (AR) @[ IoU=0.50:0.95 | area=medium | maxDets=100 ] = 0.327
 Average Recall     (AR) @[ IoU=0.50:0.95 | area= large | maxDets=100 ] = 0.558

======================================================================
[COCO] fgsm_eps0.03+median (29957 detections)
======================================================================
Loading and preparing results...
DONE (t=0.63s)
creating index...
index created!
Running per image evaluation...
Evaluate annotation type *bbox*
DONE (t=9.00s).
Accumulating evaluation results...
DONE (t=1.22s).
 Average Precision  (AP) @[ IoU=0.50:0.95 | area=   all | maxDets=100 ] = 0.291
 Average Precision  (AP) @[ IoU=0.50      | area=   all | maxDets=100 ] = 0.410
 Average Precision  (AP) @[ IoU=0.75      | area=   all | maxDets=100 ] = 0.305
 Average Precision  (AP) @[ IoU=0.50:0.95 | area= small | maxDets=100 ] = 0.115
 Average Precision  (AP) @[ IoU=0.50:0.95 | area=medium | maxDets=100 ] = 0.308
 Average Precision  (AP) @[ IoU=0.50:0.95 | area= large | maxDets=100 ] = 0.472
 Average Recall     (AR) @[ IoU=0.50:0.95 | area=   all | maxDets=  1 ] = 0.260
 Average Recall     (AR) @[ IoU=0.50:0.95 | area=   all | maxDets= 10 ] = 0.387
 Average Recall     (AR) @[ IoU=0.50:0.95 | area=   all | maxDets=100 ] = 0.400
 Average Recall     (AR) @[ IoU=0.50:0.95 | area= small | maxDets=100 ] = 0.166
 Average Recall     (AR) @[ IoU=0.50:0.95 | area=medium | maxDets=100 ] = 0.429
 Average Recall     (AR) @[ IoU=0.50:0.95 | area= large | maxDets=100 ] = 0.612

======================================================================
[COCO] fgsm_eps0.03+gaussian (22435 detections)
======================================================================
Loading and preparing results...
DONE (t=0.05s)
creating index...
index created!
Running per image evaluation...
Evaluate annotation type *bbox*
DONE (t=7.89s).
Accumulating evaluation results...
DONE (t=1.15s).
 Average Precision  (AP) @[ IoU=0.50:0.95 | area=   all | maxDets=100 ] = 0.262
 Average Precision  (AP) @[ IoU=0.50      | area=   all | maxDets=100 ] = 0.362
 Average Precision  (AP) @[ IoU=0.75      | area=   all | maxDets=100 ] = 0.274
 Average Precision  (AP) @[ IoU=0.50:0.95 | area= small | maxDets=100 ] = 0.098
 Average Precision  (AP) @[ IoU=0.50:0.95 | area=medium | maxDets=100 ] = 0.282
 Average Precision  (AP) @[ IoU=0.50:0.95 | area= large | maxDets=100 ] = 0.449
 Average Recall     (AR) @[ IoU=0.50:0.95 | area=   all | maxDets=  1 ] = 0.232
 Average Recall     (AR) @[ IoU=0.50:0.95 | area=   all | maxDets= 10 ] = 0.338
 Average Recall     (AR) @[ IoU=0.50:0.95 | area=   all | maxDets=100 ] = 0.346
 Average Recall     (AR) @[ IoU=0.50:0.95 | area= small | maxDets=100 ] = 0.123
 Average Recall     (AR) @[ IoU=0.50:0.95 | area=medium | maxDets=100 ] = 0.365
 Average Recall     (AR) @[ IoU=0.50:0.95 | area= large | maxDets=100 ] = 0.578

======================================================================
[COCO] fgsm_eps0.03+svd (28200 detections)
======================================================================
Loading and preparing results...
DONE (t=0.64s)
creating index...
index created!
Running per image evaluation...
Evaluate annotation type *bbox*
DONE (t=8.82s).
Accumulating evaluation results...
DONE (t=1.19s).
 Average Precision  (AP) @[ IoU=0.50:0.95 | area=   all | maxDets=100 ] = 0.246
 Average Precision  (AP) @[ IoU=0.50      | area=   all | maxDets=100 ] = 0.356
 Average Precision  (AP) @[ IoU=0.75      | area=   all | maxDets=100 ] = 0.255
 Average Precision  (AP) @[ IoU=0.50:0.95 | area= small | maxDets=100 ] = 0.092
 Average Precision  (AP) @[ IoU=0.50:0.95 | area=medium | maxDets=100 ] = 0.248
 Average Precision  (AP) @[ IoU=0.50:0.95 | area= large | maxDets=100 ] = 0.423
 Average Recall     (AR) @[ IoU=0.50:0.95 | area=   all | maxDets=  1 ] = 0.226
 Average Recall     (AR) @[ IoU=0.50:0.95 | area=   all | maxDets= 10 ] = 0.334
 Average Recall     (AR) @[ IoU=0.50:0.95 | area=   all | maxDets=100 ] = 0.343
 Average Recall     (AR) @[ IoU=0.50:0.95 | area= small | maxDets=100 ] = 0.140
 Average Recall     (AR) @[ IoU=0.50:0.95 | area=medium | maxDets=100 ] = 0.348
 Average Recall     (AR) @[ IoU=0.50:0.95 | area= large | maxDets=100 ] = 0.555

======================================================================
[COCO] fgsm_eps0.03+bilateral (32494 detections)
======================================================================
Loading and preparing results...
DONE (t=0.07s)
creating index...
index created!
Running per image evaluation...
Evaluate annotation type *bbox*
DONE (t=9.25s).
Accumulating evaluation results...
DONE (t=1.25s).
 Average Precision  (AP) @[ IoU=0.50:0.95 | area=   all | maxDets=100 ] = 0.294
 Average Precision  (AP) @[ IoU=0.50      | area=   all | maxDets=100 ] = 0.412
 Average Precision  (AP) @[ IoU=0.75      | area=   all | maxDets=100 ] = 0.311
 Average Precision  (AP) @[ IoU=0.50:0.95 | area= small | maxDets=100 ] = 0.123
 Average Precision  (AP) @[ IoU=0.50:0.95 | area=medium | maxDets=100 ] = 0.304
 Average Precision  (AP) @[ IoU=0.50:0.95 | area= large | maxDets=100 ] = 0.477
 Average Recall     (AR) @[ IoU=0.50:0.95 | area=   all | maxDets=  1 ] = 0.266
 Average Recall     (AR) @[ IoU=0.50:0.95 | area=   all | maxDets= 10 ] = 0.397
 Average Recall     (AR) @[ IoU=0.50:0.95 | area=   all | maxDets=100 ] = 0.410
 Average Recall     (AR) @[ IoU=0.50:0.95 | area= small | maxDets=100 ] = 0.189
 Average Recall     (AR) @[ IoU=0.50:0.95 | area=medium | maxDets=100 ] = 0.432
 Average Recall     (AR) @[ IoU=0.50:0.95 | area= large | maxDets=100 ] = 0.613

======================================================================
[COCO] fgsm_eps0.03+nlm (27536 detections)
======================================================================
Loading and preparing results...
DONE (t=0.06s)
creating index...
index created!
Running per image evaluation...
Evaluate annotation type *bbox*
DONE (t=9.30s).
Accumulating evaluation results...
DONE (t=1.18s).
 Average Precision  (AP) @[ IoU=0.50:0.95 | area=   all | maxDets=100 ] = 0.242
 Average Precision  (AP) @[ IoU=0.50      | area=   all | maxDets=100 ] = 0.349
 Average Precision  (AP) @[ IoU=0.75      | area=   all | maxDets=100 ] = 0.252
 Average Precision  (AP) @[ IoU=0.50:0.95 | area= small | maxDets=100 ] = 0.087
 Average Precision  (AP) @[ IoU=0.50:0.95 | area=medium | maxDets=100 ] = 0.247
 Average Precision  (AP) @[ IoU=0.50:0.95 | area= large | maxDets=100 ] = 0.426
 Average Recall     (AR) @[ IoU=0.50:0.95 | area=   all | maxDets=  1 ] = 0.221
 Average Recall     (AR) @[ IoU=0.50:0.95 | area=   all | maxDets= 10 ] = 0.329
 Average Recall     (AR) @[ IoU=0.50:0.95 | area=   all | maxDets=100 ] = 0.338
 Average Recall     (AR) @[ IoU=0.50:0.95 | area= small | maxDets=100 ] = 0.132
 Average Recall     (AR) @[ IoU=0.50:0.95 | area=medium | maxDets=100 ] = 0.344
 Average Recall     (AR) @[ IoU=0.50:0.95 | area= large | maxDets=100 ] = 0.561

======================================================================
[COCO] fgsm_eps0.03+bit_depth (20976 detections)
======================================================================
Loading and preparing results...
DONE (t=0.05s)
creating index...
index created!
Running per image evaluation...
Evaluate annotation type *bbox*
DONE (t=7.91s).
Accumulating evaluation results...
DONE (t=1.10s).
 Average Precision  (AP) @[ IoU=0.50:0.95 | area=   all | maxDets=100 ] = 0.232
 Average Precision  (AP) @[ IoU=0.50      | area=   all | maxDets=100 ] = 0.326
 Average Precision  (AP) @[ IoU=0.75      | area=   all | maxDets=100 ] = 0.243
 Average Precision  (AP) @[ IoU=0.50:0.95 | area= small | maxDets=100 ] = 0.075
 Average Precision  (AP) @[ IoU=0.50:0.95 | area=medium | maxDets=100 ] = 0.237
 Average Precision  (AP) @[ IoU=0.50:0.95 | area= large | maxDets=100 ] = 0.412
 Average Recall     (AR) @[ IoU=0.50:0.95 | area=   all | maxDets=  1 ] = 0.205
 Average Recall     (AR) @[ IoU=0.50:0.95 | area=   all | maxDets= 10 ] = 0.297
 Average Recall     (AR) @[ IoU=0.50:0.95 | area=   all | maxDets=100 ] = 0.303
 Average Recall     (AR) @[ IoU=0.50:0.95 | area= small | maxDets=100 ] = 0.098
 Average Recall     (AR) @[ IoU=0.50:0.95 | area=medium | maxDets=100 ] = 0.305
 Average Recall     (AR) @[ IoU=0.50:0.95 | area= large | maxDets=100 ] = 0.521

======================================================================
[COCO] fgsm_eps0.03+random_resize (19954 detections)
======================================================================
Loading and preparing results...
DONE (t=0.04s)
creating index...
index created!
Running per image evaluation...
Evaluate annotation type *bbox*
DONE (t=7.50s).
Accumulating evaluation results...
DONE (t=1.06s).
 Average Precision  (AP) @[ IoU=0.50:0.95 | area=   all | maxDets=100 ] = 0.139
 Average Precision  (AP) @[ IoU=0.50      | area=   all | maxDets=100 ] = 0.252
 Average Precision  (AP) @[ IoU=0.75      | area=   all | maxDets=100 ] = 0.135
 Average Precision  (AP) @[ IoU=0.50:0.95 | area= small | maxDets=100 ] = 0.017
 Average Precision  (AP) @[ IoU=0.50:0.95 | area=medium | maxDets=100 ] = 0.097
 Average Precision  (AP) @[ IoU=0.50:0.95 | area= large | maxDets=100 ] = 0.307
 Average Recall     (AR) @[ IoU=0.50:0.95 | area=   all | maxDets=  1 ] = 0.141
 Average Recall     (AR) @[ IoU=0.50:0.95 | area=   all | maxDets= 10 ] = 0.190
 Average Recall     (AR) @[ IoU=0.50:0.95 | area=   all | maxDets=100 ] = 0.193
 Average Recall     (AR) @[ IoU=0.50:0.95 | area= small | maxDets=100 ] = 0.028
 Average Recall     (AR) @[ IoU=0.50:0.95 | area=medium | maxDets=100 ] = 0.157
 Average Recall     (AR) @[ IoU=0.50:0.95 | area= large | maxDets=100 ] = 0.406

======================================================================
[COCO] fgsm_eps0.03+dithering (25011 detections)
======================================================================
Loading and preparing results...
DONE (t=0.06s)
creating index...
index created!
Running per image evaluation...
Evaluate annotation type *bbox*
DONE (t=8.36s).
Accumulating evaluation results...
DONE (t=1.15s).
 Average Precision  (AP) @[ IoU=0.50:0.95 | area=   all | maxDets=100 ] = 0.261
 Average Precision  (AP) @[ IoU=0.50      | area=   all | maxDets=100 ] = 0.368
 Average Precision  (AP) @[ IoU=0.75      | area=   all | maxDets=100 ] = 0.274
 Average Precision  (AP) @[ IoU=0.50:0.95 | area= small | maxDets=100 ] = 0.095
 Average Precision  (AP) @[ IoU=0.50:0.95 | area=medium | maxDets=100 ] = 0.277
 Average Precision  (AP) @[ IoU=0.50:0.95 | area= large | maxDets=100 ] = 0.436
 Average Recall     (AR) @[ IoU=0.50:0.95 | area=   all | maxDets=  1 ] = 0.235
 Average Recall     (AR) @[ IoU=0.50:0.95 | area=   all | maxDets= 10 ] = 0.341
 Average Recall     (AR) @[ IoU=0.50:0.95 | area=   all | maxDets=100 ] = 0.350
 Average Recall     (AR) @[ IoU=0.50:0.95 | area= small | maxDets=100 ] = 0.133
 Average Recall     (AR) @[ IoU=0.50:0.95 | area=medium | maxDets=100 ] = 0.367
 Average Recall     (AR) @[ IoU=0.50:0.95 | area= large | maxDets=100 ] = 0.560

======================================================================
[COCO] fgsm_eps0.03+anisotropic (29692 detections)
======================================================================
Loading and preparing results...
DONE (t=0.07s)
creating index...
index created!
Running per image evaluation...
Evaluate annotation type *bbox*
DONE (t=9.56s).
Accumulating evaluation results...
DONE (t=1.22s).
 Average Precision  (AP) @[ IoU=0.50:0.95 | area=   all | maxDets=100 ] = 0.285
 Average Precision  (AP) @[ IoU=0.50      | area=   all | maxDets=100 ] = 0.399
 Average Precision  (AP) @[ IoU=0.75      | area=   all | maxDets=100 ] = 0.300
 Average Precision  (AP) @[ IoU=0.50:0.95 | area= small | maxDets=100 ] = 0.117
 Average Precision  (AP) @[ IoU=0.50:0.95 | area=medium | maxDets=100 ] = 0.299
 Average Precision  (AP) @[ IoU=0.50:0.95 | area= large | maxDets=100 ] = 0.466
 Average Recall     (AR) @[ IoU=0.50:0.95 | area=   all | maxDets=  1 ] = 0.258
 Average Recall     (AR) @[ IoU=0.50:0.95 | area=   all | maxDets= 10 ] = 0.383
 Average Recall     (AR) @[ IoU=0.50:0.95 | area=   all | maxDets=100 ] = 0.394
 Average Recall     (AR) @[ IoU=0.50:0.95 | area= small | maxDets=100 ] = 0.172
 Average Recall     (AR) @[ IoU=0.50:0.95 | area=medium | maxDets=100 ] = 0.414
 Average Recall     (AR) @[ IoU=0.50:0.95 | area= large | maxDets=100 ] = 0.603

======================================================================
[COCO] clean+ens_blur_tvm_combo (36141 detections)
======================================================================
Loading and preparing results...
DONE (t=0.08s)
creating index...
index created!
Running per image evaluation...
Evaluate annotation type *bbox*
DONE (t=9.85s).
Accumulating evaluation results...
DONE (t=1.30s).
 Average Precision  (AP) @[ IoU=0.50:0.95 | area=   all | maxDets=100 ] = 0.319
 Average Precision  (AP) @[ IoU=0.50      | area=   all | maxDets=100 ] = 0.450
 Average Precision  (AP) @[ IoU=0.75      | area=   all | maxDets=100 ] = 0.334
 Average Precision  (AP) @[ IoU=0.50:0.95 | area= small | maxDets=100 ] = 0.155
 Average Precision  (AP) @[ IoU=0.50:0.95 | area=medium | maxDets=100 ] = 0.345
 Average Precision  (AP) @[ IoU=0.50:0.95 | area= large | maxDets=100 ] = 0.490
 Average Recall     (AR) @[ IoU=0.50:0.95 | area=   all | maxDets=  1 ] = 0.288
 Average Recall     (AR) @[ IoU=0.50:0.95 | area=   all | maxDets= 10 ] = 0.444
 Average Recall     (AR) @[ IoU=0.50:0.95 | area=   all | maxDets=100 ] = 0.462
 Average Recall     (AR) @[ IoU=0.50:0.95 | area= small | maxDets=100 ] = 0.231
 Average Recall     (AR) @[ IoU=0.50:0.95 | area=medium | maxDets=100 ] = 0.497
 Average Recall     (AR) @[ IoU=0.50:0.95 | area= large | maxDets=100 ] = 0.664

======================================================================
[COCO] clean+ens_jpeg_median_gaussian (36057 detections)
======================================================================
Loading and preparing results...
DONE (t=0.08s)
creating index...
index created!
Running per image evaluation...
Evaluate annotation type *bbox*
DONE (t=9.77s).
Accumulating evaluation results...
DONE (t=1.28s).
 Average Precision  (AP) @[ IoU=0.50:0.95 | area=   all | maxDets=100 ] = 0.324
 Average Precision  (AP) @[ IoU=0.50      | area=   all | maxDets=100 ] = 0.454
 Average Precision  (AP) @[ IoU=0.75      | area=   all | maxDets=100 ] = 0.338
 Average Precision  (AP) @[ IoU=0.50:0.95 | area= small | maxDets=100 ] = 0.158
 Average Precision  (AP) @[ IoU=0.50:0.95 | area=medium | maxDets=100 ] = 0.349
 Average Precision  (AP) @[ IoU=0.50:0.95 | area= large | maxDets=100 ] = 0.496
 Average Recall     (AR) @[ IoU=0.50:0.95 | area=   all | maxDets=  1 ] = 0.291
 Average Recall     (AR) @[ IoU=0.50:0.95 | area=   all | maxDets= 10 ] = 0.445
 Average Recall     (AR) @[ IoU=0.50:0.95 | area=   all | maxDets=100 ] = 0.464
 Average Recall     (AR) @[ IoU=0.50:0.95 | area= small | maxDets=100 ] = 0.232
 Average Recall     (AR) @[ IoU=0.50:0.95 | area=medium | maxDets=100 ] = 0.498
 Average Recall     (AR) @[ IoU=0.50:0.95 | area= large | maxDets=100 ] = 0.669

======================================================================
[COCO] clean+ens_jpeg_median_tvm (36105 detections)
======================================================================
Loading and preparing results...
DONE (t=0.64s)
creating index...
index created!
Running per image evaluation...
Evaluate annotation type *bbox*
DONE (t=9.87s).
Accumulating evaluation results...
DONE (t=1.29s).
 Average Precision  (AP) @[ IoU=0.50:0.95 | area=   all | maxDets=100 ] = 0.324
 Average Precision  (AP) @[ IoU=0.50      | area=   all | maxDets=100 ] = 0.455
 Average Precision  (AP) @[ IoU=0.75      | area=   all | maxDets=100 ] = 0.340
 Average Precision  (AP) @[ IoU=0.50:0.95 | area= small | maxDets=100 ] = 0.159
 Average Precision  (AP) @[ IoU=0.50:0.95 | area=medium | maxDets=100 ] = 0.347
 Average Precision  (AP) @[ IoU=0.50:0.95 | area= large | maxDets=100 ] = 0.495
 Average Recall     (AR) @[ IoU=0.50:0.95 | area=   all | maxDets=  1 ] = 0.290
 Average Recall     (AR) @[ IoU=0.50:0.95 | area=   all | maxDets= 10 ] = 0.445
 Average Recall     (AR) @[ IoU=0.50:0.95 | area=   all | maxDets=100 ] = 0.464
 Average Recall     (AR) @[ IoU=0.50:0.95 | area= small | maxDets=100 ] = 0.234
 Average Recall     (AR) @[ IoU=0.50:0.95 | area=medium | maxDets=100 ] = 0.497
 Average Recall     (AR) @[ IoU=0.50:0.95 | area= large | maxDets=100 ] = 0.664

======================================================================
[COCO] clean+ens_4way (36838 detections)
======================================================================
Loading and preparing results...
DONE (t=0.08s)
creating index...
index created!
Running per image evaluation...
Evaluate annotation type *bbox*
DONE (t=9.83s).
Accumulating evaluation results...
DONE (t=1.30s).
 Average Precision  (AP) @[ IoU=0.50:0.95 | area=   all | maxDets=100 ] = 0.321
 Average Precision  (AP) @[ IoU=0.50      | area=   all | maxDets=100 ] = 0.454
 Average Precision  (AP) @[ IoU=0.75      | area=   all | maxDets=100 ] = 0.335
 Average Precision  (AP) @[ IoU=0.50:0.95 | area= small | maxDets=100 ] = 0.158
 Average Precision  (AP) @[ IoU=0.50:0.95 | area=medium | maxDets=100 ] = 0.346
 Average Precision  (AP) @[ IoU=0.50:0.95 | area= large | maxDets=100 ] = 0.489
 Average Recall     (AR) @[ IoU=0.50:0.95 | area=   all | maxDets=  1 ] = 0.289
 Average Recall     (AR) @[ IoU=0.50:0.95 | area=   all | maxDets= 10 ] = 0.447
 Average Recall     (AR) @[ IoU=0.50:0.95 | area=   all | maxDets=100 ] = 0.466
 Average Recall     (AR) @[ IoU=0.50:0.95 | area= small | maxDets=100 ] = 0.235
 Average Recall     (AR) @[ IoU=0.50:0.95 | area=medium | maxDets=100 ] = 0.500
 Average Recall     (AR) @[ IoU=0.50:0.95 | area= large | maxDets=100 ] = 0.668

======================================================================
[COCO] clean+ens_jpeg_tvm_svd (36254 detections)
======================================================================
Loading and preparing results...
DONE (t=0.63s)
creating index...
index created!
Running per image evaluation...
Evaluate annotation type *bbox*
DONE (t=9.81s).
Accumulating evaluation results...
DONE (t=1.29s).
 Average Precision  (AP) @[ IoU=0.50:0.95 | area=   all | maxDets=100 ] = 0.324
 Average Precision  (AP) @[ IoU=0.50      | area=   all | maxDets=100 ] = 0.455
 Average Precision  (AP) @[ IoU=0.75      | area=   all | maxDets=100 ] = 0.341
 Average Precision  (AP) @[ IoU=0.50:0.95 | area= small | maxDets=100 ] = 0.158
 Average Precision  (AP) @[ IoU=0.50:0.95 | area=medium | maxDets=100 ] = 0.348
 Average Precision  (AP) @[ IoU=0.50:0.95 | area= large | maxDets=100 ] = 0.498
 Average Recall     (AR) @[ IoU=0.50:0.95 | area=   all | maxDets=  1 ] = 0.290
 Average Recall     (AR) @[ IoU=0.50:0.95 | area=   all | maxDets= 10 ] = 0.446
 Average Recall     (AR) @[ IoU=0.50:0.95 | area=   all | maxDets=100 ] = 0.464
 Average Recall     (AR) @[ IoU=0.50:0.95 | area= small | maxDets=100 ] = 0.234
 Average Recall     (AR) @[ IoU=0.50:0.95 | area=medium | maxDets=100 ] = 0.495
 Average Recall     (AR) @[ IoU=0.50:0.95 | area= large | maxDets=100 ] = 0.667

======================================================================
[COCO] clean+ens_jpeg_bilateral_tvm (36736 detections)
======================================================================
Loading and preparing results...
DONE (t=0.08s)
creating index...
index created!
Running per image evaluation...
Evaluate annotation type *bbox*
DONE (t=10.71s).
Accumulating evaluation results...
DONE (t=1.29s).
 Average Precision  (AP) @[ IoU=0.50:0.95 | area=   all | maxDets=100 ] = 0.325
 Average Precision  (AP) @[ IoU=0.50      | area=   all | maxDets=100 ] = 0.457
 Average Precision  (AP) @[ IoU=0.75      | area=   all | maxDets=100 ] = 0.342
 Average Precision  (AP) @[ IoU=0.50:0.95 | area= small | maxDets=100 ] = 0.165
 Average Precision  (AP) @[ IoU=0.50:0.95 | area=medium | maxDets=100 ] = 0.350
 Average Precision  (AP) @[ IoU=0.50:0.95 | area= large | maxDets=100 ] = 0.493
 Average Recall     (AR) @[ IoU=0.50:0.95 | area=   all | maxDets=  1 ] = 0.291
 Average Recall     (AR) @[ IoU=0.50:0.95 | area=   all | maxDets= 10 ] = 0.448
 Average Recall     (AR) @[ IoU=0.50:0.95 | area=   all | maxDets=100 ] = 0.467
 Average Recall     (AR) @[ IoU=0.50:0.95 | area= small | maxDets=100 ] = 0.242
 Average Recall     (AR) @[ IoU=0.50:0.95 | area=medium | maxDets=100 ] = 0.499
 Average Recall     (AR) @[ IoU=0.50:0.95 | area= large | maxDets=100 ] = 0.664

======================================================================
[COCO] clean+ens_bilateral_median (36704 detections)
======================================================================
Loading and preparing results...
DONE (t=0.08s)
creating index...
index created!
Running per image evaluation...
Evaluate annotation type *bbox*
DONE (t=10.06s).
Accumulating evaluation results...
DONE (t=1.29s).
 Average Precision  (AP) @[ IoU=0.50:0.95 | area=   all | maxDets=100 ] = 0.326
 Average Precision  (AP) @[ IoU=0.50      | area=   all | maxDets=100 ] = 0.458
 Average Precision  (AP) @[ IoU=0.75      | area=   all | maxDets=100 ] = 0.343
 Average Precision  (AP) @[ IoU=0.50:0.95 | area= small | maxDets=100 ] = 0.162
 Average Precision  (AP) @[ IoU=0.50:0.95 | area=medium | maxDets=100 ] = 0.347
 Average Precision  (AP) @[ IoU=0.50:0.95 | area= large | maxDets=100 ] = 0.496
 Average Recall     (AR) @[ IoU=0.50:0.95 | area=   all | maxDets=  1 ] = 0.291
 Average Recall     (AR) @[ IoU=0.50:0.95 | area=   all | maxDets= 10 ] = 0.447
 Average Recall     (AR) @[ IoU=0.50:0.95 | area=   all | maxDets=100 ] = 0.468
 Average Recall     (AR) @[ IoU=0.50:0.95 | area= small | maxDets=100 ] = 0.242
 Average Recall     (AR) @[ IoU=0.50:0.95 | area=medium | maxDets=100 ] = 0.497
 Average Recall     (AR) @[ IoU=0.50:0.95 | area= large | maxDets=100 ] = 0.664

======================================================================
[COCO] fgsm_eps0.03+ens_blur_tvm_combo (36357 detections)
======================================================================
Loading and preparing results...
DONE (t=0.08s)
creating index...
index created!
Running per image evaluation...
Evaluate annotation type *bbox*
DONE (t=9.88s).
Accumulating evaluation results...
DONE (t=1.29s).
 Average Precision  (AP) @[ IoU=0.50:0.95 | area=   all | maxDets=100 ] = 0.291
 Average Precision  (AP) @[ IoU=0.50      | area=   all | maxDets=100 ] = 0.423
 Average Precision  (AP) @[ IoU=0.75      | area=   all | maxDets=100 ] = 0.303
 Average Precision  (AP) @[ IoU=0.50:0.95 | area= small | maxDets=100 ] = 0.126
 Average Precision  (AP) @[ IoU=0.50:0.95 | area=medium | maxDets=100 ] = 0.311
 Average Precision  (AP) @[ IoU=0.50:0.95 | area= large | maxDets=100 ] = 0.467
 Average Recall     (AR) @[ IoU=0.50:0.95 | area=   all | maxDets=  1 ] = 0.271
 Average Recall     (AR) @[ IoU=0.50:0.95 | area=   all | maxDets= 10 ] = 0.416
 Average Recall     (AR) @[ IoU=0.50:0.95 | area=   all | maxDets=100 ] = 0.434
 Average Recall     (AR) @[ IoU=0.50:0.95 | area= small | maxDets=100 ] = 0.196
 Average Recall     (AR) @[ IoU=0.50:0.95 | area=medium | maxDets=100 ] = 0.467
 Average Recall     (AR) @[ IoU=0.50:0.95 | area= large | maxDets=100 ] = 0.645

======================================================================
[COCO] fgsm_eps0.03+ens_jpeg_median_gaussian (36283 detections)
======================================================================
Loading and preparing results...
DONE (t=0.08s)
creating index...
index created!
Running per image evaluation...
Evaluate annotation type *bbox*
DONE (t=9.80s).
Accumulating evaluation results...
DONE (t=1.29s).
 Average Precision  (AP) @[ IoU=0.50:0.95 | area=   all | maxDets=100 ] = 0.293
 Average Precision  (AP) @[ IoU=0.50      | area=   all | maxDets=100 ] = 0.424
 Average Precision  (AP) @[ IoU=0.75      | area=   all | maxDets=100 ] = 0.305
 Average Precision  (AP) @[ IoU=0.50:0.95 | area= small | maxDets=100 ] = 0.128
 Average Precision  (AP) @[ IoU=0.50:0.95 | area=medium | maxDets=100 ] = 0.315
 Average Precision  (AP) @[ IoU=0.50:0.95 | area= large | maxDets=100 ] = 0.467
 Average Recall     (AR) @[ IoU=0.50:0.95 | area=   all | maxDets=  1 ] = 0.271
 Average Recall     (AR) @[ IoU=0.50:0.95 | area=   all | maxDets= 10 ] = 0.417
 Average Recall     (AR) @[ IoU=0.50:0.95 | area=   all | maxDets=100 ] = 0.434
 Average Recall     (AR) @[ IoU=0.50:0.95 | area= small | maxDets=100 ] = 0.197
 Average Recall     (AR) @[ IoU=0.50:0.95 | area=medium | maxDets=100 ] = 0.470
 Average Recall     (AR) @[ IoU=0.50:0.95 | area= large | maxDets=100 ] = 0.640

======================================================================
[COCO] fgsm_eps0.03+ens_jpeg_median_tvm (36119 detections)
======================================================================
Loading and preparing results...
DONE (t=0.08s)
creating index...
index created!
Running per image evaluation...
Evaluate annotation type *bbox*
DONE (t=10.60s).
Accumulating evaluation results...
DONE (t=1.29s).
 Average Precision  (AP) @[ IoU=0.50:0.95 | area=   all | maxDets=100 ] = 0.293
 Average Precision  (AP) @[ IoU=0.50      | area=   all | maxDets=100 ] = 0.423
 Average Precision  (AP) @[ IoU=0.75      | area=   all | maxDets=100 ] = 0.306
 Average Precision  (AP) @[ IoU=0.50:0.95 | area= small | maxDets=100 ] = 0.127
 Average Precision  (AP) @[ IoU=0.50:0.95 | area=medium | maxDets=100 ] = 0.311
 Average Precision  (AP) @[ IoU=0.50:0.95 | area= large | maxDets=100 ] = 0.468
 Average Recall     (AR) @[ IoU=0.50:0.95 | area=   all | maxDets=  1 ] = 0.271
 Average Recall     (AR) @[ IoU=0.50:0.95 | area=   all | maxDets= 10 ] = 0.414
 Average Recall     (AR) @[ IoU=0.50:0.95 | area=   all | maxDets=100 ] = 0.432
 Average Recall     (AR) @[ IoU=0.50:0.95 | area= small | maxDets=100 ] = 0.195
 Average Recall     (AR) @[ IoU=0.50:0.95 | area=medium | maxDets=100 ] = 0.463
 Average Recall     (AR) @[ IoU=0.50:0.95 | area= large | maxDets=100 ] = 0.641

======================================================================
[COCO] fgsm_eps0.03+ens_4way (37021 detections)
======================================================================
Loading and preparing results...
DONE (t=0.08s)
creating index...
index created!
Running per image evaluation...
Evaluate annotation type *bbox*
DONE (t=10.02s).
Accumulating evaluation results...
DONE (t=1.29s).
 Average Precision  (AP) @[ IoU=0.50:0.95 | area=   all | maxDets=100 ] = 0.290
 Average Precision  (AP) @[ IoU=0.50      | area=   all | maxDets=100 ] = 0.422
 Average Precision  (AP) @[ IoU=0.75      | area=   all | maxDets=100 ] = 0.300
 Average Precision  (AP) @[ IoU=0.50:0.95 | area= small | maxDets=100 ] = 0.127
 Average Precision  (AP) @[ IoU=0.50:0.95 | area=medium | maxDets=100 ] = 0.313
 Average Precision  (AP) @[ IoU=0.50:0.95 | area= large | maxDets=100 ] = 0.460
 Average Recall     (AR) @[ IoU=0.50:0.95 | area=   all | maxDets=  1 ] = 0.269
 Average Recall     (AR) @[ IoU=0.50:0.95 | area=   all | maxDets= 10 ] = 0.417
 Average Recall     (AR) @[ IoU=0.50:0.95 | area=   all | maxDets=100 ] = 0.434
 Average Recall     (AR) @[ IoU=0.50:0.95 | area= small | maxDets=100 ] = 0.198
 Average Recall     (AR) @[ IoU=0.50:0.95 | area=medium | maxDets=100 ] = 0.469
 Average Recall     (AR) @[ IoU=0.50:0.95 | area= large | maxDets=100 ] = 0.642

======================================================================
[COCO] fgsm_eps0.03+ens_jpeg_tvm_svd (37261 detections)
======================================================================
Loading and preparing results...
DONE (t=0.08s)
creating index...
index created!
Running per image evaluation...
Evaluate annotation type *bbox*
DONE (t=10.00s).
Accumulating evaluation results...
DONE (t=1.29s).
 Average Precision  (AP) @[ IoU=0.50:0.95 | area=   all | maxDets=100 ] = 0.279
 Average Precision  (AP) @[ IoU=0.50      | area=   all | maxDets=100 ] = 0.407
 Average Precision  (AP) @[ IoU=0.75      | area=   all | maxDets=100 ] = 0.291
 Average Precision  (AP) @[ IoU=0.50:0.95 | area= small | maxDets=100 ] = 0.115
 Average Precision  (AP) @[ IoU=0.50:0.95 | area=medium | maxDets=100 ] = 0.296
 Average Precision  (AP) @[ IoU=0.50:0.95 | area= large | maxDets=100 ] = 0.455
 Average Recall     (AR) @[ IoU=0.50:0.95 | area=   all | maxDets=  1 ] = 0.261
 Average Recall     (AR) @[ IoU=0.50:0.95 | area=   all | maxDets= 10 ] = 0.404
 Average Recall     (AR) @[ IoU=0.50:0.95 | area=   all | maxDets=100 ] = 0.421
 Average Recall     (AR) @[ IoU=0.50:0.95 | area= small | maxDets=100 ] = 0.189
 Average Recall     (AR) @[ IoU=0.50:0.95 | area=medium | maxDets=100 ] = 0.446
 Average Recall     (AR) @[ IoU=0.50:0.95 | area= large | maxDets=100 ] = 0.639

======================================================================
[COCO] fgsm_eps0.03+ens_jpeg_bilateral_tvm (37247 detections)
======================================================================
Loading and preparing results...
DONE (t=0.08s)
creating index...
index created!
Running per image evaluation...
Evaluate annotation type *bbox*
DONE (t=10.03s).
Accumulating evaluation results...
DONE (t=1.29s).
 Average Precision  (AP) @[ IoU=0.50:0.95 | area=   all | maxDets=100 ] = 0.294
 Average Precision  (AP) @[ IoU=0.50      | area=   all | maxDets=100 ] = 0.421
 Average Precision  (AP) @[ IoU=0.75      | area=   all | maxDets=100 ] = 0.309
 Average Precision  (AP) @[ IoU=0.50:0.95 | area= small | maxDets=100 ] = 0.129
 Average Precision  (AP) @[ IoU=0.50:0.95 | area=medium | maxDets=100 ] = 0.306
 Average Precision  (AP) @[ IoU=0.50:0.95 | area= large | maxDets=100 ] = 0.473
 Average Recall     (AR) @[ IoU=0.50:0.95 | area=   all | maxDets=  1 ] = 0.273
 Average Recall     (AR) @[ IoU=0.50:0.95 | area=   all | maxDets= 10 ] = 0.419
 Average Recall     (AR) @[ IoU=0.50:0.95 | area=   all | maxDets=100 ] = 0.436
 Average Recall     (AR) @[ IoU=0.50:0.95 | area= small | maxDets=100 ] = 0.208
 Average Recall     (AR) @[ IoU=0.50:0.95 | area=medium | maxDets=100 ] = 0.460
 Average Recall     (AR) @[ IoU=0.50:0.95 | area= large | maxDets=100 ] = 0.645

======================================================================
[COCO] fgsm_eps0.03+ens_bilateral_median (36832 detections)
======================================================================
Loading and preparing results...
DONE (t=0.08s)
creating index...
index created!
Running per image evaluation...
Evaluate annotation type *bbox*
DONE (t=9.89s).
Accumulating evaluation results...
DONE (t=1.33s).
 Average Precision  (AP) @[ IoU=0.50:0.95 | area=   all | maxDets=100 ] = 0.293
 Average Precision  (AP) @[ IoU=0.50      | area=   all | maxDets=100 ] = 0.423
 Average Precision  (AP) @[ IoU=0.75      | area=   all | maxDets=100 ] = 0.306
 Average Precision  (AP) @[ IoU=0.50:0.95 | area= small | maxDets=100 ] = 0.130
 Average Precision  (AP) @[ IoU=0.50:0.95 | area=medium | maxDets=100 ] = 0.308
 Average Precision  (AP) @[ IoU=0.50:0.95 | area= large | maxDets=100 ] = 0.469
 Average Recall     (AR) @[ IoU=0.50:0.95 | area=   all | maxDets=  1 ] = 0.270
 Average Recall     (AR) @[ IoU=0.50:0.95 | area=   all | maxDets= 10 ] = 0.415
 Average Recall     (AR) @[ IoU=0.50:0.95 | area=   all | maxDets=100 ] = 0.432
 Average Recall     (AR) @[ IoU=0.50:0.95 | area= small | maxDets=100 ] = 0.208
 Average Recall     (AR) @[ IoU=0.50:0.95 | area=medium | maxDets=100 ] = 0.456
 Average Recall     (AR) @[ IoU=0.50:0.95 | area= large | maxDets=100 ] = 0.636
====================================================================================================
                         ATTACKED vs RECOVERED — fgsm_eps0.03 (FLORENCE-2)                          
====================================================================================================
  Clean baseline   : 0.3300
  Attacked         : 0.2488
  Attack damage    : +0.0811

----------------------------------------------------------------------------------------------------
  Rank  Defense                      Kind        Attacked  Recovered     Δ mAP    Rec%    Verdict
----------------------------------------------------------------------------------------------------
  1     ens_jpeg_bilateral_tvm       ENSEMBLE      0.2488     0.2942   +0.0453  +55.9%   RECOVERS
  2     bilateral                    solo          0.2488     0.2938   +0.0449  +55.4%   RECOVERS
  3     ens_jpeg_median_gaussian     ENSEMBLE      0.2488     0.2934   +0.0445  +54.9%   RECOVERS
  4     ens_jpeg_median_tvm          ENSEMBLE      0.2488     0.2931   +0.0443  +54.6%   RECOVERS
  5     ens_bilateral_median         ENSEMBLE      0.2488     0.2931   +0.0443  +54.5%   RECOVERS
  6     jpeg                         solo          0.2488     0.2922   +0.0434  +53.5%   RECOVERS
  7     ens_blur_tvm_combo           ENSEMBLE      0.2488     0.2915   +0.0426  +52.6%   RECOVERS
  8     median                       solo          0.2488     0.2910   +0.0422  +52.0%   RECOVERS
  9     ens_4way                     ENSEMBLE      0.2488     0.2897   +0.0409  +50.4%   RECOVERS
  10    anisotropic                  solo          0.2488     0.2855   +0.0367  +45.2%   RECOVERS
  11    ens_jpeg_tvm_svd             ENSEMBLE      0.2488     0.2792   +0.0304  +37.5%   RECOVERS
  12    gaussian                     solo          0.2488     0.2621   +0.0133  +16.3%   RECOVERS
  13    dithering                    solo          0.2488     0.2610   +0.0122  +15.0%   RECOVERS
  14    blur_tvm                     solo          0.2488     0.2467   -0.0021   -2.6%    neutral
  15    svd                          solo          0.2488     0.2462   -0.0026   -3.2%    neutral
  16    tvm                          solo          0.2488     0.2440   -0.0048   -5.9%    neutral
  17    nlm                          solo          0.2488     0.2420   -0.0068   -8.4%      HURTS
  18    bit_depth                    solo          0.2488     0.2321   -0.0168  -20.7%      HURTS
  19    random_resize                solo          0.2488     0.1389   -0.1099 -135.5%      HURTS
----------------------------------------------------------------------------------------------------
[fgsm] wrote /u/student/2024/cs24mtech11024/Adversarial_Attack_Defence_Paper/results_survey_florence_detection_fgsm/summary_fgsm.json
======================================================================
                           Survey complete                            
======================================================================
