[GPU] CUDA_VISIBLE_DEVICES=5 (requested)
======================================================================
                Florence-2 Detection Robustness Survey                
======================================================================
Attacks: ['pgd'] | tier: survey | images: 5000 | novel: False
Device: cuda:0 | dtype: torch.float16 | output: /u/student/2024/cs24mtech11024/Adversarial_Attack_Defence_Paper/results_survey_florence_detection_pgd
Could not locate the configuration_florence2.py inside microsoft/Florence-2-base.
loading annotations into memory...
Done (t=0.62s)
creating index...
index created!
COCO: 80 categories | 5000 images selected.
======================================================================
                   Survey attack: pgd (pgd_eps0.03)                   
======================================================================
[survey] bm3d not installed (`pip install bm3d`) — dropping the 'bm3d' defense row.
[pgd] defenses (12): ['jpeg', 'tvm', 'blur_tvm', 'median', 'gaussian', 'svd', 'bilateral', 'nlm', 'bit_depth', 'random_resize', 'dithering', 'anisotropic']
[pgd] ensembles (7): ['ens_blur_tvm_combo', 'ens_jpeg_median_gaussian', 'ens_jpeg_median_tvm', 'ens_4way', 'ens_jpeg_tvm_svd', 'ens_jpeg_bilateral_tvm', 'ens_bilateral_median']
[survey-ckpt] Config changed (cache sig 92a467522813170c != f908101cb4bffa42); ignoring stale cache, starting fresh.
[survey-ckpt] Flushed 100 images -> /u/student/2024/cs24mtech11024/Adversarial_Attack_Defence_Paper/results_survey_florence_detection_pgd/checkpoint_pgd.pkl
[pgd_eps0.03] 100/5000 | attacked=5.1200 | best=54.0000 | 20.6m
[survey-ckpt] Flushed 200 images -> /u/student/2024/cs24mtech11024/Adversarial_Attack_Defence_Paper/results_survey_florence_detection_pgd/checkpoint_pgd.pkl
[pgd_eps0.03] 200/5000 | attacked=4.6250 | best=54.0000 | 39.5m
[survey-ckpt] Flushed 300 images -> /u/student/2024/cs24mtech11024/Adversarial_Attack_Defence_Paper/results_survey_florence_detection_pgd/checkpoint_pgd.pkl
[pgd_eps0.03] 300/5000 | attacked=4.5667 | best=54.0000 | 58.2m
[survey-ckpt] Flushed 400 images -> /u/student/2024/cs24mtech11024/Adversarial_Attack_Defence_Paper/results_survey_florence_detection_pgd/checkpoint_pgd.pkl
[pgd_eps0.03] 400/5000 | attacked=4.4550 | best=54.0000 | 77.3m
[survey-ckpt] Flushed 500 images -> /u/student/2024/cs24mtech11024/Adversarial_Attack_Defence_Paper/results_survey_florence_detection_pgd/checkpoint_pgd.pkl
[pgd_eps0.03] 500/5000 | attacked=4.3020 | best=54.0000 | 94.3m
[survey-ckpt] Flushed 600 images -> /u/student/2024/cs24mtech11024/Adversarial_Attack_Defence_Paper/results_survey_florence_detection_pgd/checkpoint_pgd.pkl
[pgd_eps0.03] 600/5000 | attacked=4.4083 | best=54.0000 | 114.0m
[survey-ckpt] Flushed 700 images -> /u/student/2024/cs24mtech11024/Adversarial_Attack_Defence_Paper/results_survey_florence_detection_pgd/checkpoint_pgd.pkl
[pgd_eps0.03] 700/5000 | attacked=4.4986 | best=54.0000 | 132.3m
[survey-ckpt] Flushed 800 images -> /u/student/2024/cs24mtech11024/Adversarial_Attack_Defence_Paper/results_survey_florence_detection_pgd/checkpoint_pgd.pkl
[pgd_eps0.03] 800/5000 | attacked=4.4750 | best=54.0000 | 151.4m
[survey-ckpt] Flushed 900 images -> /u/student/2024/cs24mtech11024/Adversarial_Attack_Defence_Paper/results_survey_florence_detection_pgd/checkpoint_pgd.pkl
[pgd_eps0.03] 900/5000 | attacked=4.4844 | best=54.0000 | 170.1m
[survey-ckpt] Flushed 1000 images -> /u/student/2024/cs24mtech11024/Adversarial_Attack_Defence_Paper/results_survey_florence_detection_pgd/checkpoint_pgd.pkl
[pgd_eps0.03] 1000/5000 | attacked=4.4240 | best=54.0000 | 187.3m
[survey-ckpt] Flushed 1100 images -> /u/student/2024/cs24mtech11024/Adversarial_Attack_Defence_Paper/results_survey_florence_detection_pgd/checkpoint_pgd.pkl
[pgd_eps0.03] 1100/5000 | attacked=4.4218 | best=54.0000 | 206.7m
[survey-ckpt] Flushed 1200 images -> /u/student/2024/cs24mtech11024/Adversarial_Attack_Defence_Paper/results_survey_florence_detection_pgd/checkpoint_pgd.pkl
[pgd_eps0.03] 1200/5000 | attacked=4.3867 | best=54.0000 | 224.7m
[survey-ckpt] Flushed 1300 images -> /u/student/2024/cs24mtech11024/Adversarial_Attack_Defence_Paper/results_survey_florence_detection_pgd/checkpoint_pgd.pkl
[pgd_eps0.03] 1300/5000 | attacked=4.4162 | best=54.0000 | 243.6m
[survey-ckpt] Flushed 1400 images -> /u/student/2024/cs24mtech11024/Adversarial_Attack_Defence_Paper/results_survey_florence_detection_pgd/checkpoint_pgd.pkl
[pgd_eps0.03] 1400/5000 | attacked=4.4564 | best=71.0000 | 263.4m
[survey-ckpt] Flushed 1500 images -> /u/student/2024/cs24mtech11024/Adversarial_Attack_Defence_Paper/results_survey_florence_detection_pgd/checkpoint_pgd.pkl
[pgd_eps0.03] 1500/5000 | attacked=4.4620 | best=71.0000 | 282.3m
[survey-ckpt] Flushed 1600 images -> /u/student/2024/cs24mtech11024/Adversarial_Attack_Defence_Paper/results_survey_florence_detection_pgd/checkpoint_pgd.pkl
[pgd_eps0.03] 1600/5000 | attacked=4.5400 | best=71.0000 | 303.4m
[survey-ckpt] Flushed 1700 images -> /u/student/2024/cs24mtech11024/Adversarial_Attack_Defence_Paper/results_survey_florence_detection_pgd/checkpoint_pgd.pkl
[pgd_eps0.03] 1700/5000 | attacked=4.5435 | best=71.0000 | 321.7m
[survey-ckpt] Flushed 1800 images -> /u/student/2024/cs24mtech11024/Adversarial_Attack_Defence_Paper/results_survey_florence_detection_pgd/checkpoint_pgd.pkl
[pgd_eps0.03] 1800/5000 | attacked=4.5144 | best=71.0000 | 339.1m
[survey-ckpt] Flushed 1900 images -> /u/student/2024/cs24mtech11024/Adversarial_Attack_Defence_Paper/results_survey_florence_detection_pgd/checkpoint_pgd.pkl
[pgd_eps0.03] 1900/5000 | attacked=4.5995 | best=75.0000 | 359.4m
[survey-ckpt] Flushed 2000 images -> /u/student/2024/cs24mtech11024/Adversarial_Attack_Defence_Paper/results_survey_florence_detection_pgd/checkpoint_pgd.pkl
[pgd_eps0.03] 2000/5000 | attacked=4.5810 | best=75.0000 | 377.5m
[survey-ckpt] Flushed 2100 images -> /u/student/2024/cs24mtech11024/Adversarial_Attack_Defence_Paper/results_survey_florence_detection_pgd/checkpoint_pgd.pkl
[pgd_eps0.03] 2100/5000 | attacked=4.5514 | best=75.0000 | 395.8m
[survey-ckpt] Flushed 2200 images -> /u/student/2024/cs24mtech11024/Adversarial_Attack_Defence_Paper/results_survey_florence_detection_pgd/checkpoint_pgd.pkl
[pgd_eps0.03] 2200/5000 | attacked=4.5186 | best=75.0000 | 414.7m
[survey-ckpt] Flushed 2300 images -> /u/student/2024/cs24mtech11024/Adversarial_Attack_Defence_Paper/results_survey_florence_detection_pgd/checkpoint_pgd.pkl
[pgd_eps0.03] 2300/5000 | attacked=4.4926 | best=75.0000 | 433.3m
[survey-ckpt] Flushed 2400 images -> /u/student/2024/cs24mtech11024/Adversarial_Attack_Defence_Paper/results_survey_florence_detection_pgd/checkpoint_pgd.pkl
[pgd_eps0.03] 2400/5000 | attacked=4.4829 | best=75.0000 | 451.4m
[survey-ckpt] Flushed 2500 images -> /u/student/2024/cs24mtech11024/Adversarial_Attack_Defence_Paper/results_survey_florence_detection_pgd/checkpoint_pgd.pkl
[pgd_eps0.03] 2500/5000 | attacked=4.4848 | best=75.0000 | 470.3m
[survey-ckpt] Flushed 2600 images -> /u/student/2024/cs24mtech11024/Adversarial_Attack_Defence_Paper/results_survey_florence_detection_pgd/checkpoint_pgd.pkl
[pgd_eps0.03] 2600/5000 | attacked=4.4512 | best=75.0000 | 489.3m
[survey-ckpt] Flushed 2700 images -> /u/student/2024/cs24mtech11024/Adversarial_Attack_Defence_Paper/results_survey_florence_detection_pgd/checkpoint_pgd.pkl
[pgd_eps0.03] 2700/5000 | attacked=4.4685 | best=75.0000 | 508.2m
[survey-ckpt] Flushed 2800 images -> /u/student/2024/cs24mtech11024/Adversarial_Attack_Defence_Paper/results_survey_florence_detection_pgd/checkpoint_pgd.pkl
[pgd_eps0.03] 2800/5000 | attacked=4.4529 | best=75.0000 | 527.2m
[survey-ckpt] Flushed 2900 images -> /u/student/2024/cs24mtech11024/Adversarial_Attack_Defence_Paper/results_survey_florence_detection_pgd/checkpoint_pgd.pkl
[pgd_eps0.03] 2900/5000 | attacked=4.4431 | best=75.0000 | 544.9m
[survey-ckpt] Flushed 3000 images -> /u/student/2024/cs24mtech11024/Adversarial_Attack_Defence_Paper/results_survey_florence_detection_pgd/checkpoint_pgd.pkl
[pgd_eps0.03] 3000/5000 | attacked=4.4393 | best=75.0000 | 565.6m
[survey-ckpt] Flushed 3100 images -> /u/student/2024/cs24mtech11024/Adversarial_Attack_Defence_Paper/results_survey_florence_detection_pgd/checkpoint_pgd.pkl
[pgd_eps0.03] 3100/5000 | attacked=4.4087 | best=75.0000 | 582.3m
[survey-ckpt] Flushed 3200 images -> /u/student/2024/cs24mtech11024/Adversarial_Attack_Defence_Paper/results_survey_florence_detection_pgd/checkpoint_pgd.pkl
[pgd_eps0.03] 3200/5000 | attacked=4.4119 | best=81.0000 | 601.3m
[survey-ckpt] Flushed 3300 images -> /u/student/2024/cs24mtech11024/Adversarial_Attack_Defence_Paper/results_survey_florence_detection_pgd/checkpoint_pgd.pkl
[pgd_eps0.03] 3300/5000 | attacked=4.4427 | best=81.0000 | 622.3m
[survey-ckpt] Flushed 3400 images -> /u/student/2024/cs24mtech11024/Adversarial_Attack_Defence_Paper/results_survey_florence_detection_pgd/checkpoint_pgd.pkl
[pgd_eps0.03] 3400/5000 | attacked=4.4315 | best=81.0000 | 642.2m
[survey-ckpt] Flushed 3500 images -> /u/student/2024/cs24mtech11024/Adversarial_Attack_Defence_Paper/results_survey_florence_detection_pgd/checkpoint_pgd.pkl
[pgd_eps0.03] 3500/5000 | attacked=4.4180 | best=81.0000 | 661.1m
[survey-ckpt] Flushed 3600 images -> /u/student/2024/cs24mtech11024/Adversarial_Attack_Defence_Paper/results_survey_florence_detection_pgd/checkpoint_pgd.pkl
[pgd_eps0.03] 3600/5000 | attacked=4.4622 | best=81.0000 | 682.3m
[survey-ckpt] Flushed 3700 images -> /u/student/2024/cs24mtech11024/Adversarial_Attack_Defence_Paper/results_survey_florence_detection_pgd/checkpoint_pgd.pkl
[pgd_eps0.03] 3700/5000 | attacked=4.4514 | best=81.0000 | 699.6m
[survey-ckpt] Flushed 3800 images -> /u/student/2024/cs24mtech11024/Adversarial_Attack_Defence_Paper/results_survey_florence_detection_pgd/checkpoint_pgd.pkl
[pgd_eps0.03] 3800/5000 | attacked=4.4539 | best=81.0000 | 720.5m
[survey-ckpt] Flushed 3900 images -> /u/student/2024/cs24mtech11024/Adversarial_Attack_Defence_Paper/results_survey_florence_detection_pgd/checkpoint_pgd.pkl
[pgd_eps0.03] 3900/5000 | attacked=4.4292 | best=81.0000 | 738.5m
[survey-ckpt] Flushed 4000 images -> /u/student/2024/cs24mtech11024/Adversarial_Attack_Defence_Paper/results_survey_florence_detection_pgd/checkpoint_pgd.pkl
[pgd_eps0.03] 4000/5000 | attacked=4.4242 | best=81.0000 | 756.6m
[survey-ckpt] Flushed 4100 images -> /u/student/2024/cs24mtech11024/Adversarial_Attack_Defence_Paper/results_survey_florence_detection_pgd/checkpoint_pgd.pkl
[pgd_eps0.03] 4100/5000 | attacked=4.4461 | best=81.0000 | 777.4m
[survey-ckpt] Flushed 4200 images -> /u/student/2024/cs24mtech11024/Adversarial_Attack_Defence_Paper/results_survey_florence_detection_pgd/checkpoint_pgd.pkl
[pgd_eps0.03] 4200/5000 | attacked=4.4338 | best=81.0000 | 797.0m
[survey-ckpt] Flushed 4300 images -> /u/student/2024/cs24mtech11024/Adversarial_Attack_Defence_Paper/results_survey_florence_detection_pgd/checkpoint_pgd.pkl
[pgd_eps0.03] 4300/5000 | attacked=4.4358 | best=81.0000 | 816.6m
[survey-ckpt] Flushed 4400 images -> /u/student/2024/cs24mtech11024/Adversarial_Attack_Defence_Paper/results_survey_florence_detection_pgd/checkpoint_pgd.pkl
[pgd_eps0.03] 4400/5000 | attacked=4.4209 | best=81.0000 | 835.6m
[survey-ckpt] Flushed 4500 images -> /u/student/2024/cs24mtech11024/Adversarial_Attack_Defence_Paper/results_survey_florence_detection_pgd/checkpoint_pgd.pkl
[pgd_eps0.03] 4500/5000 | attacked=4.4153 | best=81.0000 | 853.5m
[survey-ckpt] Flushed 4600 images -> /u/student/2024/cs24mtech11024/Adversarial_Attack_Defence_Paper/results_survey_florence_detection_pgd/checkpoint_pgd.pkl
[pgd_eps0.03] 4600/5000 | attacked=4.4163 | best=81.0000 | 872.2m
[survey-ckpt] Flushed 4700 images -> /u/student/2024/cs24mtech11024/Adversarial_Attack_Defence_Paper/results_survey_florence_detection_pgd/checkpoint_pgd.pkl
[pgd_eps0.03] 4700/5000 | attacked=4.4219 | best=81.0000 | 890.0m
[survey-ckpt] Flushed 4800 images -> /u/student/2024/cs24mtech11024/Adversarial_Attack_Defence_Paper/results_survey_florence_detection_pgd/checkpoint_pgd.pkl
[pgd_eps0.03] 4800/5000 | attacked=4.4160 | best=81.0000 | 908.2m
[survey-ckpt] Flushed 4900 images -> /u/student/2024/cs24mtech11024/Adversarial_Attack_Defence_Paper/results_survey_florence_detection_pgd/checkpoint_pgd.pkl
[pgd_eps0.03] 4900/5000 | attacked=4.4008 | best=81.0000 | 926.5m
[survey-ckpt] Flushed 5000 images -> /u/student/2024/cs24mtech11024/Adversarial_Attack_Defence_Paper/results_survey_florence_detection_pgd/checkpoint_pgd.pkl
[pgd_eps0.03] 5000/5000 | attacked=4.4016 | best=81.0000 | 946.1m
[survey-ckpt] Flushed 5000 images -> /u/student/2024/cs24mtech11024/Adversarial_Attack_Defence_Paper/results_survey_florence_detection_pgd/checkpoint_pgd.pkl
[pgd] all 5000 images carry all 26 expected condition tags.

======================================================================
[COCO] clean (32040 detections)
======================================================================
Loading and preparing results...
DONE (t=0.71s)
creating index...
index created!
Running per image evaluation...
Evaluate annotation type *bbox*
DONE (t=9.22s).
Accumulating evaluation results...
DONE (t=1.25s).
 Average Precision  (AP) @[ IoU=0.50:0.95 | area=   all | maxDets=100 ] = 0.330
 Average Precision  (AP) @[ IoU=0.50      | area=   all | maxDets=100 ] = 0.450
 Average Precision  (AP) @[ IoU=0.75      | area=   all | maxDets=100 ] = 0.349
 Average Precision  (AP) @[ IoU=0.50:0.95 | area= small | maxDets=100 ] = 0.157
 Average Precision  (AP) @[ IoU=0.50:0.95 | area=medium | maxDets=100 ] = 0.350
 Average Precision  (AP) @[ IoU=0.50:0.95 | area= large | maxDets=100 ] = 0.510
 Average Recall     (AR) @[ IoU=0.50:0.95 | area=   all | maxDets=  1 ] = 0.289
 Average Recall     (AR) @[ IoU=0.50:0.95 | area=   all | maxDets= 10 ] = 0.433
 Average Recall     (AR) @[ IoU=0.50:0.95 | area=   all | maxDets=100 ] = 0.448
 Average Recall     (AR) @[ IoU=0.50:0.95 | area= small | maxDets=100 ] = 0.220
 Average Recall     (AR) @[ IoU=0.50:0.95 | area=medium | maxDets=100 ] = 0.477
 Average Recall     (AR) @[ IoU=0.50:0.95 | area= large | maxDets=100 ] = 0.649

======================================================================
[COCO] clean+jpeg (30119 detections)
======================================================================
Loading and preparing results...
DONE (t=0.07s)
creating index...
index created!
Running per image evaluation...
Evaluate annotation type *bbox*
DONE (t=9.67s).
Accumulating evaluation results...
DONE (t=1.23s).
 Average Precision  (AP) @[ IoU=0.50:0.95 | area=   all | maxDets=100 ] = 0.319
 Average Precision  (AP) @[ IoU=0.50      | area=   all | maxDets=100 ] = 0.436
 Average Precision  (AP) @[ IoU=0.75      | area=   all | maxDets=100 ] = 0.338
 Average Precision  (AP) @[ IoU=0.50:0.95 | area= small | maxDets=100 ] = 0.136
 Average Precision  (AP) @[ IoU=0.50:0.95 | area=medium | maxDets=100 ] = 0.345
 Average Precision  (AP) @[ IoU=0.50:0.95 | area= large | maxDets=100 ] = 0.503
 Average Recall     (AR) @[ IoU=0.50:0.95 | area=   all | maxDets=  1 ] = 0.282
 Average Recall     (AR) @[ IoU=0.50:0.95 | area=   all | maxDets= 10 ] = 0.418
 Average Recall     (AR) @[ IoU=0.50:0.95 | area=   all | maxDets=100 ] = 0.431
 Average Recall     (AR) @[ IoU=0.50:0.95 | area= small | maxDets=100 ] = 0.188
 Average Recall     (AR) @[ IoU=0.50:0.95 | area=medium | maxDets=100 ] = 0.465
 Average Recall     (AR) @[ IoU=0.50:0.95 | area= large | maxDets=100 ] = 0.643

======================================================================
[COCO] clean+tvm (20774 detections)
======================================================================
Loading and preparing results...
DONE (t=0.05s)
creating index...
index created!
Running per image evaluation...
Evaluate annotation type *bbox*
DONE (t=7.85s).
Accumulating evaluation results...
DONE (t=1.10s).
 Average Precision  (AP) @[ IoU=0.50:0.95 | area=   all | maxDets=100 ] = 0.264
 Average Precision  (AP) @[ IoU=0.50      | area=   all | maxDets=100 ] = 0.357
 Average Precision  (AP) @[ IoU=0.75      | area=   all | maxDets=100 ] = 0.281
 Average Precision  (AP) @[ IoU=0.50:0.95 | area= small | maxDets=100 ] = 0.101
 Average Precision  (AP) @[ IoU=0.50:0.95 | area=medium | maxDets=100 ] = 0.277
 Average Precision  (AP) @[ IoU=0.50:0.95 | area= large | maxDets=100 ] = 0.444
 Average Recall     (AR) @[ IoU=0.50:0.95 | area=   all | maxDets=  1 ] = 0.223
 Average Recall     (AR) @[ IoU=0.50:0.95 | area=   all | maxDets= 10 ] = 0.325
 Average Recall     (AR) @[ IoU=0.50:0.95 | area=   all | maxDets=100 ] = 0.332
 Average Recall     (AR) @[ IoU=0.50:0.95 | area= small | maxDets=100 ] = 0.124
 Average Recall     (AR) @[ IoU=0.50:0.95 | area=medium | maxDets=100 ] = 0.341
 Average Recall     (AR) @[ IoU=0.50:0.95 | area= large | maxDets=100 ] = 0.545

======================================================================
[COCO] clean+blur_tvm (19217 detections)
======================================================================
Loading and preparing results...
DONE (t=0.04s)
creating index...
index created!
Running per image evaluation...
Evaluate annotation type *bbox*
DONE (t=7.58s).
Accumulating evaluation results...
DONE (t=1.09s).
 Average Precision  (AP) @[ IoU=0.50:0.95 | area=   all | maxDets=100 ] = 0.249
 Average Precision  (AP) @[ IoU=0.50      | area=   all | maxDets=100 ] = 0.338
 Average Precision  (AP) @[ IoU=0.75      | area=   all | maxDets=100 ] = 0.262
 Average Precision  (AP) @[ IoU=0.50:0.95 | area= small | maxDets=100 ] = 0.072
 Average Precision  (AP) @[ IoU=0.50:0.95 | area=medium | maxDets=100 ] = 0.261
 Average Precision  (AP) @[ IoU=0.50:0.95 | area= large | maxDets=100 ] = 0.448
 Average Recall     (AR) @[ IoU=0.50:0.95 | area=   all | maxDets=  1 ] = 0.217
 Average Recall     (AR) @[ IoU=0.50:0.95 | area=   all | maxDets= 10 ] = 0.310
 Average Recall     (AR) @[ IoU=0.50:0.95 | area=   all | maxDets=100 ] = 0.316
 Average Recall     (AR) @[ IoU=0.50:0.95 | area= small | maxDets=100 ] = 0.090
 Average Recall     (AR) @[ IoU=0.50:0.95 | area=medium | maxDets=100 ] = 0.326
 Average Recall     (AR) @[ IoU=0.50:0.95 | area= large | maxDets=100 ] = 0.559

======================================================================
[COCO] clean+median (29987 detections)
======================================================================
Loading and preparing results...
DONE (t=0.07s)
creating index...
index created!
Running per image evaluation...
Evaluate annotation type *bbox*
DONE (t=9.16s).
Accumulating evaluation results...
DONE (t=1.22s).
 Average Precision  (AP) @[ IoU=0.50:0.95 | area=   all | maxDets=100 ] = 0.321
 Average Precision  (AP) @[ IoU=0.50      | area=   all | maxDets=100 ] = 0.439
 Average Precision  (AP) @[ IoU=0.75      | area=   all | maxDets=100 ] = 0.337
 Average Precision  (AP) @[ IoU=0.50:0.95 | area= small | maxDets=100 ] = 0.140
 Average Precision  (AP) @[ IoU=0.50:0.95 | area=medium | maxDets=100 ] = 0.343
 Average Precision  (AP) @[ IoU=0.50:0.95 | area= large | maxDets=100 ] = 0.504
 Average Recall     (AR) @[ IoU=0.50:0.95 | area=   all | maxDets=  1 ] = 0.279
 Average Recall     (AR) @[ IoU=0.50:0.95 | area=   all | maxDets= 10 ] = 0.417
 Average Recall     (AR) @[ IoU=0.50:0.95 | area=   all | maxDets=100 ] = 0.431
 Average Recall     (AR) @[ IoU=0.50:0.95 | area= small | maxDets=100 ] = 0.198
 Average Recall     (AR) @[ IoU=0.50:0.95 | area=medium | maxDets=100 ] = 0.465
 Average Recall     (AR) @[ IoU=0.50:0.95 | area= large | maxDets=100 ] = 0.639

======================================================================
[COCO] clean+gaussian (21349 detections)
======================================================================
Loading and preparing results...
DONE (t=0.05s)
creating index...
index created!
Running per image evaluation...
Evaluate annotation type *bbox*
DONE (t=8.51s).
Accumulating evaluation results...
DONE (t=1.12s).
 Average Precision  (AP) @[ IoU=0.50:0.95 | area=   all | maxDets=100 ] = 0.274
 Average Precision  (AP) @[ IoU=0.50      | area=   all | maxDets=100 ] = 0.369
 Average Precision  (AP) @[ IoU=0.75      | area=   all | maxDets=100 ] = 0.289
 Average Precision  (AP) @[ IoU=0.50:0.95 | area= small | maxDets=100 ] = 0.103
 Average Precision  (AP) @[ IoU=0.50:0.95 | area=medium | maxDets=100 ] = 0.295
 Average Precision  (AP) @[ IoU=0.50:0.95 | area= large | maxDets=100 ] = 0.464
 Average Recall     (AR) @[ IoU=0.50:0.95 | area=   all | maxDets=  1 ] = 0.238
 Average Recall     (AR) @[ IoU=0.50:0.95 | area=   all | maxDets= 10 ] = 0.342
 Average Recall     (AR) @[ IoU=0.50:0.95 | area=   all | maxDets=100 ] = 0.350
 Average Recall     (AR) @[ IoU=0.50:0.95 | area= small | maxDets=100 ] = 0.125
 Average Recall     (AR) @[ IoU=0.50:0.95 | area=medium | maxDets=100 ] = 0.365
 Average Recall     (AR) @[ IoU=0.50:0.95 | area= large | maxDets=100 ] = 0.586

======================================================================
[COCO] clean+svd (32089 detections)
======================================================================
Loading and preparing results...
DONE (t=0.07s)
creating index...
index created!
Running per image evaluation...
Evaluate annotation type *bbox*
DONE (t=9.44s).
Accumulating evaluation results...
DONE (t=1.25s).
 Average Precision  (AP) @[ IoU=0.50:0.95 | area=   all | maxDets=100 ] = 0.329
 Average Precision  (AP) @[ IoU=0.50      | area=   all | maxDets=100 ] = 0.450
 Average Precision  (AP) @[ IoU=0.75      | area=   all | maxDets=100 ] = 0.348
 Average Precision  (AP) @[ IoU=0.50:0.95 | area= small | maxDets=100 ] = 0.154
 Average Precision  (AP) @[ IoU=0.50:0.95 | area=medium | maxDets=100 ] = 0.354
 Average Precision  (AP) @[ IoU=0.50:0.95 | area= large | maxDets=100 ] = 0.508
 Average Recall     (AR) @[ IoU=0.50:0.95 | area=   all | maxDets=  1 ] = 0.289
 Average Recall     (AR) @[ IoU=0.50:0.95 | area=   all | maxDets= 10 ] = 0.433
 Average Recall     (AR) @[ IoU=0.50:0.95 | area=   all | maxDets=100 ] = 0.448
 Average Recall     (AR) @[ IoU=0.50:0.95 | area= small | maxDets=100 ] = 0.220
 Average Recall     (AR) @[ IoU=0.50:0.95 | area=medium | maxDets=100 ] = 0.481
 Average Recall     (AR) @[ IoU=0.50:0.95 | area= large | maxDets=100 ] = 0.648

======================================================================
[COCO] clean+bilateral (32429 detections)
======================================================================
Loading and preparing results...
DONE (t=0.07s)
creating index...
index created!
Running per image evaluation...
Evaluate annotation type *bbox*
DONE (t=9.45s).
Accumulating evaluation results...
DONE (t=1.25s).
 Average Precision  (AP) @[ IoU=0.50:0.95 | area=   all | maxDets=100 ] = 0.331
 Average Precision  (AP) @[ IoU=0.50      | area=   all | maxDets=100 ] = 0.454
 Average Precision  (AP) @[ IoU=0.75      | area=   all | maxDets=100 ] = 0.351
 Average Precision  (AP) @[ IoU=0.50:0.95 | area= small | maxDets=100 ] = 0.164
 Average Precision  (AP) @[ IoU=0.50:0.95 | area=medium | maxDets=100 ] = 0.354
 Average Precision  (AP) @[ IoU=0.50:0.95 | area= large | maxDets=100 ] = 0.507
 Average Recall     (AR) @[ IoU=0.50:0.95 | area=   all | maxDets=  1 ] = 0.288
 Average Recall     (AR) @[ IoU=0.50:0.95 | area=   all | maxDets= 10 ] = 0.435
 Average Recall     (AR) @[ IoU=0.50:0.95 | area=   all | maxDets=100 ] = 0.452
 Average Recall     (AR) @[ IoU=0.50:0.95 | area= small | maxDets=100 ] = 0.231
 Average Recall     (AR) @[ IoU=0.50:0.95 | area=medium | maxDets=100 ] = 0.481
 Average Recall     (AR) @[ IoU=0.50:0.95 | area= large | maxDets=100 ] = 0.648

======================================================================
[COCO] clean+nlm (29216 detections)
======================================================================
Loading and preparing results...
DONE (t=0.07s)
creating index...
index created!
Running per image evaluation...
Evaluate annotation type *bbox*
DONE (t=9.00s).
Accumulating evaluation results...
DONE (t=1.21s).
 Average Precision  (AP) @[ IoU=0.50:0.95 | area=   all | maxDets=100 ] = 0.311
 Average Precision  (AP) @[ IoU=0.50      | area=   all | maxDets=100 ] = 0.421
 Average Precision  (AP) @[ IoU=0.75      | area=   all | maxDets=100 ] = 0.332
 Average Precision  (AP) @[ IoU=0.50:0.95 | area= small | maxDets=100 ] = 0.140
 Average Precision  (AP) @[ IoU=0.50:0.95 | area=medium | maxDets=100 ] = 0.334
 Average Precision  (AP) @[ IoU=0.50:0.95 | area= large | maxDets=100 ] = 0.483
 Average Recall     (AR) @[ IoU=0.50:0.95 | area=   all | maxDets=  1 ] = 0.273
 Average Recall     (AR) @[ IoU=0.50:0.95 | area=   all | maxDets= 10 ] = 0.403
 Average Recall     (AR) @[ IoU=0.50:0.95 | area=   all | maxDets=100 ] = 0.416
 Average Recall     (AR) @[ IoU=0.50:0.95 | area= small | maxDets=100 ] = 0.194
 Average Recall     (AR) @[ IoU=0.50:0.95 | area=medium | maxDets=100 ] = 0.444
 Average Recall     (AR) @[ IoU=0.50:0.95 | area= large | maxDets=100 ] = 0.614

======================================================================
[COCO] clean+bit_depth (23972 detections)
======================================================================
Loading and preparing results...
DONE (t=0.06s)
creating index...
index created!
Running per image evaluation...
Evaluate annotation type *bbox*
DONE (t=8.84s).
Accumulating evaluation results...
DONE (t=1.14s).
 Average Precision  (AP) @[ IoU=0.50:0.95 | area=   all | maxDets=100 ] = 0.281
 Average Precision  (AP) @[ IoU=0.50      | area=   all | maxDets=100 ] = 0.380
 Average Precision  (AP) @[ IoU=0.75      | area=   all | maxDets=100 ] = 0.298
 Average Precision  (AP) @[ IoU=0.50:0.95 | area= small | maxDets=100 ] = 0.112
 Average Precision  (AP) @[ IoU=0.50:0.95 | area=medium | maxDets=100 ] = 0.298
 Average Precision  (AP) @[ IoU=0.50:0.95 | area= large | maxDets=100 ] = 0.458
 Average Recall     (AR) @[ IoU=0.50:0.95 | area=   all | maxDets=  1 ] = 0.241
 Average Recall     (AR) @[ IoU=0.50:0.95 | area=   all | maxDets= 10 ] = 0.354
 Average Recall     (AR) @[ IoU=0.50:0.95 | area=   all | maxDets=100 ] = 0.363
 Average Recall     (AR) @[ IoU=0.50:0.95 | area= small | maxDets=100 ] = 0.147
 Average Recall     (AR) @[ IoU=0.50:0.95 | area=medium | maxDets=100 ] = 0.378
 Average Recall     (AR) @[ IoU=0.50:0.95 | area= large | maxDets=100 ] = 0.568

======================================================================
[COCO] clean+random_resize (24352 detections)
======================================================================
Loading and preparing results...
DONE (t=0.06s)
creating index...
index created!
Running per image evaluation...
Evaluate annotation type *bbox*
DONE (t=8.26s).
Accumulating evaluation results...
DONE (t=1.11s).
 Average Precision  (AP) @[ IoU=0.50:0.95 | area=   all | maxDets=100 ] = 0.158
 Average Precision  (AP) @[ IoU=0.50      | area=   all | maxDets=100 ] = 0.283
 Average Precision  (AP) @[ IoU=0.75      | area=   all | maxDets=100 ] = 0.154
 Average Precision  (AP) @[ IoU=0.50:0.95 | area= small | maxDets=100 ] = 0.022
 Average Precision  (AP) @[ IoU=0.50:0.95 | area=medium | maxDets=100 ] = 0.118
 Average Precision  (AP) @[ IoU=0.50:0.95 | area= large | maxDets=100 ] = 0.339
 Average Recall     (AR) @[ IoU=0.50:0.95 | area=   all | maxDets=  1 ] = 0.162
 Average Recall     (AR) @[ IoU=0.50:0.95 | area=   all | maxDets= 10 ] = 0.220
 Average Recall     (AR) @[ IoU=0.50:0.95 | area=   all | maxDets=100 ] = 0.224
 Average Recall     (AR) @[ IoU=0.50:0.95 | area= small | maxDets=100 ] = 0.039
 Average Recall     (AR) @[ IoU=0.50:0.95 | area=medium | maxDets=100 ] = 0.196
 Average Recall     (AR) @[ IoU=0.50:0.95 | area= large | maxDets=100 ] = 0.441

======================================================================
[COCO] clean+dithering (26552 detections)
======================================================================
Loading and preparing results...
DONE (t=0.06s)
creating index...
index created!
Running per image evaluation...
Evaluate annotation type *bbox*
DONE (t=8.63s).
Accumulating evaluation results...
DONE (t=1.22s).
 Average Precision  (AP) @[ IoU=0.50:0.95 | area=   all | maxDets=100 ] = 0.303
 Average Precision  (AP) @[ IoU=0.50      | area=   all | maxDets=100 ] = 0.411
 Average Precision  (AP) @[ IoU=0.75      | area=   all | maxDets=100 ] = 0.322
 Average Precision  (AP) @[ IoU=0.50:0.95 | area= small | maxDets=100 ] = 0.128
 Average Precision  (AP) @[ IoU=0.50:0.95 | area=medium | maxDets=100 ] = 0.324
 Average Precision  (AP) @[ IoU=0.50:0.95 | area= large | maxDets=100 ] = 0.477
 Average Recall     (AR) @[ IoU=0.50:0.95 | area=   all | maxDets=  1 ] = 0.262
 Average Recall     (AR) @[ IoU=0.50:0.95 | area=   all | maxDets= 10 ] = 0.387
 Average Recall     (AR) @[ IoU=0.50:0.95 | area=   all | maxDets=100 ] = 0.398
 Average Recall     (AR) @[ IoU=0.50:0.95 | area= small | maxDets=100 ] = 0.172
 Average Recall     (AR) @[ IoU=0.50:0.95 | area=medium | maxDets=100 ] = 0.422
 Average Recall     (AR) @[ IoU=0.50:0.95 | area= large | maxDets=100 ] = 0.598

======================================================================
[COCO] clean+anisotropic (29835 detections)
======================================================================
Loading and preparing results...
DONE (t=0.07s)
creating index...
index created!
Running per image evaluation...
Evaluate annotation type *bbox*
DONE (t=9.76s).
Accumulating evaluation results...
DONE (t=1.22s).
 Average Precision  (AP) @[ IoU=0.50:0.95 | area=   all | maxDets=100 ] = 0.316
 Average Precision  (AP) @[ IoU=0.50      | area=   all | maxDets=100 ] = 0.431
 Average Precision  (AP) @[ IoU=0.75      | area=   all | maxDets=100 ] = 0.335
 Average Precision  (AP) @[ IoU=0.50:0.95 | area= small | maxDets=100 ] = 0.146
 Average Precision  (AP) @[ IoU=0.50:0.95 | area=medium | maxDets=100 ] = 0.336
 Average Precision  (AP) @[ IoU=0.50:0.95 | area= large | maxDets=100 ] = 0.485
 Average Recall     (AR) @[ IoU=0.50:0.95 | area=   all | maxDets=  1 ] = 0.277
 Average Recall     (AR) @[ IoU=0.50:0.95 | area=   all | maxDets= 10 ] = 0.412
 Average Recall     (AR) @[ IoU=0.50:0.95 | area=   all | maxDets=100 ] = 0.425
 Average Recall     (AR) @[ IoU=0.50:0.95 | area= small | maxDets=100 ] = 0.202
 Average Recall     (AR) @[ IoU=0.50:0.95 | area=medium | maxDets=100 ] = 0.451
 Average Recall     (AR) @[ IoU=0.50:0.95 | area= large | maxDets=100 ] = 0.619

======================================================================
[COCO] pgd_eps0.03 (22008 detections)
======================================================================
Loading and preparing results...
DONE (t=0.05s)
creating index...
index created!
Running per image evaluation...
Evaluate annotation type *bbox*
DONE (t=8.05s).
Accumulating evaluation results...
DONE (t=1.12s).
 Average Precision  (AP) @[ IoU=0.50:0.95 | area=   all | maxDets=100 ] = 0.201
 Average Precision  (AP) @[ IoU=0.50      | area=   all | maxDets=100 ] = 0.294
 Average Precision  (AP) @[ IoU=0.75      | area=   all | maxDets=100 ] = 0.208
 Average Precision  (AP) @[ IoU=0.50:0.95 | area= small | maxDets=100 ] = 0.071
 Average Precision  (AP) @[ IoU=0.50:0.95 | area=medium | maxDets=100 ] = 0.202
 Average Precision  (AP) @[ IoU=0.50:0.95 | area= large | maxDets=100 ] = 0.351
 Average Recall     (AR) @[ IoU=0.50:0.95 | area=   all | maxDets=  1 ] = 0.182
 Average Recall     (AR) @[ IoU=0.50:0.95 | area=   all | maxDets= 10 ] = 0.264
 Average Recall     (AR) @[ IoU=0.50:0.95 | area=   all | maxDets=100 ] = 0.269
 Average Recall     (AR) @[ IoU=0.50:0.95 | area= small | maxDets=100 ] = 0.095
 Average Recall     (AR) @[ IoU=0.50:0.95 | area=medium | maxDets=100 ] = 0.269
 Average Recall     (AR) @[ IoU=0.50:0.95 | area= large | maxDets=100 ] = 0.458

======================================================================
[COCO] pgd_eps0.03+jpeg (28277 detections)
======================================================================
Loading and preparing results...
DONE (t=0.07s)
creating index...
index created!
Running per image evaluation...
Evaluate annotation type *bbox*
DONE (t=8.85s).
Accumulating evaluation results...
DONE (t=1.21s).
 Average Precision  (AP) @[ IoU=0.50:0.95 | area=   all | maxDets=100 ] = 0.294
 Average Precision  (AP) @[ IoU=0.50      | area=   all | maxDets=100 ] = 0.406
 Average Precision  (AP) @[ IoU=0.75      | area=   all | maxDets=100 ] = 0.311
 Average Precision  (AP) @[ IoU=0.50:0.95 | area= small | maxDets=100 ] = 0.116
 Average Precision  (AP) @[ IoU=0.50:0.95 | area=medium | maxDets=100 ] = 0.315
 Average Precision  (AP) @[ IoU=0.50:0.95 | area= large | maxDets=100 ] = 0.481
 Average Recall     (AR) @[ IoU=0.50:0.95 | area=   all | maxDets=  1 ] = 0.263
 Average Recall     (AR) @[ IoU=0.50:0.95 | area=   all | maxDets= 10 ] = 0.386
 Average Recall     (AR) @[ IoU=0.50:0.95 | area=   all | maxDets=100 ] = 0.397
 Average Recall     (AR) @[ IoU=0.50:0.95 | area= small | maxDets=100 ] = 0.158
 Average Recall     (AR) @[ IoU=0.50:0.95 | area=medium | maxDets=100 ] = 0.426
 Average Recall     (AR) @[ IoU=0.50:0.95 | area= large | maxDets=100 ] = 0.615

======================================================================
[COCO] pgd_eps0.03+tvm (19102 detections)
======================================================================
Loading and preparing results...
DONE (t=0.04s)
creating index...
index created!
Running per image evaluation...
Evaluate annotation type *bbox*
DONE (t=8.44s).
Accumulating evaluation results...
DONE (t=1.08s).
 Average Precision  (AP) @[ IoU=0.50:0.95 | area=   all | maxDets=100 ] = 0.241
 Average Precision  (AP) @[ IoU=0.50      | area=   all | maxDets=100 ] = 0.329
 Average Precision  (AP) @[ IoU=0.75      | area=   all | maxDets=100 ] = 0.255
 Average Precision  (AP) @[ IoU=0.50:0.95 | area= small | maxDets=100 ] = 0.082
 Average Precision  (AP) @[ IoU=0.50:0.95 | area=medium | maxDets=100 ] = 0.252
 Average Precision  (AP) @[ IoU=0.50:0.95 | area= large | maxDets=100 ] = 0.418
 Average Recall     (AR) @[ IoU=0.50:0.95 | area=   all | maxDets=  1 ] = 0.206
 Average Recall     (AR) @[ IoU=0.50:0.95 | area=   all | maxDets= 10 ] = 0.297
 Average Recall     (AR) @[ IoU=0.50:0.95 | area=   all | maxDets=100 ] = 0.303
 Average Recall     (AR) @[ IoU=0.50:0.95 | area= small | maxDets=100 ] = 0.100
 Average Recall     (AR) @[ IoU=0.50:0.95 | area=medium | maxDets=100 ] = 0.309
 Average Recall     (AR) @[ IoU=0.50:0.95 | area= large | maxDets=100 ] = 0.516

======================================================================
[COCO] pgd_eps0.03+blur_tvm (19151 detections)
======================================================================
Loading and preparing results...
DONE (t=0.04s)
creating index...
index created!
Running per image evaluation...
Evaluate annotation type *bbox*
DONE (t=6.87s).
Accumulating evaluation results...
DONE (t=1.93s).
 Average Precision  (AP) @[ IoU=0.50:0.95 | area=   all | maxDets=100 ] = 0.246
 Average Precision  (AP) @[ IoU=0.50      | area=   all | maxDets=100 ] = 0.336
 Average Precision  (AP) @[ IoU=0.75      | area=   all | maxDets=100 ] = 0.257
 Average Precision  (AP) @[ IoU=0.50:0.95 | area= small | maxDets=100 ] = 0.066
 Average Precision  (AP) @[ IoU=0.50:0.95 | area=medium | maxDets=100 ] = 0.256
 Average Precision  (AP) @[ IoU=0.50:0.95 | area= large | maxDets=100 ] = 0.445
 Average Recall     (AR) @[ IoU=0.50:0.95 | area=   all | maxDets=  1 ] = 0.217
 Average Recall     (AR) @[ IoU=0.50:0.95 | area=   all | maxDets= 10 ] = 0.308
 Average Recall     (AR) @[ IoU=0.50:0.95 | area=   all | maxDets=100 ] = 0.313
 Average Recall     (AR) @[ IoU=0.50:0.95 | area= small | maxDets=100 ] = 0.084
 Average Recall     (AR) @[ IoU=0.50:0.95 | area=medium | maxDets=100 ] = 0.323
 Average Recall     (AR) @[ IoU=0.50:0.95 | area= large | maxDets=100 ] = 0.555

======================================================================
[COCO] pgd_eps0.03+median (27319 detections)
======================================================================
Loading and preparing results...
DONE (t=0.06s)
creating index...
index created!
Running per image evaluation...
Evaluate annotation type *bbox*
DONE (t=8.86s).
Accumulating evaluation results...
DONE (t=1.19s).
 Average Precision  (AP) @[ IoU=0.50:0.95 | area=   all | maxDets=100 ] = 0.288
 Average Precision  (AP) @[ IoU=0.50      | area=   all | maxDets=100 ] = 0.403
 Average Precision  (AP) @[ IoU=0.75      | area=   all | maxDets=100 ] = 0.300
 Average Precision  (AP) @[ IoU=0.50:0.95 | area= small | maxDets=100 ] = 0.115
 Average Precision  (AP) @[ IoU=0.50:0.95 | area=medium | maxDets=100 ] = 0.308
 Average Precision  (AP) @[ IoU=0.50:0.95 | area= large | maxDets=100 ] = 0.467
 Average Recall     (AR) @[ IoU=0.50:0.95 | area=   all | maxDets=  1 ] = 0.256
 Average Recall     (AR) @[ IoU=0.50:0.95 | area=   all | maxDets= 10 ] = 0.379
 Average Recall     (AR) @[ IoU=0.50:0.95 | area=   all | maxDets=100 ] = 0.391
 Average Recall     (AR) @[ IoU=0.50:0.95 | area= small | maxDets=100 ] = 0.160
 Average Recall     (AR) @[ IoU=0.50:0.95 | area=medium | maxDets=100 ] = 0.418
 Average Recall     (AR) @[ IoU=0.50:0.95 | area= large | maxDets=100 ] = 0.601

======================================================================
[COCO] pgd_eps0.03+gaussian (21437 detections)
======================================================================
Loading and preparing results...
DONE (t=0.05s)
creating index...
index created!
Running per image evaluation...
Evaluate annotation type *bbox*
DONE (t=7.99s).
Accumulating evaluation results...
DONE (t=1.13s).
 Average Precision  (AP) @[ IoU=0.50:0.95 | area=   all | maxDets=100 ] = 0.263
 Average Precision  (AP) @[ IoU=0.50      | area=   all | maxDets=100 ] = 0.361
 Average Precision  (AP) @[ IoU=0.75      | area=   all | maxDets=100 ] = 0.276
 Average Precision  (AP) @[ IoU=0.50:0.95 | area= small | maxDets=100 ] = 0.095
 Average Precision  (AP) @[ IoU=0.50:0.95 | area=medium | maxDets=100 ] = 0.286
 Average Precision  (AP) @[ IoU=0.50:0.95 | area= large | maxDets=100 ] = 0.442
 Average Recall     (AR) @[ IoU=0.50:0.95 | area=   all | maxDets=  1 ] = 0.230
 Average Recall     (AR) @[ IoU=0.50:0.95 | area=   all | maxDets= 10 ] = 0.335
 Average Recall     (AR) @[ IoU=0.50:0.95 | area=   all | maxDets=100 ] = 0.342
 Average Recall     (AR) @[ IoU=0.50:0.95 | area= small | maxDets=100 ] = 0.118
 Average Recall     (AR) @[ IoU=0.50:0.95 | area=medium | maxDets=100 ] = 0.361
 Average Recall     (AR) @[ IoU=0.50:0.95 | area= large | maxDets=100 ] = 0.567

======================================================================
[COCO] pgd_eps0.03+svd (21581 detections)
======================================================================
Loading and preparing results...
DONE (t=0.05s)
creating index...
index created!
Running per image evaluation...
Evaluate annotation type *bbox*
DONE (t=8.11s).
Accumulating evaluation results...
DONE (t=1.10s).
 Average Precision  (AP) @[ IoU=0.50:0.95 | area=   all | maxDets=100 ] = 0.199
 Average Precision  (AP) @[ IoU=0.50      | area=   all | maxDets=100 ] = 0.292
 Average Precision  (AP) @[ IoU=0.75      | area=   all | maxDets=100 ] = 0.206
 Average Precision  (AP) @[ IoU=0.50:0.95 | area= small | maxDets=100 ] = 0.066
 Average Precision  (AP) @[ IoU=0.50:0.95 | area=medium | maxDets=100 ] = 0.200
 Average Precision  (AP) @[ IoU=0.50:0.95 | area= large | maxDets=100 ] = 0.351
 Average Recall     (AR) @[ IoU=0.50:0.95 | area=   all | maxDets=  1 ] = 0.180
 Average Recall     (AR) @[ IoU=0.50:0.95 | area=   all | maxDets= 10 ] = 0.260
 Average Recall     (AR) @[ IoU=0.50:0.95 | area=   all | maxDets=100 ] = 0.266
 Average Recall     (AR) @[ IoU=0.50:0.95 | area= small | maxDets=100 ] = 0.089
 Average Recall     (AR) @[ IoU=0.50:0.95 | area=medium | maxDets=100 ] = 0.264
 Average Recall     (AR) @[ IoU=0.50:0.95 | area= large | maxDets=100 ] = 0.456

======================================================================
[COCO] pgd_eps0.03+bilateral (29760 detections)
======================================================================
Loading and preparing results...
DONE (t=0.07s)
creating index...
index created!
Running per image evaluation...
Evaluate annotation type *bbox*
DONE (t=9.12s).
Accumulating evaluation results...
DONE (t=1.21s).
 Average Precision  (AP) @[ IoU=0.50:0.95 | area=   all | maxDets=100 ] = 0.296
 Average Precision  (AP) @[ IoU=0.50      | area=   all | maxDets=100 ] = 0.414
 Average Precision  (AP) @[ IoU=0.75      | area=   all | maxDets=100 ] = 0.309
 Average Precision  (AP) @[ IoU=0.50:0.95 | area= small | maxDets=100 ] = 0.124
 Average Precision  (AP) @[ IoU=0.50:0.95 | area=medium | maxDets=100 ] = 0.311
 Average Precision  (AP) @[ IoU=0.50:0.95 | area= large | maxDets=100 ] = 0.482
 Average Recall     (AR) @[ IoU=0.50:0.95 | area=   all | maxDets=  1 ] = 0.265
 Average Recall     (AR) @[ IoU=0.50:0.95 | area=   all | maxDets= 10 ] = 0.393
 Average Recall     (AR) @[ IoU=0.50:0.95 | area=   all | maxDets=100 ] = 0.405
 Average Recall     (AR) @[ IoU=0.50:0.95 | area= small | maxDets=100 ] = 0.180
 Average Recall     (AR) @[ IoU=0.50:0.95 | area=medium | maxDets=100 ] = 0.428
 Average Recall     (AR) @[ IoU=0.50:0.95 | area= large | maxDets=100 ] = 0.618

======================================================================
[COCO] pgd_eps0.03+nlm (20916 detections)
======================================================================
Loading and preparing results...
DONE (t=0.05s)
creating index...
index created!
Running per image evaluation...
Evaluate annotation type *bbox*
DONE (t=7.97s).
Accumulating evaluation results...
DONE (t=1.09s).
 Average Precision  (AP) @[ IoU=0.50:0.95 | area=   all | maxDets=100 ] = 0.206
 Average Precision  (AP) @[ IoU=0.50      | area=   all | maxDets=100 ] = 0.296
 Average Precision  (AP) @[ IoU=0.75      | area=   all | maxDets=100 ] = 0.212
 Average Precision  (AP) @[ IoU=0.50:0.95 | area= small | maxDets=100 ] = 0.068
 Average Precision  (AP) @[ IoU=0.50:0.95 | area=medium | maxDets=100 ] = 0.211
 Average Precision  (AP) @[ IoU=0.50:0.95 | area= large | maxDets=100 ] = 0.363
 Average Recall     (AR) @[ IoU=0.50:0.95 | area=   all | maxDets=  1 ] = 0.185
 Average Recall     (AR) @[ IoU=0.50:0.95 | area=   all | maxDets= 10 ] = 0.268
 Average Recall     (AR) @[ IoU=0.50:0.95 | area=   all | maxDets=100 ] = 0.273
 Average Recall     (AR) @[ IoU=0.50:0.95 | area= small | maxDets=100 ] = 0.090
 Average Recall     (AR) @[ IoU=0.50:0.95 | area=medium | maxDets=100 ] = 0.274
 Average Recall     (AR) @[ IoU=0.50:0.95 | area= large | maxDets=100 ] = 0.470

======================================================================
[COCO] pgd_eps0.03+bit_depth (18594 detections)
======================================================================
Loading and preparing results...
DONE (t=0.05s)
creating index...
index created!
Running per image evaluation...
Evaluate annotation type *bbox*
DONE (t=7.67s).
Accumulating evaluation results...
DONE (t=1.07s).
 Average Precision  (AP) @[ IoU=0.50:0.95 | area=   all | maxDets=100 ] = 0.219
 Average Precision  (AP) @[ IoU=0.50      | area=   all | maxDets=100 ] = 0.306
 Average Precision  (AP) @[ IoU=0.75      | area=   all | maxDets=100 ] = 0.230
 Average Precision  (AP) @[ IoU=0.50:0.95 | area= small | maxDets=100 ] = 0.065
 Average Precision  (AP) @[ IoU=0.50:0.95 | area=medium | maxDets=100 ] = 0.223
 Average Precision  (AP) @[ IoU=0.50:0.95 | area= large | maxDets=100 ] = 0.394
 Average Recall     (AR) @[ IoU=0.50:0.95 | area=   all | maxDets=  1 ] = 0.191
 Average Recall     (AR) @[ IoU=0.50:0.95 | area=   all | maxDets= 10 ] = 0.272
 Average Recall     (AR) @[ IoU=0.50:0.95 | area=   all | maxDets=100 ] = 0.277
 Average Recall     (AR) @[ IoU=0.50:0.95 | area= small | maxDets=100 ] = 0.084
 Average Recall     (AR) @[ IoU=0.50:0.95 | area=medium | maxDets=100 ] = 0.274
 Average Recall     (AR) @[ IoU=0.50:0.95 | area= large | maxDets=100 ] = 0.491

======================================================================
[COCO] pgd_eps0.03+random_resize (18293 detections)
======================================================================
Loading and preparing results...
DONE (t=0.04s)
creating index...
index created!
Running per image evaluation...
Evaluate annotation type *bbox*
DONE (t=7.44s).
Accumulating evaluation results...
DONE (t=1.04s).
 Average Precision  (AP) @[ IoU=0.50:0.95 | area=   all | maxDets=100 ] = 0.133
 Average Precision  (AP) @[ IoU=0.50      | area=   all | maxDets=100 ] = 0.239
 Average Precision  (AP) @[ IoU=0.75      | area=   all | maxDets=100 ] = 0.129
 Average Precision  (AP) @[ IoU=0.50:0.95 | area= small | maxDets=100 ] = 0.014
 Average Precision  (AP) @[ IoU=0.50:0.95 | area=medium | maxDets=100 ] = 0.095
 Average Precision  (AP) @[ IoU=0.50:0.95 | area= large | maxDets=100 ] = 0.293
 Average Recall     (AR) @[ IoU=0.50:0.95 | area=   all | maxDets=  1 ] = 0.135
 Average Recall     (AR) @[ IoU=0.50:0.95 | area=   all | maxDets= 10 ] = 0.179
 Average Recall     (AR) @[ IoU=0.50:0.95 | area=   all | maxDets=100 ] = 0.182
 Average Recall     (AR) @[ IoU=0.50:0.95 | area= small | maxDets=100 ] = 0.023
 Average Recall     (AR) @[ IoU=0.50:0.95 | area=medium | maxDets=100 ] = 0.149
 Average Recall     (AR) @[ IoU=0.50:0.95 | area= large | maxDets=100 ] = 0.384

======================================================================
[COCO] pgd_eps0.03+dithering (22827 detections)
======================================================================
Loading and preparing results...
DONE (t=0.05s)
creating index...
index created!
Running per image evaluation...
Evaluate annotation type *bbox*
DONE (t=8.10s).
Accumulating evaluation results...
DONE (t=1.17s).
 Average Precision  (AP) @[ IoU=0.50:0.95 | area=   all | maxDets=100 ] = 0.253
 Average Precision  (AP) @[ IoU=0.50      | area=   all | maxDets=100 ] = 0.353
 Average Precision  (AP) @[ IoU=0.75      | area=   all | maxDets=100 ] = 0.266
 Average Precision  (AP) @[ IoU=0.50:0.95 | area= small | maxDets=100 ] = 0.094
 Average Precision  (AP) @[ IoU=0.50:0.95 | area=medium | maxDets=100 ] = 0.267
 Average Precision  (AP) @[ IoU=0.50:0.95 | area= large | maxDets=100 ] = 0.426
 Average Recall     (AR) @[ IoU=0.50:0.95 | area=   all | maxDets=  1 ] = 0.224
 Average Recall     (AR) @[ IoU=0.50:0.95 | area=   all | maxDets= 10 ] = 0.326
 Average Recall     (AR) @[ IoU=0.50:0.95 | area=   all | maxDets=100 ] = 0.333
 Average Recall     (AR) @[ IoU=0.50:0.95 | area= small | maxDets=100 ] = 0.125
 Average Recall     (AR) @[ IoU=0.50:0.95 | area=medium | maxDets=100 ] = 0.344
 Average Recall     (AR) @[ IoU=0.50:0.95 | area= large | maxDets=100 ] = 0.541

======================================================================
[COCO] pgd_eps0.03+anisotropic (27483 detections)
======================================================================
Loading and preparing results...
DONE (t=0.62s)
creating index...
index created!
Running per image evaluation...
Evaluate annotation type *bbox*
DONE (t=8.81s).
Accumulating evaluation results...
DONE (t=1.19s).
 Average Precision  (AP) @[ IoU=0.50:0.95 | area=   all | maxDets=100 ] = 0.286
 Average Precision  (AP) @[ IoU=0.50      | area=   all | maxDets=100 ] = 0.397
 Average Precision  (AP) @[ IoU=0.75      | area=   all | maxDets=100 ] = 0.299
 Average Precision  (AP) @[ IoU=0.50:0.95 | area= small | maxDets=100 ] = 0.121
 Average Precision  (AP) @[ IoU=0.50:0.95 | area=medium | maxDets=100 ] = 0.302
 Average Precision  (AP) @[ IoU=0.50:0.95 | area= large | maxDets=100 ] = 0.468
 Average Recall     (AR) @[ IoU=0.50:0.95 | area=   all | maxDets=  1 ] = 0.256
 Average Recall     (AR) @[ IoU=0.50:0.95 | area=   all | maxDets= 10 ] = 0.376
 Average Recall     (AR) @[ IoU=0.50:0.95 | area=   all | maxDets=100 ] = 0.385
 Average Recall     (AR) @[ IoU=0.50:0.95 | area= small | maxDets=100 ] = 0.168
 Average Recall     (AR) @[ IoU=0.50:0.95 | area=medium | maxDets=100 ] = 0.404
 Average Recall     (AR) @[ IoU=0.50:0.95 | area= large | maxDets=100 ] = 0.598

======================================================================
[COCO] clean+ens_blur_tvm_combo (36141 detections)
======================================================================
Loading and preparing results...
DONE (t=0.08s)
creating index...
index created!
Running per image evaluation...
Evaluate annotation type *bbox*
DONE (t=9.91s).
Accumulating evaluation results...
DONE (t=1.30s).
 Average Precision  (AP) @[ IoU=0.50:0.95 | area=   all | maxDets=100 ] = 0.319
 Average Precision  (AP) @[ IoU=0.50      | area=   all | maxDets=100 ] = 0.450
 Average Precision  (AP) @[ IoU=0.75      | area=   all | maxDets=100 ] = 0.334
 Average Precision  (AP) @[ IoU=0.50:0.95 | area= small | maxDets=100 ] = 0.155
 Average Precision  (AP) @[ IoU=0.50:0.95 | area=medium | maxDets=100 ] = 0.345
 Average Precision  (AP) @[ IoU=0.50:0.95 | area= large | maxDets=100 ] = 0.490
 Average Recall     (AR) @[ IoU=0.50:0.95 | area=   all | maxDets=  1 ] = 0.288
 Average Recall     (AR) @[ IoU=0.50:0.95 | area=   all | maxDets= 10 ] = 0.444
 Average Recall     (AR) @[ IoU=0.50:0.95 | area=   all | maxDets=100 ] = 0.462
 Average Recall     (AR) @[ IoU=0.50:0.95 | area= small | maxDets=100 ] = 0.231
 Average Recall     (AR) @[ IoU=0.50:0.95 | area=medium | maxDets=100 ] = 0.497
 Average Recall     (AR) @[ IoU=0.50:0.95 | area= large | maxDets=100 ] = 0.664

======================================================================
[COCO] clean+ens_jpeg_median_gaussian (36057 detections)
======================================================================
Loading and preparing results...
DONE (t=0.64s)
creating index...
index created!
Running per image evaluation...
Evaluate annotation type *bbox*
DONE (t=9.95s).
Accumulating evaluation results...
DONE (t=1.29s).
 Average Precision  (AP) @[ IoU=0.50:0.95 | area=   all | maxDets=100 ] = 0.324
 Average Precision  (AP) @[ IoU=0.50      | area=   all | maxDets=100 ] = 0.454
 Average Precision  (AP) @[ IoU=0.75      | area=   all | maxDets=100 ] = 0.338
 Average Precision  (AP) @[ IoU=0.50:0.95 | area= small | maxDets=100 ] = 0.158
 Average Precision  (AP) @[ IoU=0.50:0.95 | area=medium | maxDets=100 ] = 0.349
 Average Precision  (AP) @[ IoU=0.50:0.95 | area= large | maxDets=100 ] = 0.496
 Average Recall     (AR) @[ IoU=0.50:0.95 | area=   all | maxDets=  1 ] = 0.291
 Average Recall     (AR) @[ IoU=0.50:0.95 | area=   all | maxDets= 10 ] = 0.445
 Average Recall     (AR) @[ IoU=0.50:0.95 | area=   all | maxDets=100 ] = 0.464
 Average Recall     (AR) @[ IoU=0.50:0.95 | area= small | maxDets=100 ] = 0.232
 Average Recall     (AR) @[ IoU=0.50:0.95 | area=medium | maxDets=100 ] = 0.498
 Average Recall     (AR) @[ IoU=0.50:0.95 | area= large | maxDets=100 ] = 0.669

======================================================================
[COCO] clean+ens_jpeg_median_tvm (36105 detections)
======================================================================
Loading and preparing results...
DONE (t=0.08s)
creating index...
index created!
Running per image evaluation...
Evaluate annotation type *bbox*
DONE (t=9.91s).
Accumulating evaluation results...
DONE (t=1.29s).
 Average Precision  (AP) @[ IoU=0.50:0.95 | area=   all | maxDets=100 ] = 0.324
 Average Precision  (AP) @[ IoU=0.50      | area=   all | maxDets=100 ] = 0.455
 Average Precision  (AP) @[ IoU=0.75      | area=   all | maxDets=100 ] = 0.340
 Average Precision  (AP) @[ IoU=0.50:0.95 | area= small | maxDets=100 ] = 0.159
 Average Precision  (AP) @[ IoU=0.50:0.95 | area=medium | maxDets=100 ] = 0.347
 Average Precision  (AP) @[ IoU=0.50:0.95 | area= large | maxDets=100 ] = 0.495
 Average Recall     (AR) @[ IoU=0.50:0.95 | area=   all | maxDets=  1 ] = 0.290
 Average Recall     (AR) @[ IoU=0.50:0.95 | area=   all | maxDets= 10 ] = 0.445
 Average Recall     (AR) @[ IoU=0.50:0.95 | area=   all | maxDets=100 ] = 0.464
 Average Recall     (AR) @[ IoU=0.50:0.95 | area= small | maxDets=100 ] = 0.234
 Average Recall     (AR) @[ IoU=0.50:0.95 | area=medium | maxDets=100 ] = 0.497
 Average Recall     (AR) @[ IoU=0.50:0.95 | area= large | maxDets=100 ] = 0.664

======================================================================
[COCO] clean+ens_4way (36838 detections)
======================================================================
Loading and preparing results...
DONE (t=0.63s)
creating index...
index created!
Running per image evaluation...
Evaluate annotation type *bbox*
DONE (t=10.07s).
Accumulating evaluation results...
DONE (t=1.30s).
 Average Precision  (AP) @[ IoU=0.50:0.95 | area=   all | maxDets=100 ] = 0.321
 Average Precision  (AP) @[ IoU=0.50      | area=   all | maxDets=100 ] = 0.454
 Average Precision  (AP) @[ IoU=0.75      | area=   all | maxDets=100 ] = 0.335
 Average Precision  (AP) @[ IoU=0.50:0.95 | area= small | maxDets=100 ] = 0.158
 Average Precision  (AP) @[ IoU=0.50:0.95 | area=medium | maxDets=100 ] = 0.346
 Average Precision  (AP) @[ IoU=0.50:0.95 | area= large | maxDets=100 ] = 0.489
 Average Recall     (AR) @[ IoU=0.50:0.95 | area=   all | maxDets=  1 ] = 0.289
 Average Recall     (AR) @[ IoU=0.50:0.95 | area=   all | maxDets= 10 ] = 0.447
 Average Recall     (AR) @[ IoU=0.50:0.95 | area=   all | maxDets=100 ] = 0.466
 Average Recall     (AR) @[ IoU=0.50:0.95 | area= small | maxDets=100 ] = 0.235
 Average Recall     (AR) @[ IoU=0.50:0.95 | area=medium | maxDets=100 ] = 0.500
 Average Recall     (AR) @[ IoU=0.50:0.95 | area= large | maxDets=100 ] = 0.668

======================================================================
[COCO] clean+ens_jpeg_tvm_svd (36254 detections)
======================================================================
Loading and preparing results...
DONE (t=0.08s)
creating index...
index created!
Running per image evaluation...
Evaluate annotation type *bbox*
DONE (t=10.67s).
Accumulating evaluation results...
DONE (t=1.29s).
 Average Precision  (AP) @[ IoU=0.50:0.95 | area=   all | maxDets=100 ] = 0.324
 Average Precision  (AP) @[ IoU=0.50      | area=   all | maxDets=100 ] = 0.455
 Average Precision  (AP) @[ IoU=0.75      | area=   all | maxDets=100 ] = 0.341
 Average Precision  (AP) @[ IoU=0.50:0.95 | area= small | maxDets=100 ] = 0.158
 Average Precision  (AP) @[ IoU=0.50:0.95 | area=medium | maxDets=100 ] = 0.348
 Average Precision  (AP) @[ IoU=0.50:0.95 | area= large | maxDets=100 ] = 0.498
 Average Recall     (AR) @[ IoU=0.50:0.95 | area=   all | maxDets=  1 ] = 0.290
 Average Recall     (AR) @[ IoU=0.50:0.95 | area=   all | maxDets= 10 ] = 0.446
 Average Recall     (AR) @[ IoU=0.50:0.95 | area=   all | maxDets=100 ] = 0.464
 Average Recall     (AR) @[ IoU=0.50:0.95 | area= small | maxDets=100 ] = 0.234
 Average Recall     (AR) @[ IoU=0.50:0.95 | area=medium | maxDets=100 ] = 0.495
 Average Recall     (AR) @[ IoU=0.50:0.95 | area= large | maxDets=100 ] = 0.667

======================================================================
[COCO] clean+ens_jpeg_bilateral_tvm (36736 detections)
======================================================================
Loading and preparing results...
DONE (t=0.08s)
creating index...
index created!
Running per image evaluation...
Evaluate annotation type *bbox*
DONE (t=10.21s).
Accumulating evaluation results...
DONE (t=1.30s).
 Average Precision  (AP) @[ IoU=0.50:0.95 | area=   all | maxDets=100 ] = 0.325
 Average Precision  (AP) @[ IoU=0.50      | area=   all | maxDets=100 ] = 0.457
 Average Precision  (AP) @[ IoU=0.75      | area=   all | maxDets=100 ] = 0.342
 Average Precision  (AP) @[ IoU=0.50:0.95 | area= small | maxDets=100 ] = 0.165
 Average Precision  (AP) @[ IoU=0.50:0.95 | area=medium | maxDets=100 ] = 0.350
 Average Precision  (AP) @[ IoU=0.50:0.95 | area= large | maxDets=100 ] = 0.493
 Average Recall     (AR) @[ IoU=0.50:0.95 | area=   all | maxDets=  1 ] = 0.291
 Average Recall     (AR) @[ IoU=0.50:0.95 | area=   all | maxDets= 10 ] = 0.448
 Average Recall     (AR) @[ IoU=0.50:0.95 | area=   all | maxDets=100 ] = 0.467
 Average Recall     (AR) @[ IoU=0.50:0.95 | area= small | maxDets=100 ] = 0.242
 Average Recall     (AR) @[ IoU=0.50:0.95 | area=medium | maxDets=100 ] = 0.499
 Average Recall     (AR) @[ IoU=0.50:0.95 | area= large | maxDets=100 ] = 0.664

======================================================================
[COCO] clean+ens_bilateral_median (36704 detections)
======================================================================
Loading and preparing results...
DONE (t=0.09s)
creating index...
index created!
Running per image evaluation...
Evaluate annotation type *bbox*
DONE (t=10.21s).
Accumulating evaluation results...
DONE (t=1.31s).
 Average Precision  (AP) @[ IoU=0.50:0.95 | area=   all | maxDets=100 ] = 0.326
 Average Precision  (AP) @[ IoU=0.50      | area=   all | maxDets=100 ] = 0.458
 Average Precision  (AP) @[ IoU=0.75      | area=   all | maxDets=100 ] = 0.343
 Average Precision  (AP) @[ IoU=0.50:0.95 | area= small | maxDets=100 ] = 0.162
 Average Precision  (AP) @[ IoU=0.50:0.95 | area=medium | maxDets=100 ] = 0.347
 Average Precision  (AP) @[ IoU=0.50:0.95 | area= large | maxDets=100 ] = 0.496
 Average Recall     (AR) @[ IoU=0.50:0.95 | area=   all | maxDets=  1 ] = 0.291
 Average Recall     (AR) @[ IoU=0.50:0.95 | area=   all | maxDets= 10 ] = 0.447
 Average Recall     (AR) @[ IoU=0.50:0.95 | area=   all | maxDets=100 ] = 0.468
 Average Recall     (AR) @[ IoU=0.50:0.95 | area= small | maxDets=100 ] = 0.242
 Average Recall     (AR) @[ IoU=0.50:0.95 | area=medium | maxDets=100 ] = 0.497
 Average Recall     (AR) @[ IoU=0.50:0.95 | area= large | maxDets=100 ] = 0.664

======================================================================
[COCO] pgd_eps0.03+ens_blur_tvm_combo (33748 detections)
======================================================================
Loading and preparing results...
DONE (t=0.08s)
creating index...
index created!
Running per image evaluation...
Evaluate annotation type *bbox*
DONE (t=9.56s).
Accumulating evaluation results...
DONE (t=1.27s).
 Average Precision  (AP) @[ IoU=0.50:0.95 | area=   all | maxDets=100 ] = 0.295
 Average Precision  (AP) @[ IoU=0.50      | area=   all | maxDets=100 ] = 0.423
 Average Precision  (AP) @[ IoU=0.75      | area=   all | maxDets=100 ] = 0.307
 Average Precision  (AP) @[ IoU=0.50:0.95 | area= small | maxDets=100 ] = 0.128
 Average Precision  (AP) @[ IoU=0.50:0.95 | area=medium | maxDets=100 ] = 0.320
 Average Precision  (AP) @[ IoU=0.50:0.95 | area= large | maxDets=100 ] = 0.468
 Average Recall     (AR) @[ IoU=0.50:0.95 | area=   all | maxDets=  1 ] = 0.270
 Average Recall     (AR) @[ IoU=0.50:0.95 | area=   all | maxDets= 10 ] = 0.413
 Average Recall     (AR) @[ IoU=0.50:0.95 | area=   all | maxDets=100 ] = 0.429
 Average Recall     (AR) @[ IoU=0.50:0.95 | area= small | maxDets=100 ] = 0.191
 Average Recall     (AR) @[ IoU=0.50:0.95 | area=medium | maxDets=100 ] = 0.462
 Average Recall     (AR) @[ IoU=0.50:0.95 | area= large | maxDets=100 ] = 0.639

======================================================================
[COCO] pgd_eps0.03+ens_jpeg_median_gaussian (33642 detections)
======================================================================
Loading and preparing results...
DONE (t=0.08s)
creating index...
index created!
Running per image evaluation...
Evaluate annotation type *bbox*
DONE (t=10.35s).
Accumulating evaluation results...
DONE (t=1.26s).
 Average Precision  (AP) @[ IoU=0.50:0.95 | area=   all | maxDets=100 ] = 0.296
 Average Precision  (AP) @[ IoU=0.50      | area=   all | maxDets=100 ] = 0.423
 Average Precision  (AP) @[ IoU=0.75      | area=   all | maxDets=100 ] = 0.307
 Average Precision  (AP) @[ IoU=0.50:0.95 | area= small | maxDets=100 ] = 0.130
 Average Precision  (AP) @[ IoU=0.50:0.95 | area=medium | maxDets=100 ] = 0.321
 Average Precision  (AP) @[ IoU=0.50:0.95 | area= large | maxDets=100 ] = 0.465
 Average Recall     (AR) @[ IoU=0.50:0.95 | area=   all | maxDets=  1 ] = 0.270
 Average Recall     (AR) @[ IoU=0.50:0.95 | area=   all | maxDets= 10 ] = 0.412
 Average Recall     (AR) @[ IoU=0.50:0.95 | area=   all | maxDets=100 ] = 0.429
 Average Recall     (AR) @[ IoU=0.50:0.95 | area= small | maxDets=100 ] = 0.192
 Average Recall     (AR) @[ IoU=0.50:0.95 | area=medium | maxDets=100 ] = 0.462
 Average Recall     (AR) @[ IoU=0.50:0.95 | area= large | maxDets=100 ] = 0.634

======================================================================
[COCO] pgd_eps0.03+ens_jpeg_median_tvm (33541 detections)
======================================================================
Loading and preparing results...
DONE (t=0.08s)
creating index...
index created!
Running per image evaluation...
Evaluate annotation type *bbox*
DONE (t=9.69s).
Accumulating evaluation results...
DONE (t=1.27s).
 Average Precision  (AP) @[ IoU=0.50:0.95 | area=   all | maxDets=100 ] = 0.296
 Average Precision  (AP) @[ IoU=0.50      | area=   all | maxDets=100 ] = 0.423
 Average Precision  (AP) @[ IoU=0.75      | area=   all | maxDets=100 ] = 0.307
 Average Precision  (AP) @[ IoU=0.50:0.95 | area= small | maxDets=100 ] = 0.130
 Average Precision  (AP) @[ IoU=0.50:0.95 | area=medium | maxDets=100 ] = 0.320
 Average Precision  (AP) @[ IoU=0.50:0.95 | area= large | maxDets=100 ] = 0.464
 Average Recall     (AR) @[ IoU=0.50:0.95 | area=   all | maxDets=  1 ] = 0.269
 Average Recall     (AR) @[ IoU=0.50:0.95 | area=   all | maxDets= 10 ] = 0.410
 Average Recall     (AR) @[ IoU=0.50:0.95 | area=   all | maxDets=100 ] = 0.426
 Average Recall     (AR) @[ IoU=0.50:0.95 | area= small | maxDets=100 ] = 0.191
 Average Recall     (AR) @[ IoU=0.50:0.95 | area=medium | maxDets=100 ] = 0.458
 Average Recall     (AR) @[ IoU=0.50:0.95 | area= large | maxDets=100 ] = 0.631

======================================================================
[COCO] pgd_eps0.03+ens_4way (34338 detections)
======================================================================
Loading and preparing results...
DONE (t=0.08s)
creating index...
index created!
Running per image evaluation...
Evaluate annotation type *bbox*
DONE (t=9.70s).
Accumulating evaluation results...
DONE (t=1.27s).
 Average Precision  (AP) @[ IoU=0.50:0.95 | area=   all | maxDets=100 ] = 0.293
 Average Precision  (AP) @[ IoU=0.50      | area=   all | maxDets=100 ] = 0.421
 Average Precision  (AP) @[ IoU=0.75      | area=   all | maxDets=100 ] = 0.303
 Average Precision  (AP) @[ IoU=0.50:0.95 | area= small | maxDets=100 ] = 0.130
 Average Precision  (AP) @[ IoU=0.50:0.95 | area=medium | maxDets=100 ] = 0.318
 Average Precision  (AP) @[ IoU=0.50:0.95 | area= large | maxDets=100 ] = 0.457
 Average Recall     (AR) @[ IoU=0.50:0.95 | area=   all | maxDets=  1 ] = 0.268
 Average Recall     (AR) @[ IoU=0.50:0.95 | area=   all | maxDets= 10 ] = 0.412
 Average Recall     (AR) @[ IoU=0.50:0.95 | area=   all | maxDets=100 ] = 0.429
 Average Recall     (AR) @[ IoU=0.50:0.95 | area= small | maxDets=100 ] = 0.193
 Average Recall     (AR) @[ IoU=0.50:0.95 | area=medium | maxDets=100 ] = 0.461
 Average Recall     (AR) @[ IoU=0.50:0.95 | area= large | maxDets=100 ] = 0.635

======================================================================
[COCO] pgd_eps0.03+ens_jpeg_tvm_svd (33734 detections)
======================================================================
Loading and preparing results...
DONE (t=0.08s)
creating index...
index created!
Running per image evaluation...
Evaluate annotation type *bbox*
DONE (t=9.55s).
Accumulating evaluation results...
DONE (t=1.26s).
 Average Precision  (AP) @[ IoU=0.50:0.95 | area=   all | maxDets=100 ] = 0.274
 Average Precision  (AP) @[ IoU=0.50      | area=   all | maxDets=100 ] = 0.401
 Average Precision  (AP) @[ IoU=0.75      | area=   all | maxDets=100 ] = 0.285
 Average Precision  (AP) @[ IoU=0.50:0.95 | area= small | maxDets=100 ] = 0.114
 Average Precision  (AP) @[ IoU=0.50:0.95 | area=medium | maxDets=100 ] = 0.299
 Average Precision  (AP) @[ IoU=0.50:0.95 | area= large | maxDets=100 ] = 0.440
 Average Recall     (AR) @[ IoU=0.50:0.95 | area=   all | maxDets=  1 ] = 0.255
 Average Recall     (AR) @[ IoU=0.50:0.95 | area=   all | maxDets= 10 ] = 0.389
 Average Recall     (AR) @[ IoU=0.50:0.95 | area=   all | maxDets=100 ] = 0.404
 Average Recall     (AR) @[ IoU=0.50:0.95 | area= small | maxDets=100 ] = 0.170
 Average Recall     (AR) @[ IoU=0.50:0.95 | area=medium | maxDets=100 ] = 0.435
 Average Recall     (AR) @[ IoU=0.50:0.95 | area= large | maxDets=100 ] = 0.615

======================================================================
[COCO] pgd_eps0.03+ens_jpeg_bilateral_tvm (34445 detections)
======================================================================
Loading and preparing results...
DONE (t=0.08s)
creating index...
index created!
Running per image evaluation...
Evaluate annotation type *bbox*
DONE (t=10.34s).
Accumulating evaluation results...
DONE (t=1.27s).
 Average Precision  (AP) @[ IoU=0.50:0.95 | area=   all | maxDets=100 ] = 0.295
 Average Precision  (AP) @[ IoU=0.50      | area=   all | maxDets=100 ] = 0.422
 Average Precision  (AP) @[ IoU=0.75      | area=   all | maxDets=100 ] = 0.307
 Average Precision  (AP) @[ IoU=0.50:0.95 | area= small | maxDets=100 ] = 0.126
 Average Precision  (AP) @[ IoU=0.50:0.95 | area=medium | maxDets=100 ] = 0.318
 Average Precision  (AP) @[ IoU=0.50:0.95 | area= large | maxDets=100 ] = 0.469
 Average Recall     (AR) @[ IoU=0.50:0.95 | area=   all | maxDets=  1 ] = 0.272
 Average Recall     (AR) @[ IoU=0.50:0.95 | area=   all | maxDets= 10 ] = 0.412
 Average Recall     (AR) @[ IoU=0.50:0.95 | area=   all | maxDets=100 ] = 0.428
 Average Recall     (AR) @[ IoU=0.50:0.95 | area= small | maxDets=100 ] = 0.192
 Average Recall     (AR) @[ IoU=0.50:0.95 | area=medium | maxDets=100 ] = 0.458
 Average Recall     (AR) @[ IoU=0.50:0.95 | area= large | maxDets=100 ] = 0.636

======================================================================
[COCO] pgd_eps0.03+ens_bilateral_median (33680 detections)
======================================================================
Loading and preparing results...
DONE (t=0.08s)
creating index...
index created!
Running per image evaluation...
Evaluate annotation type *bbox*
DONE (t=9.64s).
Accumulating evaluation results...
DONE (t=1.26s).
 Average Precision  (AP) @[ IoU=0.50:0.95 | area=   all | maxDets=100 ] = 0.294
 Average Precision  (AP) @[ IoU=0.50      | area=   all | maxDets=100 ] = 0.422
 Average Precision  (AP) @[ IoU=0.75      | area=   all | maxDets=100 ] = 0.304
 Average Precision  (AP) @[ IoU=0.50:0.95 | area= small | maxDets=100 ] = 0.131
 Average Precision  (AP) @[ IoU=0.50:0.95 | area=medium | maxDets=100 ] = 0.314
 Average Precision  (AP) @[ IoU=0.50:0.95 | area= large | maxDets=100 ] = 0.465
 Average Recall     (AR) @[ IoU=0.50:0.95 | area=   all | maxDets=  1 ] = 0.267
 Average Recall     (AR) @[ IoU=0.50:0.95 | area=   all | maxDets= 10 ] = 0.408
 Average Recall     (AR) @[ IoU=0.50:0.95 | area=   all | maxDets=100 ] = 0.424
 Average Recall     (AR) @[ IoU=0.50:0.95 | area= small | maxDets=100 ] = 0.196
 Average Recall     (AR) @[ IoU=0.50:0.95 | area=medium | maxDets=100 ] = 0.452
 Average Recall     (AR) @[ IoU=0.50:0.95 | area= large | maxDets=100 ] = 0.628
====================================================================================================
                          ATTACKED vs RECOVERED — pgd_eps0.03 (FLORENCE-2)                          
====================================================================================================
  Clean baseline   : 0.3300
  Attacked         : 0.2005
  Attack damage    : +0.1295

----------------------------------------------------------------------------------------------------
  Rank  Defense                      Kind        Attacked  Recovered     Δ mAP    Rec%    Verdict
----------------------------------------------------------------------------------------------------
  1     ens_jpeg_median_tvm          ENSEMBLE      0.2005     0.2961   +0.0955  +73.8%   RECOVERS
  2     ens_jpeg_median_gaussian     ENSEMBLE      0.2005     0.2957   +0.0952  +73.6%   RECOVERS
  3     bilateral                    solo          0.2005     0.2956   +0.0951  +73.5%   RECOVERS
  4     ens_blur_tvm_combo           ENSEMBLE      0.2005     0.2955   +0.0949  +73.3%   RECOVERS
  5     ens_jpeg_bilateral_tvm       ENSEMBLE      0.2005     0.2953   +0.0948  +73.3%   RECOVERS
  6     ens_bilateral_median         ENSEMBLE      0.2005     0.2938   +0.0933  +72.1%   RECOVERS
  7     jpeg                         solo          0.2005     0.2937   +0.0932  +72.0%   RECOVERS
  8     ens_4way                     ENSEMBLE      0.2005     0.2927   +0.0922  +71.2%   RECOVERS
  9     median                       solo          0.2005     0.2881   +0.0876  +67.7%   RECOVERS
  10    anisotropic                  solo          0.2005     0.2856   +0.0851  +65.7%   RECOVERS
  11    ens_jpeg_tvm_svd             ENSEMBLE      0.2005     0.2745   +0.0740  +57.2%   RECOVERS
  12    gaussian                     solo          0.2005     0.2625   +0.0620  +47.9%   RECOVERS
  13    dithering                    solo          0.2005     0.2529   +0.0524  +40.5%   RECOVERS
  14    blur_tvm                     solo          0.2005     0.2457   +0.0452  +34.9%   RECOVERS
  15    tvm                          solo          0.2005     0.2410   +0.0405  +31.3%   RECOVERS
  16    bit_depth                    solo          0.2005     0.2191   +0.0186  +14.3%   RECOVERS
  17    nlm                          solo          0.2005     0.2058   +0.0053   +4.1%   RECOVERS
  18    svd                          solo          0.2005     0.1990   -0.0015   -1.2%    neutral
  19    random_resize                solo          0.2005     0.1329   -0.0676  -52.2%      HURTS
----------------------------------------------------------------------------------------------------
[pgd] wrote /u/student/2024/cs24mtech11024/Adversarial_Attack_Defence_Paper/results_survey_florence_detection_pgd/summary_pgd.json
======================================================================
                           Survey complete                            
======================================================================
