[16:37:01] [WARN] Expected conda env 'vlm_ftune', current env is 'base'.
[16:37:01] Starting robust Patch-Attack OCR recovery run
[16:37:01] Image dir: dataset/val2017
[16:37:01] Images requested: 10
[16:37:01] Device: cpu, dtype: torch.float32
[16:37:01] Model: microsoft/Florence-2-base @ refs/pr/26
[16:37:01] Patch params: size=35, iters=100, lr=0.02, random_location=True
[16:37:49] Starting robust Patch-Attack OCR recovery run
[16:37:49] Image dir: dataset/val2017
[16:37:49] Images requested: 10
[16:37:49] Device: cuda:0, dtype: torch.float16
[16:37:49] Model: microsoft/Florence-2-base @ refs/pr/26
[16:37:49] Patch params: size=35, iters=100, lr=0.02, random_location=True
[16:38:41] Pending images this run: 10
[16:40:01] Progress 10/10 this run | total_done=10 | attacked_avg=0.4459 | elapsed=1.3 min
[16:40:01] Saved summary: results_patch_florence2_ocr_robust/summary.json
[16:40:01] Saved state: results_patch_florence2_ocr_robust/state.json
[16:40:01] Saved failed-image log: results_patch_florence2_ocr_robust/failed_images.json
[16:49:26] Starting robust Patch-Attack OCR recovery run
[16:49:26] Image dir: dataset/val2017
[16:49:26] Images requested: 1000
[16:49:26] Device: cuda:0, dtype: torch.float16
[16:49:26] Model: microsoft/Florence-2-base @ refs/pr/26
[16:49:26] Patch params: size=35, iters=100, lr=0.02, random_location=True
[16:50:20] Resuming with 10 already processed images.
[16:50:20] Pending images this run: 990
[16:52:18] Progress 10/990 this run | total_done=20 | attacked_avg=0.3505 | elapsed=2.0 min
[16:54:12] Progress 20/990 this run | total_done=30 | attacked_avg=0.2714 | elapsed=3.9 min
[16:56:07] Progress 30/990 this run | total_done=40 | attacked_avg=0.3004 | elapsed=5.8 min
[16:58:03] Progress 40/990 this run | total_done=50 | attacked_avg=0.3251 | elapsed=7.7 min
[16:59:58] Progress 50/990 this run | total_done=60 | attacked_avg=0.3420 | elapsed=9.6 min
[17:01:52] Progress 60/990 this run | total_done=70 | attacked_avg=0.3693 | elapsed=11.5 min
[17:03:45] Progress 70/990 this run | total_done=80 | attacked_avg=0.3686 | elapsed=13.4 min
[17:05:50] Progress 80/990 this run | total_done=90 | attacked_avg=0.3516 | elapsed=15.5 min
[17:07:47] Progress 90/990 this run | total_done=100 | attacked_avg=0.3371 | elapsed=17.5 min
[17:09:47] Progress 100/990 this run | total_done=110 | attacked_avg=0.3286 | elapsed=19.4 min
[17:11:47] Progress 110/990 this run | total_done=120 | attacked_avg=0.3443 | elapsed=21.5 min
[17:13:38] Progress 120/990 this run | total_done=130 | attacked_avg=0.3651 | elapsed=23.3 min
[17:15:33] Progress 130/990 this run | total_done=140 | attacked_avg=0.3533 | elapsed=25.2 min
[17:17:29] Progress 140/990 this run | total_done=150 | attacked_avg=0.3443 | elapsed=27.2 min
[17:19:24] Progress 150/990 this run | total_done=160 | attacked_avg=0.3390 | elapsed=29.1 min
[17:21:21] Progress 160/990 this run | total_done=170 | attacked_avg=0.3335 | elapsed=31.0 min
[17:23:22] Progress 170/990 this run | total_done=180 | attacked_avg=0.3400 | elapsed=33.0 min
[17:25:16] Progress 180/990 this run | total_done=190 | attacked_avg=0.3374 | elapsed=34.9 min
[17:27:11] Progress 190/990 this run | total_done=200 | attacked_avg=0.3327 | elapsed=36.8 min
[17:29:06] Progress 200/990 this run | total_done=210 | attacked_avg=0.3311 | elapsed=38.8 min
[17:31:02] Progress 210/990 this run | total_done=220 | attacked_avg=0.3219 | elapsed=40.7 min
[17:32:45] Progress 220/990 this run | total_done=230 | attacked_avg=0.3146 | elapsed=42.4 min
[17:34:27] Progress 230/990 this run | total_done=240 | attacked_avg=0.3077 | elapsed=44.1 min
[17:36:10] Progress 240/990 this run | total_done=250 | attacked_avg=0.3139 | elapsed=45.8 min
[17:37:48] Progress 250/990 this run | total_done=260 | attacked_avg=0.3209 | elapsed=47.5 min
[17:39:29] Progress 260/990 this run | total_done=270 | attacked_avg=0.3206 | elapsed=49.2 min
[17:41:14] Progress 270/990 this run | total_done=280 | attacked_avg=0.3238 | elapsed=50.9 min
[17:42:57] Progress 280/990 this run | total_done=290 | attacked_avg=0.3363 | elapsed=52.6 min
[17:44:19] Progress 290/990 this run | total_done=300 | attacked_avg=0.3336 | elapsed=54.0 min
[17:45:36] Progress 300/990 this run | total_done=310 | attacked_avg=0.3419 | elapsed=55.3 min
[17:46:53] Progress 310/990 this run | total_done=320 | attacked_avg=0.3473 | elapsed=56.6 min
[17:48:10] Progress 320/990 this run | total_done=330 | attacked_avg=0.3532 | elapsed=57.8 min
[17:49:27] Progress 330/990 this run | total_done=340 | attacked_avg=0.3547 | elapsed=59.1 min
[17:50:44] Progress 340/990 this run | total_done=350 | attacked_avg=0.3560 | elapsed=60.4 min
[17:52:01] Progress 350/990 this run | total_done=360 | attacked_avg=0.3565 | elapsed=61.7 min
[17:53:21] Progress 360/990 this run | total_done=370 | attacked_avg=0.3626 | elapsed=63.0 min
[17:54:39] Progress 370/990 this run | total_done=380 | attacked_avg=0.3673 | elapsed=64.3 min
[17:55:54] Progress 380/990 this run | total_done=390 | attacked_avg=0.3682 | elapsed=65.6 min
[17:57:10] Progress 390/990 this run | total_done=400 | attacked_avg=0.3665 | elapsed=66.8 min
[17:58:26] Progress 400/990 this run | total_done=410 | attacked_avg=0.3682 | elapsed=68.1 min
[17:59:45] Progress 410/990 this run | total_done=420 | attacked_avg=0.3634 | elapsed=69.4 min
[18:01:00] Progress 420/990 this run | total_done=430 | attacked_avg=0.3572 | elapsed=70.7 min
[18:02:25] Progress 430/990 this run | total_done=440 | attacked_avg=0.3599 | elapsed=72.1 min
[18:03:44] Progress 440/990 this run | total_done=450 | attacked_avg=0.3575 | elapsed=73.4 min
[18:05:00] Progress 450/990 this run | total_done=460 | attacked_avg=0.3545 | elapsed=74.7 min
[18:06:18] Progress 460/990 this run | total_done=470 | attacked_avg=0.3560 | elapsed=76.0 min
[18:07:35] Progress 470/990 this run | total_done=480 | attacked_avg=0.3547 | elapsed=77.3 min
[18:08:52] Progress 480/990 this run | total_done=490 | attacked_avg=0.3538 | elapsed=78.5 min
[18:10:07] Progress 490/990 this run | total_done=500 | attacked_avg=0.3514 | elapsed=79.8 min
[18:11:23] Progress 500/990 this run | total_done=510 | attacked_avg=0.3574 | elapsed=81.1 min
[18:12:40] Progress 510/990 this run | total_done=520 | attacked_avg=0.3582 | elapsed=82.3 min
[18:13:59] Progress 520/990 this run | total_done=530 | attacked_avg=0.3601 | elapsed=83.7 min
[18:15:14] Progress 530/990 this run | total_done=540 | attacked_avg=0.3615 | elapsed=84.9 min
[18:16:31] Progress 540/990 this run | total_done=550 | attacked_avg=0.3574 | elapsed=86.2 min
[18:17:47] Progress 550/990 this run | total_done=560 | attacked_avg=0.3566 | elapsed=87.5 min
[18:19:02] Progress 560/990 this run | total_done=570 | attacked_avg=0.3567 | elapsed=88.7 min
[18:20:17] Progress 570/990 this run | total_done=580 | attacked_avg=0.3588 | elapsed=90.0 min
[18:21:35] Progress 580/990 this run | total_done=590 | attacked_avg=0.3580 | elapsed=91.3 min
[18:22:50] Progress 590/990 this run | total_done=600 | attacked_avg=0.3613 | elapsed=92.5 min
[18:24:07] Progress 600/990 this run | total_done=610 | attacked_avg=0.3585 | elapsed=93.8 min
[18:25:23] Progress 610/990 this run | total_done=620 | attacked_avg=0.3601 | elapsed=95.1 min
[18:26:42] Progress 620/990 this run | total_done=630 | attacked_avg=0.3624 | elapsed=96.4 min
[18:27:59] Progress 630/990 this run | total_done=640 | attacked_avg=0.3631 | elapsed=97.7 min
[18:29:20] Progress 640/990 this run | total_done=650 | attacked_avg=0.3666 | elapsed=99.0 min
[18:30:39] Progress 650/990 this run | total_done=660 | attacked_avg=0.3700 | elapsed=100.3 min
[18:31:56] Progress 660/990 this run | total_done=670 | attacked_avg=0.3686 | elapsed=101.6 min
[18:33:16] Progress 670/990 this run | total_done=680 | attacked_avg=0.3668 | elapsed=102.9 min
[18:34:34] Progress 680/990 this run | total_done=690 | attacked_avg=0.3687 | elapsed=104.2 min
[18:35:51] Progress 690/990 this run | total_done=700 | attacked_avg=0.3690 | elapsed=105.5 min
[18:37:09] Progress 700/990 this run | total_done=710 | attacked_avg=0.3712 | elapsed=106.8 min
[18:38:28] Progress 710/990 this run | total_done=720 | attacked_avg=0.3700 | elapsed=108.1 min
[18:39:46] Progress 720/990 this run | total_done=730 | attacked_avg=0.3706 | elapsed=109.4 min
[18:41:05] Progress 730/990 this run | total_done=740 | attacked_avg=0.3699 | elapsed=110.7 min
[18:42:21] Progress 740/990 this run | total_done=750 | attacked_avg=0.3703 | elapsed=112.0 min
[18:43:40] Progress 750/990 this run | total_done=760 | attacked_avg=0.3721 | elapsed=113.3 min
[18:44:56] Progress 760/990 this run | total_done=770 | attacked_avg=0.3731 | elapsed=114.6 min
[18:46:16] Progress 770/990 this run | total_done=780 | attacked_avg=0.3711 | elapsed=115.9 min
[18:47:32] Progress 780/990 this run | total_done=790 | attacked_avg=0.3704 | elapsed=117.2 min
[18:48:50] Progress 790/990 this run | total_done=800 | attacked_avg=0.3732 | elapsed=118.5 min
[18:50:09] Progress 800/990 this run | total_done=810 | attacked_avg=0.3720 | elapsed=119.8 min
[18:51:27] Progress 810/990 this run | total_done=820 | attacked_avg=0.3723 | elapsed=121.1 min
[18:52:43] Progress 820/990 this run | total_done=830 | attacked_avg=0.3713 | elapsed=122.4 min
[18:54:01] Progress 830/990 this run | total_done=840 | attacked_avg=0.3739 | elapsed=123.7 min
[18:55:16] Progress 840/990 this run | total_done=850 | attacked_avg=0.3742 | elapsed=124.9 min
[18:56:36] Progress 850/990 this run | total_done=860 | attacked_avg=0.3752 | elapsed=126.3 min
[18:57:52] Progress 860/990 this run | total_done=870 | attacked_avg=0.3789 | elapsed=127.5 min
[18:59:10] Progress 870/990 this run | total_done=880 | attacked_avg=0.3781 | elapsed=128.8 min
[19:00:26] Progress 880/990 this run | total_done=890 | attacked_avg=0.3776 | elapsed=130.1 min
[19:01:42] Progress 890/990 this run | total_done=900 | attacked_avg=0.3783 | elapsed=131.4 min
[19:03:00] Progress 900/990 this run | total_done=910 | attacked_avg=0.3770 | elapsed=132.7 min
[19:04:16] Progress 910/990 this run | total_done=920 | attacked_avg=0.3773 | elapsed=133.9 min
[19:05:31] Progress 920/990 this run | total_done=930 | attacked_avg=0.3757 | elapsed=135.2 min
[19:06:51] Progress 930/990 this run | total_done=940 | attacked_avg=0.3760 | elapsed=136.5 min
[19:08:07] Progress 940/990 this run | total_done=950 | attacked_avg=0.3767 | elapsed=137.8 min
[19:09:22] Progress 950/990 this run | total_done=960 | attacked_avg=0.3736 | elapsed=139.0 min
[19:10:38] Progress 960/990 this run | total_done=970 | attacked_avg=0.3725 | elapsed=140.3 min
[19:11:52] Progress 970/990 this run | total_done=980 | attacked_avg=0.3705 | elapsed=141.5 min
[19:13:08] Progress 980/990 this run | total_done=990 | attacked_avg=0.3683 | elapsed=142.8 min
[19:14:23] Progress 990/990 this run | total_done=1000 | attacked_avg=0.3675 | elapsed=144.1 min
[19:14:23] Saved summary: results_patch_florence2_ocr_robust/summary.json
[19:14:23] Saved state: results_patch_florence2_ocr_robust/state.json
[19:14:23] Saved failed-image log: results_patch_florence2_ocr_robust/failed_images.json
